2026-08-27 21:28:12,972 file.manager INFO 2.0.2
2026-08-27 21:28:12,972 file.manager INFO Copyright (C) 2003-2024, Noriaki Ando and OpenRTM development team,
2026-08-27 21:28:12,972 file.manager INFO   Intelligent Systems Research Institute, AIST,
2026-08-27 21:28:12,972 file.manager INFO Copyright (C) 2024, Noriaki Ando and OpenRTM development team,
2026-08-27 21:28:12,972 file.manager INFO   Industrial Cyber-Physical Research Center, AIST,
2026-08-27 21:28:12,972 file.manager INFO   All right reserved.
2026-08-27 21:28:12,972 file.manager INFO Manager starting.
2026-08-27 21:28:12,972 file.manager INFO Starting local logging.
2026-08-27 21:28:13,016 file.manager.namingmanager INFO NameServer connection succeeded: corba/localhost
2026-08-27 21:28:17,101 file.ManagerServant INFO Master manager not found
2026-08-27 21:28:17,103 file.LocalServiceAdmin INFO All the local services are enabled.
2026-08-27 21:28:17,111 file.manager INFO Component type conf file: Startup_Generation_Before.conf loaded.
2026-08-27 21:28:17,120 file.ec_base INFO setRate(1000000.000000) done
2026-08-27 21:28:17,121 file.ec_base INFO setRate(1000.000000) done
2026-08-27 21:28:17,122 file.rtobject INFO 1 execution context was created.
2026-08-27 21:28:17,133 file.rtobject INFO Initial active configuration set is default.
2026-08-27 21:28:31,219 file.ManagerServant INFO Master manager not found
2026-08-27 21:28:41,349 file.ManagerServant INFO Master manager not found
2026-08-27 21:28:51,366 file.ManagerServant INFO Master manager not found
2026-08-27 21:29:01,358 file.ManagerServant INFO Master manager not found
2026-08-27 21:29:11,420 file.ManagerServant INFO Master manager not found
2026-08-27 21:29:21,472 file.ManagerServant INFO Master manager not found
2026-08-27 21:29:31,510 file.ManagerServant INFO Master manager not found
2026-08-27 21:29:41,365 file.SdoServiceAdmin WARNING No available SDO service in the factory: 
2026-08-27 21:29:41,366 file.SdoServiceAdmin ERROR type  not exists.
2026-08-27 21:29:41,557 file.ManagerServant INFO Master manager not found
2026-08-27 21:29:51,576 file.ManagerServant INFO Master manager not found
2026-08-27 21:29:59,429 file.SdoServiceAdmin WARNING No available SDO service in the factory: 
2026-08-27 21:29:59,429 file.SdoServiceAdmin ERROR type  not exists.
2026-08-27 21:30:01,589 file.ManagerServant INFO Master manager not found
2026-08-27 21:30:11,634 file.ManagerServant INFO Master manager not found
2026-08-27 21:30:21,677 file.ManagerServant INFO Master manager not found
2026-08-27 21:30:31,727 file.ManagerServant INFO Master manager not found
2026-08-27 21:30:42,286 file.ManagerServant INFO Master manager not found
2026-08-27 21:30:43,748 file.SdoServiceAdmin WARNING No available SDO service in the factory: 
2026-08-27 21:30:43,748 file.SdoServiceAdmin ERROR type  not exists.
