2026-08-27 21:31:38,695 file.manager INFO 2.0.2
2026-08-27 21:31:38,695 file.manager INFO Copyright (C) 2003-2024, Noriaki Ando and OpenRTM development team,
2026-08-27 21:31:38,695 file.manager INFO   Intelligent Systems Research Institute, AIST,
2026-08-27 21:31:38,695 file.manager INFO Copyright (C) 2024, Noriaki Ando and OpenRTM development team,
2026-08-27 21:31:38,695 file.manager INFO   Industrial Cyber-Physical Research Center, AIST,
2026-08-27 21:31:38,695 file.manager INFO   All right reserved.
2026-08-27 21:31:38,695 file.manager INFO Manager starting.
2026-08-27 21:31:38,695 file.manager INFO Starting local logging.
2026-08-27 21:31:38,747 file.manager.namingmanager INFO NameServer connection succeeded: corba/localhost
2026-08-27 21:31:42,832 file.ManagerServant INFO Master manager not found
2026-08-27 21:31:42,835 file.LocalServiceAdmin INFO All the local services are enabled.
2026-08-27 21:31:42,846 file.manager INFO Component type conf file: Startup_Generation_Before.conf loaded.
2026-08-27 21:31:42,846 file.ec_base INFO setRate(1000000.000000) done
2026-08-27 21:31:42,846 file.ec_base INFO setRate(1000.000000) done
2026-08-27 21:31:42,852 file.rtobject INFO 1 execution context was created.
2026-08-27 21:31:42,852 file.rtobject INFO Initial active configuration set is default.
2026-08-27 21:31:56,987 file.ManagerServant INFO Master manager not found
2026-08-27 21:32:07,050 file.ManagerServant INFO Master manager not found
2026-08-27 21:32:17,127 file.ManagerServant INFO Master manager not found
2026-08-27 21:32:27,192 file.ManagerServant INFO Master manager not found
2026-08-27 21:32:34,573 file.SdoServiceAdmin WARNING No available SDO service in the factory: 
2026-08-27 21:32:34,574 file.SdoServiceAdmin ERROR type  not exists.
2026-08-27 21:32:37,277 file.ManagerServant INFO Master manager not found
2026-08-27 21:32:47,369 file.ManagerServant INFO Master manager not found
2026-08-27 21:32:57,487 file.ManagerServant INFO Master manager not found
2026-08-27 21:33:07,526 file.ManagerServant INFO Master manager not found
2026-08-27 21:33:17,504 file.ManagerServant INFO Master manager not found
2026-08-27 21:33:27,601 file.ManagerServant INFO Master manager not found
2026-08-27 21:33:37,694 file.ManagerServant INFO Master manager not found
2026-08-27 21:33:47,795 file.ManagerServant INFO Master manager not found
2026-08-27 21:33:57,839 file.ManagerServant INFO Master manager not found
2026-08-27 21:34:07,860 file.ManagerServant INFO Master manager not found
2026-08-27 21:34:17,986 file.ManagerServant INFO Master manager not found
2026-08-27 21:34:28,011 file.ManagerServant INFO Master manager not found
2026-08-27 21:34:38,013 file.ManagerServant INFO Master manager not found
2026-08-27 21:34:48,129 file.ManagerServant INFO Master manager not found
2026-08-27 21:34:58,112 file.ManagerServant INFO Master manager not found
2026-08-27 21:35:08,124 file.ManagerServant INFO Master manager not found
2026-08-27 21:35:18,209 file.ManagerServant INFO Master manager not found
2026-08-27 21:35:28,321 file.ManagerServant INFO Master manager not found
2026-08-27 21:35:38,320 file.ManagerServant INFO Master manager not found
2026-08-27 21:35:48,413 file.ManagerServant INFO Master manager not found
