2026-08-26 15:08:15,241 file.manager INFO 2.0.2
2026-08-26 15:08:15,241 file.manager INFO Copyright (C) 2003-2024, Noriaki Ando and OpenRTM development team,
2026-08-26 15:08:15,241 file.manager INFO   Intelligent Systems Research Institute, AIST,
2026-08-26 15:08:15,241 file.manager INFO Copyright (C) 2024, Noriaki Ando and OpenRTM development team,
2026-08-26 15:08:15,241 file.manager INFO   Industrial Cyber-Physical Research Center, AIST,
2026-08-26 15:08:15,241 file.manager INFO   All right reserved.
2026-08-26 15:08:15,241 file.manager INFO Manager starting.
2026-08-26 15:08:15,241 file.manager INFO Starting local logging.
2026-08-26 15:08:15,249 file.manager.namingmanager INFO NameServer connection succeeded: corba/localhost
2026-08-26 15:08:19,394 file.ManagerServant INFO Master manager not found
2026-08-26 15:08:19,396 file.LocalServiceAdmin INFO All the local services are enabled.
2026-08-26 15:08:19,403 file.manager INFO Component type conf file: Startup_Generation_Before.conf loaded.
2026-08-26 15:08:19,407 file.ec_base INFO setRate(1000000.000000) done
2026-08-26 15:08:19,407 file.ec_base INFO setRate(1000.000000) done
2026-08-26 15:08:19,408 file.rtobject INFO 1 execution context was created.
2026-08-26 15:08:19,416 file.rtobject INFO Initial active configuration set is default.
2026-08-26 15:08:33,548 file.ManagerServant INFO Master manager not found
2026-08-26 15:08:39,954 file.SdoServiceAdmin WARNING No available SDO service in the factory: 
2026-08-26 15:08:39,955 file.SdoServiceAdmin ERROR type  not exists.
2026-08-26 15:08:43,638 file.ManagerServant INFO Master manager not found
2026-08-26 15:08:53,684 file.ManagerServant INFO Master manager not found
2026-08-26 15:09:03,731 file.ManagerServant INFO Master manager not found
2026-08-26 15:09:13,796 file.ManagerServant INFO Master manager not found
2026-08-26 15:09:23,826 file.ManagerServant INFO Master manager not found
2026-08-26 15:09:33,872 file.ManagerServant INFO Master manager not found
2026-08-26 15:09:43,944 file.ManagerServant INFO Master manager not found
2026-08-26 15:09:54,004 file.ManagerServant INFO Master manager not found
2026-08-26 15:10:04,074 file.ManagerServant INFO Master manager not found
2026-08-26 15:10:14,137 file.ManagerServant INFO Master manager not found
2026-08-26 15:10:24,191 file.ManagerServant INFO Master manager not found
2026-08-26 15:10:34,263 file.ManagerServant INFO Master manager not found
2026-08-26 15:10:44,289 file.ManagerServant INFO Master manager not found
2026-08-26 15:10:54,349 file.ManagerServant INFO Master manager not found
2026-08-26 15:11:04,411 file.ManagerServant INFO Master manager not found
2026-08-26 15:11:14,481 file.ManagerServant INFO Master manager not found
2026-08-26 15:11:24,540 file.ManagerServant INFO Master manager not found
2026-08-26 15:11:34,573 file.ManagerServant INFO Master manager not found
2026-08-26 15:11:44,590 file.ManagerServant INFO Master manager not found
2026-08-26 15:11:54,628 file.ManagerServant INFO Master manager not found
2026-08-26 15:12:04,642 file.ManagerServant INFO Master manager not found
2026-08-26 15:12:14,708 file.ManagerServant INFO Master manager not found
2026-08-26 15:12:24,733 file.ManagerServant INFO Master manager not found
2026-08-26 15:12:34,779 file.ManagerServant INFO Master manager not found
2026-08-26 15:12:44,841 file.ManagerServant INFO Master manager not found
2026-08-26 15:12:54,896 file.ManagerServant INFO Master manager not found
2026-08-26 15:13:04,939 file.ManagerServant INFO Master manager not found
2026-08-26 15:13:15,006 file.ManagerServant INFO Master manager not found
2026-08-26 15:13:25,054 file.ManagerServant INFO Master manager not found
2026-08-26 15:13:35,110 file.ManagerServant INFO Master manager not found
2026-08-26 15:13:45,174 file.ManagerServant INFO Master manager not found
2026-08-26 15:13:55,240 file.ManagerServant INFO Master manager not found
2026-08-26 15:14:05,309 file.ManagerServant INFO Master manager not found
2026-08-26 15:14:15,349 file.ManagerServant INFO Master manager not found
2026-08-26 15:14:25,393 file.ManagerServant INFO Master manager not found
2026-08-26 15:14:35,421 file.ManagerServant INFO Master manager not found
2026-08-26 15:14:45,452 file.ManagerServant INFO Master manager not found
2026-08-26 15:14:55,485 file.ManagerServant INFO Master manager not found
