2026-08-26 15:15:57,281 file.manager INFO 2.0.2
2026-08-26 15:15:57,281 file.manager INFO Copyright (C) 2003-2024, Noriaki Ando and OpenRTM development team,
2026-08-26 15:15:57,281 file.manager INFO   Intelligent Systems Research Institute, AIST,
2026-08-26 15:15:57,281 file.manager INFO Copyright (C) 2024, Noriaki Ando and OpenRTM development team,
2026-08-26 15:15:57,281 file.manager INFO   Industrial Cyber-Physical Research Center, AIST,
2026-08-26 15:15:57,281 file.manager INFO   All right reserved.
2026-08-26 15:15:57,281 file.manager INFO Manager starting.
2026-08-26 15:15:57,281 file.manager INFO Starting local logging.
2026-08-26 15:15:57,287 file.manager.namingmanager INFO NameServer connection succeeded: corba/localhost
2026-08-26 15:16:01,399 file.ManagerServant INFO Master manager not found
2026-08-26 15:16:01,401 file.LocalServiceAdmin INFO All the local services are enabled.
2026-08-26 15:16:01,404 file.manager INFO Component type conf file: Startup_Generation_Before.conf loaded.
2026-08-26 15:16:01,405 file.ec_base INFO setRate(1000000.000000) done
2026-08-26 15:16:01,405 file.ec_base INFO setRate(1000.000000) done
2026-08-26 15:16:01,405 file.rtobject INFO 1 execution context was created.
2026-08-26 15:16:01,407 file.rtobject INFO Initial active configuration set is default.
2026-08-26 15:16:15,615 file.ManagerServant INFO Master manager not found
2026-08-26 15:16:25,671 file.ManagerServant INFO Master manager not found
2026-08-26 15:16:35,738 file.ManagerServant INFO Master manager not found
2026-08-26 15:16:45,789 file.ManagerServant INFO Master manager not found
2026-08-26 15:16:55,852 file.ManagerServant INFO Master manager not found
2026-08-26 15:17:05,900 file.ManagerServant INFO Master manager not found
2026-08-26 15:17:15,963 file.ManagerServant INFO Master manager not found
2026-08-26 15:17:26,007 file.ManagerServant INFO Master manager not found
2026-08-26 15:17:36,067 file.ManagerServant INFO Master manager not found
2026-08-26 15:17:46,091 file.ManagerServant INFO Master manager not found
2026-08-26 15:17:56,139 file.ManagerServant INFO Master manager not found
2026-08-26 15:18:06,184 file.ManagerServant INFO Master manager not found
2026-08-26 15:18:16,233 file.ManagerServant INFO Master manager not found
2026-08-26 15:18:26,246 file.ManagerServant INFO Master manager not found
2026-08-26 15:18:36,365 file.ManagerServant INFO Master manager not found
2026-08-26 15:18:46,444 file.ManagerServant INFO Master manager not found
2026-08-26 15:18:56,506 file.ManagerServant INFO Master manager not found
2026-08-26 15:19:06,571 file.ManagerServant INFO Master manager not found
2026-08-26 15:19:16,635 file.ManagerServant INFO Master manager not found
2026-08-26 15:19:26,716 file.ManagerServant INFO Master manager not found
2026-08-26 15:19:36,759 file.ManagerServant INFO Master manager not found
2026-08-26 15:19:46,797 file.ManagerServant INFO Master manager not found
2026-08-26 15:19:56,850 file.ManagerServant INFO Master manager not found
2026-08-26 15:20:06,911 file.ManagerServant INFO Master manager not found
2026-08-26 15:20:16,943 file.ManagerServant INFO Master manager not found
2026-08-26 15:20:26,976 file.ManagerServant INFO Master manager not found
2026-08-26 15:20:37,018 file.ManagerServant INFO Master manager not found
2026-08-26 15:20:47,081 file.ManagerServant INFO Master manager not found
2026-08-26 15:20:57,123 file.ManagerServant INFO Master manager not found
2026-08-26 15:21:07,210 file.ManagerServant INFO Master manager not found
2026-08-26 15:21:17,291 file.ManagerServant INFO Master manager not found
2026-08-26 15:21:27,368 file.ManagerServant INFO Master manager not found
2026-08-26 15:21:37,442 file.ManagerServant INFO Master manager not found
2026-08-26 15:21:47,551 file.ManagerServant INFO Master manager not found
2026-08-26 15:21:57,547 file.ManagerServant INFO Master manager not found
2026-08-26 15:22:07,608 file.ManagerServant INFO Master manager not found
2026-08-26 15:22:17,697 file.ManagerServant INFO Master manager not found
2026-08-26 15:22:27,777 file.ManagerServant INFO Master manager not found
2026-08-26 15:22:37,838 file.ManagerServant INFO Master manager not found
2026-08-26 15:22:47,887 file.ManagerServant INFO Master manager not found
2026-08-26 15:22:57,964 file.ManagerServant INFO Master manager not found
2026-08-26 15:23:08,036 file.ManagerServant INFO Master manager not found
2026-08-26 15:23:18,121 file.ManagerServant INFO Master manager not found
2026-08-26 15:23:28,185 file.ManagerServant INFO Master manager not found
2026-08-26 15:23:38,261 file.ManagerServant INFO Master manager not found
2026-08-26 15:23:48,325 file.ManagerServant INFO Master manager not found
2026-08-26 15:23:58,366 file.ManagerServant INFO Master manager not found
2026-08-26 15:24:08,414 file.ManagerServant INFO Master manager not found
2026-08-26 15:24:18,453 file.ManagerServant INFO Master manager not found
2026-08-26 15:24:28,499 file.ManagerServant INFO Master manager not found
2026-08-26 15:24:38,532 file.ManagerServant INFO Master manager not found
2026-08-26 15:24:48,579 file.ManagerServant INFO Master manager not found
2026-08-26 15:24:58,635 file.ManagerServant INFO Master manager not found
2026-08-26 15:25:08,649 file.ManagerServant INFO Master manager not found
2026-08-26 15:25:18,692 file.ManagerServant INFO Master manager not found
2026-08-26 15:25:28,712 file.ManagerServant INFO Master manager not found
2026-08-26 15:25:38,772 file.ManagerServant INFO Master manager not found
2026-08-26 15:25:48,816 file.ManagerServant INFO Master manager not found
2026-08-26 15:25:58,875 file.ManagerServant INFO Master manager not found
2026-08-26 15:26:08,951 file.ManagerServant INFO Master manager not found
2026-08-26 15:26:18,982 file.ManagerServant INFO Master manager not found
2026-08-26 15:26:29,012 file.ManagerServant INFO Master manager not found
2026-08-26 15:26:39,062 file.ManagerServant INFO Master manager not found
2026-08-26 15:26:49,110 file.ManagerServant INFO Master manager not found
2026-08-26 15:26:59,197 file.ManagerServant INFO Master manager not found
2026-08-26 15:27:09,280 file.ManagerServant INFO Master manager not found
2026-08-26 15:27:19,303 file.ManagerServant INFO Master manager not found
2026-08-26 15:27:29,370 file.ManagerServant INFO Master manager not found
2026-08-26 15:27:39,421 file.ManagerServant INFO Master manager not found
2026-08-26 15:27:49,472 file.ManagerServant INFO Master manager not found
2026-08-26 15:27:59,512 file.ManagerServant INFO Master manager not found
2026-08-26 15:28:09,536 file.ManagerServant INFO Master manager not found
2026-08-26 15:28:19,563 file.ManagerServant INFO Master manager not found
2026-08-26 15:28:29,620 file.ManagerServant INFO Master manager not found
2026-08-26 15:28:39,663 file.ManagerServant INFO Master manager not found
2026-08-26 15:28:49,681 file.ManagerServant INFO Master manager not found
2026-08-26 15:28:59,709 file.ManagerServant INFO Master manager not found
2026-08-26 15:29:09,750 file.ManagerServant INFO Master manager not found
2026-08-26 15:29:19,779 file.ManagerServant INFO Master manager not found
2026-08-26 15:29:29,816 file.ManagerServant INFO Master manager not found
2026-08-26 15:29:39,834 file.ManagerServant INFO Master manager not found
2026-08-26 15:29:49,897 file.ManagerServant INFO Master manager not found
2026-08-26 15:29:59,964 file.ManagerServant INFO Master manager not found
2026-08-26 15:30:09,996 file.ManagerServant INFO Master manager not found
2026-08-26 15:30:20,043 file.ManagerServant INFO Master manager not found
2026-08-26 15:30:30,096 file.ManagerServant INFO Master manager not found
2026-08-26 15:30:40,167 file.ManagerServant INFO Master manager not found
2026-08-26 15:30:50,201 file.ManagerServant INFO Master manager not found
2026-08-26 15:31:00,250 file.ManagerServant INFO Master manager not found
2026-08-26 15:31:10,268 file.ManagerServant INFO Master manager not found
2026-08-26 15:31:20,340 file.ManagerServant INFO Master manager not found
2026-08-26 15:31:30,409 file.ManagerServant INFO Master manager not found
2026-08-26 15:31:40,455 file.ManagerServant INFO Master manager not found
2026-08-26 15:31:50,506 file.ManagerServant INFO Master manager not found
2026-08-26 15:32:00,555 file.ManagerServant INFO Master manager not found
2026-08-26 15:32:10,589 file.ManagerServant INFO Master manager not found
2026-08-26 15:32:20,626 file.ManagerServant INFO Master manager not found
2026-08-26 15:32:30,680 file.ManagerServant INFO Master manager not found
2026-08-26 15:32:40,722 file.ManagerServant INFO Master manager not found
2026-08-26 15:32:50,754 file.ManagerServant INFO Master manager not found
2026-08-26 15:33:00,773 file.ManagerServant INFO Master manager not found
2026-08-26 15:33:10,829 file.ManagerServant INFO Master manager not found
2026-08-26 15:33:20,868 file.ManagerServant INFO Master manager not found
2026-08-26 15:33:30,912 file.ManagerServant INFO Master manager not found
2026-08-26 15:33:40,940 file.ManagerServant INFO Master manager not found
2026-08-26 15:33:51,023 file.ManagerServant INFO Master manager not found
2026-08-26 15:34:01,094 file.ManagerServant INFO Master manager not found
2026-08-26 15:34:11,151 file.ManagerServant INFO Master manager not found
2026-08-26 15:34:21,208 file.ManagerServant INFO Master manager not found
2026-08-26 15:34:31,266 file.ManagerServant INFO Master manager not found
2026-08-26 15:34:41,321 file.ManagerServant INFO Master manager not found
2026-08-26 15:34:51,344 file.ManagerServant INFO Master manager not found
2026-08-26 15:35:01,380 file.ManagerServant INFO Master manager not found
2026-08-26 15:35:11,420 file.ManagerServant INFO Master manager not found
2026-08-26 15:35:21,473 file.ManagerServant INFO Master manager not found
2026-08-26 15:35:31,534 file.ManagerServant INFO Master manager not found
2026-08-26 15:35:41,574 file.ManagerServant INFO Master manager not found
2026-08-26 15:35:51,633 file.ManagerServant INFO Master manager not found
2026-08-26 15:36:01,700 file.ManagerServant INFO Master manager not found
2026-08-26 15:36:11,765 file.ManagerServant INFO Master manager not found
2026-08-26 15:36:21,815 file.ManagerServant INFO Master manager not found
2026-08-26 15:36:31,858 file.ManagerServant INFO Master manager not found
2026-08-26 15:36:41,903 file.ManagerServant INFO Master manager not found
2026-08-26 15:36:51,944 file.ManagerServant INFO Master manager not found
2026-08-26 15:37:01,977 file.ManagerServant INFO Master manager not found
2026-08-26 15:37:12,032 file.ManagerServant INFO Master manager not found
2026-08-26 15:37:22,069 file.ManagerServant INFO Master manager not found
2026-08-26 15:37:32,101 file.ManagerServant INFO Master manager not found
2026-08-26 15:37:42,151 file.ManagerServant INFO Master manager not found
2026-08-26 15:37:52,209 file.ManagerServant INFO Master manager not found
2026-08-26 15:38:02,242 file.ManagerServant INFO Master manager not found
2026-08-26 15:38:12,286 file.ManagerServant INFO Master manager not found
2026-08-26 15:38:22,347 file.ManagerServant INFO Master manager not found
2026-08-26 15:38:32,373 file.ManagerServant INFO Master manager not found
2026-08-26 15:38:42,448 file.ManagerServant INFO Master manager not found
2026-08-26 15:38:52,505 file.ManagerServant INFO Master manager not found
2026-08-26 15:39:02,560 file.ManagerServant INFO Master manager not found
2026-08-26 15:39:12,613 file.ManagerServant INFO Master manager not found
2026-08-26 15:39:22,677 file.ManagerServant INFO Master manager not found
2026-08-26 15:39:32,722 file.ManagerServant INFO Master manager not found
2026-08-26 15:39:42,793 file.ManagerServant INFO Master manager not found
2026-08-26 15:39:52,847 file.ManagerServant INFO Master manager not found
2026-08-26 15:40:02,909 file.ManagerServant INFO Master manager not found
2026-08-26 15:40:12,948 file.ManagerServant INFO Master manager not found
2026-08-26 15:40:23,038 file.ManagerServant INFO Master manager not found
2026-08-26 15:40:33,079 file.ManagerServant INFO Master manager not found
2026-08-26 15:40:43,130 file.ManagerServant INFO Master manager not found
2026-08-26 15:40:53,191 file.ManagerServant INFO Master manager not found
2026-08-26 15:41:03,231 file.ManagerServant INFO Master manager not found
2026-08-26 15:41:13,277 file.ManagerServant INFO Master manager not found
2026-08-26 15:41:23,344 file.ManagerServant INFO Master manager not found
2026-08-26 15:41:33,386 file.ManagerServant INFO Master manager not found
2026-08-26 15:41:43,420 file.ManagerServant INFO Master manager not found
2026-08-26 15:41:53,451 file.ManagerServant INFO Master manager not found
2026-08-26 15:42:03,453 file.ManagerServant INFO Master manager not found
2026-08-26 15:42:13,483 file.ManagerServant INFO Master manager not found
2026-08-26 15:42:23,475 file.ManagerServant INFO Master manager not found
2026-08-26 15:42:33,616 file.ManagerServant INFO Master manager not found
2026-08-26 15:42:43,632 file.ManagerServant INFO Master manager not found
2026-08-26 15:42:53,668 file.ManagerServant INFO Master manager not found
2026-08-26 15:42:56,562 file.SdoServiceAdmin WARNING No available SDO service in the factory: 
2026-08-26 15:42:56,563 file.SdoServiceAdmin ERROR type  not exists.
2026-08-26 15:43:03,704 file.ManagerServant INFO Master manager not found
2026-08-26 15:43:13,783 file.ManagerServant INFO Master manager not found
2026-08-26 15:43:23,744 file.ManagerServant INFO Master manager not found
2026-08-26 15:43:33,790 file.ManagerServant INFO Master manager not found
2026-08-26 15:43:43,853 file.ManagerServant INFO Master manager not found
2026-08-26 15:43:53,906 file.ManagerServant INFO Master manager not found
2026-08-26 15:44:03,976 file.ManagerServant INFO Master manager not found
2026-08-26 15:44:14,015 file.ManagerServant INFO Master manager not found
2026-08-26 15:44:24,097 file.ManagerServant INFO Master manager not found
2026-08-26 15:44:34,186 file.ManagerServant INFO Master manager not found
2026-08-26 15:44:44,230 file.ManagerServant INFO Master manager not found
2026-08-26 15:44:54,280 file.ManagerServant INFO Master manager not found
2026-08-26 15:45:04,316 file.ManagerServant INFO Master manager not found
2026-08-26 15:45:14,359 file.ManagerServant INFO Master manager not found
2026-08-26 15:45:24,403 file.ManagerServant INFO Master manager not found
2026-08-26 15:45:34,420 file.ManagerServant INFO Master manager not found
2026-08-26 15:45:44,455 file.ManagerServant INFO Master manager not found
2026-08-26 15:45:54,453 file.ManagerServant INFO Master manager not found
2026-08-26 15:46:04,560 file.ManagerServant INFO Master manager not found
2026-08-26 15:46:14,593 file.ManagerServant INFO Master manager not found
2026-08-26 15:46:24,609 file.ManagerServant INFO Master manager not found
2026-08-26 15:46:34,627 file.ManagerServant INFO Master manager not found
2026-08-26 15:46:44,667 file.ManagerServant INFO Master manager not found
2026-08-26 15:46:54,759 file.ManagerServant INFO Master manager not found
2026-08-26 15:47:04,785 file.ManagerServant INFO Master manager not found
2026-08-26 15:47:14,833 file.ManagerServant INFO Master manager not found
2026-08-26 15:47:24,890 file.ManagerServant INFO Master manager not found
2026-08-26 15:47:34,949 file.ManagerServant INFO Master manager not found
2026-08-26 15:47:45,005 file.ManagerServant INFO Master manager not found
2026-08-26 15:47:55,049 file.ManagerServant INFO Master manager not found
2026-08-26 15:48:05,112 file.ManagerServant INFO Master manager not found
2026-08-26 15:48:15,179 file.ManagerServant INFO Master manager not found
2026-08-26 15:48:25,238 file.ManagerServant INFO Master manager not found
2026-08-26 15:48:35,292 file.ManagerServant INFO Master manager not found
2026-08-26 15:48:45,400 file.ManagerServant INFO Master manager not found
2026-08-26 15:48:55,421 file.ManagerServant INFO Master manager not found
2026-08-26 15:49:05,477 file.ManagerServant INFO Master manager not found
2026-08-26 15:49:15,518 file.ManagerServant INFO Master manager not found
2026-08-26 15:49:25,579 file.ManagerServant INFO Master manager not found
2026-08-26 15:49:35,651 file.ManagerServant INFO Master manager not found
2026-08-26 15:49:45,686 file.ManagerServant INFO Master manager not found
2026-08-26 15:49:55,731 file.ManagerServant INFO Master manager not found
2026-08-26 15:50:05,761 file.ManagerServant INFO Master manager not found
2026-08-26 15:50:15,770 file.ManagerServant INFO Master manager not found
2026-08-26 15:50:25,797 file.ManagerServant INFO Master manager not found
2026-08-26 15:50:35,859 file.ManagerServant INFO Master manager not found
2026-08-26 15:50:45,910 file.ManagerServant INFO Master manager not found
2026-08-26 15:50:55,952 file.ManagerServant INFO Master manager not found
2026-08-26 15:51:06,000 file.ManagerServant INFO Master manager not found
