2026-08-26 17:05:56,339 file.manager INFO 2.1.0
2026-08-26 17:05:56,339 file.manager INFO Copyright (C) 2003-2026, Noriaki Ando and OpenRTM development team,
2026-08-26 17:05:56,339 file.manager INFO   Intelligent Systems Research Institute, AIST,
2026-08-26 17:05:56,339 file.manager INFO Copyright (C) 2026, Noriaki Ando and OpenRTM development team,
2026-08-26 17:05:56,339 file.manager INFO   Industrial Cyber-Physical Research Center, AIST,
2026-08-26 17:05:56,339 file.manager INFO   All right reserved.
2026-08-26 17:05:56,339 file.manager INFO Manager starting.
2026-08-26 17:05:56,339 file.manager INFO Starting local logging.
2026-08-26 17:05:56,340 file.manager.namingmanager INFO NameServer connection succeeded: corba/localhost
2026-08-26 17:05:56,342 file.ManagerServant INFO Master manager not found
2026-08-26 17:05:56,343 file.LocalServiceAdmin INFO All the local services are enabled.
2026-08-26 17:05:56,345 file.manager INFO Component type conf file: Startup_Generation_Before.conf loaded.
2026-08-26 17:05:56,345 file.ec_base INFO setRate(1000000.000000) done
2026-08-26 17:05:56,345 file.ec_base INFO setRate(1000.000000) done
2026-08-26 17:05:56,346 file.rtobject INFO 1 execution context was created.
2026-08-26 17:05:56,349 file.rtobject INFO Initial active configuration set is default.
2026-08-26 17:06:06,392 file.ManagerServant INFO Master manager not found
2026-08-26 17:06:16,441 file.ManagerServant INFO Master manager not found
2026-08-26 17:06:26,474 file.ManagerServant INFO Master manager not found
2026-08-26 17:06:36,520 file.ManagerServant INFO Master manager not found
2026-08-26 17:06:46,572 file.ManagerServant INFO Master manager not found
2026-08-26 17:06:51,547 file.SdoServiceAdmin WARNING No available SDO service in the factory: 
2026-08-26 17:06:51,547 file.SdoServiceAdmin ERROR type  not exists.
2026-08-26 17:06:56,613 file.ManagerServant INFO Master manager not found
2026-08-26 17:07:06,653 file.ManagerServant INFO Master manager not found
2026-08-26 17:07:16,695 file.ManagerServant INFO Master manager not found
2026-08-26 17:07:26,742 file.ManagerServant INFO Master manager not found
2026-08-26 17:07:36,783 file.ManagerServant INFO Master manager not found
2026-08-26 17:07:46,830 file.ManagerServant INFO Master manager not found
2026-08-26 17:07:56,876 file.ManagerServant INFO Master manager not found
2026-08-26 17:08:06,920 file.ManagerServant INFO Master manager not found
2026-08-26 17:08:16,967 file.ManagerServant INFO Master manager not found
2026-08-26 17:08:27,013 file.ManagerServant INFO Master manager not found
2026-08-26 17:08:37,058 file.ManagerServant INFO Master manager not found
2026-08-26 17:08:47,102 file.ManagerServant INFO Master manager not found
2026-08-26 17:08:57,150 file.ManagerServant INFO Master manager not found
2026-08-26 17:09:07,199 file.ManagerServant INFO Master manager not found
2026-08-26 17:09:17,245 file.ManagerServant INFO Master manager not found
2026-08-26 17:09:27,289 file.ManagerServant INFO Master manager not found
2026-08-26 17:09:37,327 file.ManagerServant INFO Master manager not found
2026-08-26 17:09:47,370 file.ManagerServant INFO Master manager not found
2026-08-26 17:09:57,418 file.ManagerServant INFO Master manager not found
2026-08-26 17:10:06,546 file.SdoServiceAdmin WARNING No available SDO service in the factory: 
2026-08-26 17:10:06,547 file.SdoServiceAdmin ERROR type  not exists.
2026-08-26 17:10:07,461 file.ManagerServant INFO Master manager not found
2026-08-26 17:10:17,502 file.ManagerServant INFO Master manager not found
2026-08-26 17:10:27,550 file.ManagerServant INFO Master manager not found
2026-08-26 17:10:37,592 file.ManagerServant INFO Master manager not found
2026-08-26 17:10:47,634 file.ManagerServant INFO Master manager not found
2026-08-26 17:10:57,677 file.ManagerServant INFO Master manager not found
2026-08-26 17:11:07,724 file.ManagerServant INFO Master manager not found
2026-08-26 17:11:17,770 file.ManagerServant INFO Master manager not found
2026-08-26 17:11:27,806 file.ManagerServant INFO Master manager not found
2026-08-26 17:11:37,845 file.ManagerServant INFO Master manager not found
2026-08-26 17:11:47,881 file.ManagerServant INFO Master manager not found
2026-08-26 17:11:57,913 file.ManagerServant INFO Master manager not found
2026-08-26 17:12:07,942 file.ManagerServant INFO Master manager not found
2026-08-26 17:12:17,977 file.ManagerServant INFO Master manager not found
2026-08-26 17:12:28,015 file.ManagerServant INFO Master manager not found
2026-08-26 17:12:38,049 file.ManagerServant INFO Master manager not found
2026-08-26 17:12:48,086 file.ManagerServant INFO Master manager not found
2026-08-26 17:12:58,122 file.ManagerServant INFO Master manager not found
2026-08-26 17:13:08,152 file.ManagerServant INFO Master manager not found
2026-08-26 17:13:18,182 file.ManagerServant INFO Master manager not found
2026-08-26 17:13:28,212 file.ManagerServant INFO Master manager not found
2026-08-26 17:13:38,250 file.ManagerServant INFO Master manager not found
2026-08-26 17:13:48,281 file.ManagerServant INFO Master manager not found
2026-08-26 17:13:58,319 file.ManagerServant INFO Master manager not found
2026-08-26 17:14:08,350 file.ManagerServant INFO Master manager not found
2026-08-26 17:14:18,388 file.ManagerServant INFO Master manager not found
2026-08-26 17:14:28,418 file.ManagerServant INFO Master manager not found
2026-08-26 17:14:38,454 file.ManagerServant INFO Master manager not found
2026-08-26 17:14:48,494 file.ManagerServant INFO Master manager not found
2026-08-26 17:14:58,534 file.ManagerServant INFO Master manager not found
2026-08-26 17:15:08,568 file.ManagerServant INFO Master manager not found
2026-08-26 17:15:18,605 file.ManagerServant INFO Master manager not found
2026-08-26 17:15:28,643 file.ManagerServant INFO Master manager not found
2026-08-26 17:15:38,677 file.ManagerServant INFO Master manager not found
2026-08-26 17:15:48,714 file.ManagerServant INFO Master manager not found
2026-08-26 17:15:58,753 file.ManagerServant INFO Master manager not found
2026-08-26 17:16:08,791 file.ManagerServant INFO Master manager not found
2026-08-26 17:16:18,831 file.ManagerServant INFO Master manager not found
2026-08-26 17:16:28,875 file.ManagerServant INFO Master manager not found
2026-08-26 17:16:38,916 file.ManagerServant INFO Master manager not found
2026-08-26 17:16:48,964 file.ManagerServant INFO Master manager not found
2026-08-26 17:16:59,005 file.ManagerServant INFO Master manager not found
2026-08-26 17:17:09,043 file.ManagerServant INFO Master manager not found
2026-08-26 17:17:19,082 file.ManagerServant INFO Master manager not found
2026-08-26 17:17:29,120 file.ManagerServant INFO Master manager not found
2026-08-26 17:17:39,156 file.ManagerServant INFO Master manager not found
2026-08-26 17:17:49,195 file.ManagerServant INFO Master manager not found
2026-08-26 17:17:59,231 file.ManagerServant INFO Master manager not found
2026-08-26 17:18:09,270 file.ManagerServant INFO Master manager not found
2026-08-26 17:18:19,308 file.ManagerServant INFO Master manager not found
2026-08-26 17:18:29,346 file.ManagerServant INFO Master manager not found
2026-08-26 17:18:39,384 file.ManagerServant INFO Master manager not found
2026-08-26 17:18:49,423 file.ManagerServant INFO Master manager not found
2026-08-26 17:18:59,459 file.ManagerServant INFO Master manager not found
2026-08-26 17:19:09,498 file.ManagerServant INFO Master manager not found
2026-08-26 17:19:19,539 file.ManagerServant INFO Master manager not found
2026-08-26 17:19:29,576 file.ManagerServant INFO Master manager not found
2026-08-26 17:19:39,617 file.ManagerServant INFO Master manager not found
2026-08-26 17:19:49,651 file.ManagerServant INFO Master manager not found
2026-08-26 17:19:59,690 file.ManagerServant INFO Master manager not found
2026-08-26 17:20:09,729 file.ManagerServant INFO Master manager not found
2026-08-26 17:20:19,766 file.ManagerServant INFO Master manager not found
2026-08-26 17:20:29,802 file.ManagerServant INFO Master manager not found
2026-08-26 17:20:39,842 file.ManagerServant INFO Master manager not found
2026-08-26 17:20:49,877 file.ManagerServant INFO Master manager not found
2026-08-26 17:20:59,908 file.ManagerServant INFO Master manager not found
2026-08-26 17:21:09,947 file.ManagerServant INFO Master manager not found
2026-08-26 17:21:19,986 file.ManagerServant INFO Master manager not found
2026-08-26 17:21:30,026 file.ManagerServant INFO Master manager not found
2026-08-26 17:21:40,063 file.ManagerServant INFO Master manager not found
2026-08-26 17:21:50,099 file.ManagerServant INFO Master manager not found
2026-08-26 17:22:00,136 file.ManagerServant INFO Master manager not found
2026-08-26 17:22:10,172 file.ManagerServant INFO Master manager not found
2026-08-26 17:22:20,211 file.ManagerServant INFO Master manager not found
2026-08-26 17:22:30,247 file.ManagerServant INFO Master manager not found
2026-08-26 17:22:40,286 file.ManagerServant INFO Master manager not found
2026-08-26 17:22:50,322 file.ManagerServant INFO Master manager not found
2026-08-26 17:23:00,358 file.ManagerServant INFO Master manager not found
2026-08-26 17:23:10,398 file.ManagerServant INFO Master manager not found
2026-08-26 17:23:20,432 file.ManagerServant INFO Master manager not found
2026-08-26 17:23:30,470 file.ManagerServant INFO Master manager not found
2026-08-26 17:23:40,509 file.ManagerServant INFO Master manager not found
2026-08-26 17:23:50,547 file.ManagerServant INFO Master manager not found
2026-08-26 17:24:00,586 file.ManagerServant INFO Master manager not found
2026-08-26 17:24:10,623 file.ManagerServant INFO Master manager not found
2026-08-26 17:24:20,661 file.ManagerServant INFO Master manager not found
2026-08-26 17:24:30,704 file.ManagerServant INFO Master manager not found
2026-08-26 17:24:40,742 file.ManagerServant INFO Master manager not found
2026-08-26 17:24:50,780 file.ManagerServant INFO Master manager not found
2026-08-26 17:25:00,820 file.ManagerServant INFO Master manager not found
2026-08-26 17:25:10,859 file.ManagerServant INFO Master manager not found
2026-08-26 17:25:20,898 file.ManagerServant INFO Master manager not found
2026-08-26 17:25:30,934 file.ManagerServant INFO Master manager not found
2026-08-26 17:25:40,974 file.ManagerServant INFO Master manager not found
2026-08-26 17:25:51,011 file.ManagerServant INFO Master manager not found
2026-08-26 17:26:01,050 file.ManagerServant INFO Master manager not found
2026-08-26 17:26:11,090 file.ManagerServant INFO Master manager not found
2026-08-26 17:26:21,128 file.ManagerServant INFO Master manager not found
2026-08-26 17:26:31,166 file.ManagerServant INFO Master manager not found
2026-08-26 17:26:41,205 file.ManagerServant INFO Master manager not found
2026-08-26 17:26:51,241 file.ManagerServant INFO Master manager not found
2026-08-26 17:27:01,277 file.ManagerServant INFO Master manager not found
2026-08-26 17:27:11,316 file.ManagerServant INFO Master manager not found
2026-08-26 17:27:21,352 file.ManagerServant INFO Master manager not found
2026-08-26 17:27:31,392 file.ManagerServant INFO Master manager not found
2026-08-26 17:27:41,433 file.ManagerServant INFO Master manager not found
2026-08-26 17:27:51,471 file.ManagerServant INFO Master manager not found
2026-08-26 17:28:01,511 file.ManagerServant INFO Master manager not found
2026-08-26 17:28:11,549 file.ManagerServant INFO Master manager not found
2026-08-26 17:28:21,586 file.ManagerServant INFO Master manager not found
2026-08-26 17:28:31,628 file.ManagerServant INFO Master manager not found
2026-08-26 17:28:41,666 file.ManagerServant INFO Master manager not found
2026-08-26 17:28:51,706 file.ManagerServant INFO Master manager not found
2026-08-26 17:29:01,744 file.ManagerServant INFO Master manager not found
2026-08-26 17:29:11,782 file.ManagerServant INFO Master manager not found
2026-08-26 17:29:21,821 file.ManagerServant INFO Master manager not found
2026-08-26 17:29:31,857 file.ManagerServant INFO Master manager not found
2026-08-26 17:29:41,897 file.ManagerServant INFO Master manager not found
2026-08-26 17:29:51,939 file.ManagerServant INFO Master manager not found
2026-08-26 17:30:01,978 file.ManagerServant INFO Master manager not found
2026-08-26 17:30:12,019 file.ManagerServant INFO Master manager not found
2026-08-26 17:30:22,058 file.ManagerServant INFO Master manager not found
2026-08-26 17:30:32,098 file.ManagerServant INFO Master manager not found
2026-08-26 17:30:42,136 file.ManagerServant INFO Master manager not found
2026-08-26 17:30:52,174 file.ManagerServant INFO Master manager not found
2026-08-26 17:31:02,215 file.ManagerServant INFO Master manager not found
2026-08-26 17:31:12,257 file.ManagerServant INFO Master manager not found
2026-08-26 17:31:22,297 file.ManagerServant INFO Master manager not found
2026-08-26 17:31:32,337 file.ManagerServant INFO Master manager not found
2026-08-26 17:31:42,375 file.ManagerServant INFO Master manager not found
2026-08-26 17:31:52,415 file.ManagerServant INFO Master manager not found
2026-08-26 17:32:02,453 file.ManagerServant INFO Master manager not found
2026-08-26 17:32:12,490 file.ManagerServant INFO Master manager not found
2026-08-26 17:32:22,530 file.ManagerServant INFO Master manager not found
2026-08-26 17:32:32,569 file.ManagerServant INFO Master manager not found
2026-08-26 17:32:42,607 file.ManagerServant INFO Master manager not found
2026-08-26 17:32:52,645 file.ManagerServant INFO Master manager not found
2026-08-26 17:33:02,685 file.ManagerServant INFO Master manager not found
2026-08-26 17:33:12,723 file.ManagerServant INFO Master manager not found
2026-08-26 17:33:22,763 file.ManagerServant INFO Master manager not found
2026-08-26 17:33:32,801 file.ManagerServant INFO Master manager not found
2026-08-26 17:33:42,841 file.ManagerServant INFO Master manager not found
2026-08-26 17:33:52,881 file.ManagerServant INFO Master manager not found
2026-08-26 17:34:02,920 file.ManagerServant INFO Master manager not found
2026-08-26 17:34:12,959 file.ManagerServant INFO Master manager not found
2026-08-26 17:34:22,998 file.ManagerServant INFO Master manager not found
2026-08-26 17:34:33,035 file.ManagerServant INFO Master manager not found
2026-08-26 17:34:43,074 file.ManagerServant INFO Master manager not found
2026-08-26 17:34:53,115 file.ManagerServant INFO Master manager not found
2026-08-26 17:35:03,152 file.ManagerServant INFO Master manager not found
2026-08-26 17:35:16,815 file.ManagerServant INFO Master manager not found
2026-08-26 17:35:26,867 file.ManagerServant INFO Master manager not found
2026-08-26 17:35:36,913 file.ManagerServant INFO Master manager not found
2026-08-26 17:35:46,953 file.ManagerServant INFO Master manager not found
2026-08-26 17:35:56,995 file.ManagerServant INFO Master manager not found
2026-08-26 17:36:07,037 file.ManagerServant INFO Master manager not found
2026-08-26 17:36:17,075 file.ManagerServant INFO Master manager not found
2026-08-26 17:36:27,118 file.ManagerServant INFO Master manager not found
2026-08-26 17:36:37,167 file.ManagerServant INFO Master manager not found
2026-08-26 17:36:47,215 file.ManagerServant INFO Master manager not found
2026-08-26 17:36:57,263 file.ManagerServant INFO Master manager not found
2026-08-26 17:37:07,311 file.ManagerServant INFO Master manager not found
2026-08-26 17:37:17,360 file.ManagerServant INFO Master manager not found
2026-08-26 17:37:27,408 file.ManagerServant INFO Master manager not found
2026-08-26 17:37:37,460 file.ManagerServant INFO Master manager not found
2026-08-26 17:37:47,508 file.ManagerServant INFO Master manager not found
2026-08-26 17:37:57,559 file.ManagerServant INFO Master manager not found
2026-08-26 17:38:07,607 file.ManagerServant INFO Master manager not found
2026-08-26 17:38:17,656 file.ManagerServant INFO Master manager not found
2026-08-26 17:38:27,706 file.ManagerServant INFO Master manager not found
2026-08-26 17:38:37,755 file.ManagerServant INFO Master manager not found
2026-08-26 17:38:47,804 file.ManagerServant INFO Master manager not found
2026-08-26 17:38:57,853 file.ManagerServant INFO Master manager not found
2026-08-26 17:39:07,904 file.ManagerServant INFO Master manager not found
2026-08-26 17:39:17,953 file.ManagerServant INFO Master manager not found
2026-08-26 17:39:28,002 file.ManagerServant INFO Master manager not found
2026-08-26 17:39:38,052 file.ManagerServant INFO Master manager not found
2026-08-26 17:39:48,101 file.ManagerServant INFO Master manager not found
2026-08-26 17:39:58,150 file.ManagerServant INFO Master manager not found
2026-08-26 17:40:08,201 file.ManagerServant INFO Master manager not found
2026-08-26 17:40:18,254 file.ManagerServant INFO Master manager not found
2026-08-26 17:40:28,305 file.ManagerServant INFO Master manager not found
2026-08-26 17:40:38,355 file.ManagerServant INFO Master manager not found
2026-08-26 17:40:48,403 file.ManagerServant INFO Master manager not found
2026-08-26 17:40:58,452 file.ManagerServant INFO Master manager not found
2026-08-26 17:41:08,500 file.ManagerServant INFO Master manager not found
2026-08-26 17:41:18,551 file.ManagerServant INFO Master manager not found
2026-08-26 17:41:28,600 file.ManagerServant INFO Master manager not found
2026-08-26 17:41:38,648 file.ManagerServant INFO Master manager not found
2026-08-26 17:41:48,696 file.ManagerServant INFO Master manager not found
2026-08-26 17:41:58,735 file.ManagerServant INFO Master manager not found
