2026-08-27 19:33:41,866 file.manager INFO 2.0.2
2026-08-27 19:33:41,866 file.manager INFO Copyright (C) 2003-2024, Noriaki Ando and OpenRTM development team,
2026-08-27 19:33:41,867 file.manager INFO   Intelligent Systems Research Institute, AIST,
2026-08-27 19:33:41,867 file.manager INFO Copyright (C) 2024, Noriaki Ando and OpenRTM development team,
2026-08-27 19:33:41,867 file.manager INFO   Industrial Cyber-Physical Research Center, AIST,
2026-08-27 19:33:41,867 file.manager INFO   All right reserved.
2026-08-27 19:33:41,867 file.manager INFO Manager starting.
2026-08-27 19:33:41,868 file.manager INFO Starting local logging.
2026-08-27 19:33:41,907 file.manager.namingmanager INFO NameServer connection succeeded: corba/localhost
2026-08-27 19:33:46,037 file.ManagerServant INFO Master manager not found
2026-08-27 19:33:46,037 file.LocalServiceAdmin INFO All the local services are enabled.
2026-08-27 19:33:46,044 file.manager INFO Component type conf file: Startup_Generation_Before.conf loaded.
2026-08-27 19:33:46,044 file.ec_base INFO setRate(1000000.000000) done
2026-08-27 19:33:46,044 file.ec_base INFO setRate(1000.000000) done
2026-08-27 19:33:46,044 file.rtobject INFO 1 execution context was created.
2026-08-27 19:33:46,053 file.rtobject INFO Initial active configuration set is default.
2026-08-27 19:34:00,209 file.ManagerServant INFO Master manager not found
2026-08-27 19:34:10,322 file.ManagerServant INFO Master manager not found
2026-08-27 19:34:20,420 file.ManagerServant INFO Master manager not found
2026-08-27 19:34:30,421 file.ManagerServant INFO Master manager not found
2026-08-27 19:34:40,425 file.ManagerServant INFO Master manager not found
2026-08-27 19:34:50,483 file.ManagerServant INFO Master manager not found
2026-08-27 19:35:00,585 file.ManagerServant INFO Master manager not found
2026-08-27 19:35:10,582 file.ManagerServant INFO Master manager not found
2026-08-27 19:35:20,665 file.ManagerServant INFO Master manager not found
2026-08-27 19:35:30,729 file.ManagerServant INFO Master manager not found
