2026-08-28 11:31:19,382 file.manager INFO 2.1.0
2026-08-28 11:31:19,382 file.manager INFO Copyright (C) 2003-2024, Noriaki Ando and OpenRTM development team,
2026-08-28 11:31:19,383 file.manager INFO   Intelligent Systems Research Institute, AIST,
2026-08-28 11:31:19,383 file.manager INFO Copyright (C) 2024, Noriaki Ando and OpenRTM development team,
2026-08-28 11:31:19,383 file.manager INFO   Industrial Cyber-Physical Research Center, AIST,
2026-08-28 11:31:19,383 file.manager INFO   All right reserved.
2026-08-28 11:31:19,383 file.manager INFO Manager starting.
2026-08-28 11:31:19,383 file.manager INFO Starting local logging.
2026-08-28 11:31:19,407 file.manager.namingmanager INFO NameServer connection succeeded: corba/localhost
2026-08-28 11:31:19,419 file.LocalServiceAdmin INFO All the local services are enabled.
2026-08-28 11:31:19,426 file.manager INFO Component type conf file: Startup_Generation_Before.conf loaded.
2026-08-28 11:31:19,428 file.ec_base INFO setRate(1000000.000000) done
2026-08-28 11:31:19,429 file.ec_base INFO setRate(1000.000000) done
2026-08-28 11:31:19,429 file.rtobject INFO 1 execution context was created.
2026-08-28 11:31:19,436 file.rtobject INFO Initial active configuration set is default.
2026-08-28 11:34:20,080 file.target_point WARNING Traceback (most recent call last):
  File "C:\Users\hirok_7uv7t0u\AppData\Local\Python\pythoncore-3.14-64\Lib\site-packages\OpenRTM_aist\PortBase.py", line 2305, in checkPorts
    if port._non_existent():
       ~~~~~~~~~~~~~~~~~~^^
  File "C:\Users\hirok_7uv7t0u\AppData\Local\Python\pythoncore-3.14-64\Lib\site-packages\omniORB\CORBA.py", line 560, in _non_existent
    return self._obj.nonExistent()
           ~~~~~~~~~~~~~~~~~~~~~^^
omniORB.CORBA._omni_sys_exc: CORBA.TRANSIENT(omniORB.TRANSIENT_ConnectFailed, CORBA.COMPLETED_NO)

2026-08-28 11:34:20,081 file.target_point WARNING Dead connection: 9dff4e1a-a288-11f1-9f68-f0d415709eef
