2026-08-26 20:11:19,824 file.manager INFO 2.1.0
2026-08-26 20:11:19,824 file.manager INFO Copyright (C) 2003-2026, Noriaki Ando and OpenRTM development team,
2026-08-26 20:11:19,824 file.manager INFO   Intelligent Systems Research Institute, AIST,
2026-08-26 20:11:19,824 file.manager INFO Copyright (C) 2026, Noriaki Ando and OpenRTM development team,
2026-08-26 20:11:19,824 file.manager INFO   Industrial Cyber-Physical Research Center, AIST,
2026-08-26 20:11:19,824 file.manager INFO   All right reserved.
2026-08-26 20:11:19,824 file.manager INFO Manager starting.
2026-08-26 20:11:19,824 file.manager INFO Starting local logging.
2026-08-26 20:11:19,825 file.manager.namingmanager INFO NameServer connection succeeded: corba/localhost
2026-08-26 20:11:19,829 file.ManagerServant INFO Master manager not found
2026-08-26 20:11:19,830 file.LocalServiceAdmin INFO All the local services are enabled.
2026-08-26 20:11:19,834 file.manager INFO Component type conf file: Startup_Generation_Before.conf loaded.
2026-08-26 20:11:19,835 file.ec_base INFO setRate(1000000.000000) done
2026-08-26 20:11:19,835 file.ec_base INFO setRate(1000.000000) done
2026-08-26 20:11:19,835 file.rtobject INFO 1 execution context was created.
2026-08-26 20:11:19,838 file.rtobject INFO Initial active configuration set is default.
2026-08-26 20:11:29,886 file.ManagerServant INFO Master manager not found
2026-08-26 20:11:39,934 file.ManagerServant INFO Master manager not found
2026-08-26 20:11:49,978 file.ManagerServant INFO Master manager not found
2026-08-26 20:12:00,030 file.ManagerServant INFO Master manager not found
2026-08-26 20:12:10,077 file.ManagerServant INFO Master manager not found
2026-08-26 20:12:20,125 file.ManagerServant INFO Master manager not found
2026-08-26 20:12:30,166 file.ManagerServant INFO Master manager not found
2026-08-26 20:12:40,205 file.ManagerServant INFO Master manager not found
2026-08-26 20:12:50,252 file.ManagerServant INFO Master manager not found
2026-08-26 20:13:00,295 file.ManagerServant INFO Master manager not found
2026-08-26 20:13:10,331 file.ManagerServant INFO Master manager not found
2026-08-26 20:13:20,375 file.ManagerServant INFO Master manager not found
2026-08-26 20:13:30,411 file.ManagerServant INFO Master manager not found
2026-08-26 20:13:40,455 file.ManagerServant INFO Master manager not found
2026-08-26 20:13:50,497 file.ManagerServant INFO Master manager not found
2026-08-26 20:14:00,539 file.ManagerServant INFO Master manager not found
2026-08-26 20:14:10,581 file.ManagerServant INFO Master manager not found
2026-08-26 20:14:20,621 file.ManagerServant INFO Master manager not found
2026-08-26 20:14:30,663 file.ManagerServant INFO Master manager not found
2026-08-26 20:14:40,699 file.ManagerServant INFO Master manager not found
2026-08-26 20:14:50,745 file.ManagerServant INFO Master manager not found
2026-08-26 20:15:00,787 file.ManagerServant INFO Master manager not found
2026-08-26 20:15:10,827 file.ManagerServant INFO Master manager not found
2026-08-26 20:15:20,870 file.ManagerServant INFO Master manager not found
2026-08-26 20:15:30,911 file.ManagerServant INFO Master manager not found
2026-08-26 20:15:40,951 file.ManagerServant INFO Master manager not found
2026-08-26 20:15:50,989 file.ManagerServant INFO Master manager not found
2026-08-26 20:16:01,030 file.ManagerServant INFO Master manager not found
2026-08-26 20:16:11,070 file.ManagerServant INFO Master manager not found
2026-08-26 20:16:21,113 file.ManagerServant INFO Master manager not found
2026-08-26 20:16:31,153 file.ManagerServant INFO Master manager not found
2026-08-26 20:16:38,941 file.SdoServiceAdmin WARNING No available SDO service in the factory: 
2026-08-26 20:16:38,942 file.SdoServiceAdmin ERROR type  not exists.
2026-08-26 20:16:41,188 file.ManagerServant INFO Master manager not found
2026-08-26 20:16:51,233 file.ManagerServant INFO Master manager not found
2026-08-26 20:17:01,278 file.ManagerServant INFO Master manager not found
2026-08-26 20:17:11,317 file.ManagerServant INFO Master manager not found
2026-08-26 20:17:21,354 file.ManagerServant INFO Master manager not found
2026-08-26 20:17:31,384 file.ManagerServant INFO Master manager not found
2026-08-26 20:17:41,413 file.ManagerServant INFO Master manager not found
2026-08-26 20:17:51,446 file.ManagerServant INFO Master manager not found
2026-08-26 20:18:01,486 file.ManagerServant INFO Master manager not found
2026-08-26 20:18:11,520 file.ManagerServant INFO Master manager not found
2026-08-26 20:18:21,544 file.ManagerServant INFO Master manager not found
2026-08-26 20:18:31,586 file.ManagerServant INFO Master manager not found
2026-08-26 20:18:41,622 file.ManagerServant INFO Master manager not found
2026-08-26 20:18:51,655 file.ManagerServant INFO Master manager not found
2026-08-26 20:19:01,693 file.ManagerServant INFO Master manager not found
2026-08-26 20:19:11,734 file.ManagerServant INFO Master manager not found
2026-08-26 20:19:21,765 file.ManagerServant INFO Master manager not found
2026-08-26 20:19:31,799 file.ManagerServant INFO Master manager not found
2026-08-26 20:19:41,843 file.ManagerServant INFO Master manager not found
2026-08-26 20:19:51,887 file.ManagerServant INFO Master manager not found
2026-08-26 20:20:01,919 file.ManagerServant INFO Master manager not found
2026-08-26 20:20:11,952 file.ManagerServant INFO Master manager not found
2026-08-26 20:20:21,984 file.ManagerServant INFO Master manager not found
2026-08-26 20:20:32,019 file.ManagerServant INFO Master manager not found
2026-08-26 20:20:42,048 file.ManagerServant INFO Master manager not found
2026-08-26 20:20:52,075 file.ManagerServant INFO Master manager not found
2026-08-26 20:21:02,109 file.ManagerServant INFO Master manager not found
2026-08-26 20:21:12,146 file.ManagerServant INFO Master manager not found
2026-08-26 20:21:22,181 file.ManagerServant INFO Master manager not found
2026-08-26 20:21:32,220 file.ManagerServant INFO Master manager not found
2026-08-26 20:21:42,258 file.ManagerServant INFO Master manager not found
2026-08-26 20:21:52,288 file.ManagerServant INFO Master manager not found
2026-08-26 20:22:02,323 file.ManagerServant INFO Master manager not found
2026-08-26 20:22:12,358 file.ManagerServant INFO Master manager not found
2026-08-26 20:22:22,396 file.ManagerServant INFO Master manager not found
2026-08-26 20:22:32,428 file.ManagerServant INFO Master manager not found
2026-08-26 20:22:42,455 file.ManagerServant INFO Master manager not found
2026-08-26 20:22:52,490 file.ManagerServant INFO Master manager not found
2026-08-26 20:23:02,525 file.ManagerServant INFO Master manager not found
2026-08-26 20:23:12,560 file.ManagerServant INFO Master manager not found
2026-08-26 20:23:22,589 file.ManagerServant INFO Master manager not found
2026-08-26 20:23:32,625 file.ManagerServant INFO Master manager not found
2026-08-26 20:23:42,653 file.ManagerServant INFO Master manager not found
2026-08-26 20:23:52,685 file.ManagerServant INFO Master manager not found
2026-08-26 20:24:02,720 file.ManagerServant INFO Master manager not found
2026-08-26 20:24:12,752 file.ManagerServant INFO Master manager not found
2026-08-26 20:24:22,788 file.ManagerServant INFO Master manager not found
2026-08-26 20:24:32,821 file.ManagerServant INFO Master manager not found
2026-08-26 20:24:42,855 file.ManagerServant INFO Master manager not found
2026-08-26 20:24:52,890 file.ManagerServant INFO Master manager not found
2026-08-26 20:25:02,924 file.ManagerServant INFO Master manager not found
2026-08-26 20:25:12,956 file.ManagerServant INFO Master manager not found
2026-08-26 20:25:22,989 file.ManagerServant INFO Master manager not found
2026-08-26 20:25:33,025 file.ManagerServant INFO Master manager not found
2026-08-26 20:25:43,057 file.ManagerServant INFO Master manager not found
2026-08-26 20:25:53,093 file.ManagerServant INFO Master manager not found
2026-08-26 20:26:03,121 file.ManagerServant INFO Master manager not found
2026-08-26 20:26:13,151 file.ManagerServant INFO Master manager not found
2026-08-26 20:26:23,184 file.ManagerServant INFO Master manager not found
2026-08-26 20:26:33,228 file.ManagerServant INFO Master manager not found
2026-08-26 20:26:43,263 file.ManagerServant INFO Master manager not found
2026-08-26 20:26:53,299 file.ManagerServant INFO Master manager not found
2026-08-26 20:27:03,341 file.ManagerServant INFO Master manager not found
2026-08-26 20:27:13,374 file.ManagerServant INFO Master manager not found
2026-08-26 20:27:23,412 file.ManagerServant INFO Master manager not found
2026-08-26 20:27:33,442 file.ManagerServant INFO Master manager not found
2026-08-26 20:27:43,480 file.ManagerServant INFO Master manager not found
2026-08-26 20:27:53,512 file.ManagerServant INFO Master manager not found
2026-08-26 20:28:03,547 file.ManagerServant INFO Master manager not found
2026-08-26 20:28:13,579 file.ManagerServant INFO Master manager not found
2026-08-26 20:28:23,607 file.ManagerServant INFO Master manager not found
2026-08-26 20:28:33,646 file.ManagerServant INFO Master manager not found
2026-08-26 20:28:43,691 file.ManagerServant INFO Master manager not found
2026-08-26 20:28:53,737 file.ManagerServant INFO Master manager not found
