2026-08-26 21:22:48,472 file.manager INFO 2.1.0
2026-08-26 21:22:48,472 file.manager INFO Copyright (C) 2003-2026, Noriaki Ando and OpenRTM development team,
2026-08-26 21:22:48,472 file.manager INFO   Intelligent Systems Research Institute, AIST,
2026-08-26 21:22:48,472 file.manager INFO Copyright (C) 2026, Noriaki Ando and OpenRTM development team,
2026-08-26 21:22:48,472 file.manager INFO   Industrial Cyber-Physical Research Center, AIST,
2026-08-26 21:22:48,472 file.manager INFO   All right reserved.
2026-08-26 21:22:48,472 file.manager INFO Manager starting.
2026-08-26 21:22:48,472 file.manager INFO Starting local logging.
2026-08-26 21:22:48,474 file.manager.namingmanager INFO NameServer connection succeeded: corba/localhost
2026-08-26 21:22:48,476 file.ManagerServant INFO Master manager not found
2026-08-26 21:22:48,476 file.LocalServiceAdmin INFO All the local services are enabled.
2026-08-26 21:22:48,479 file.manager INFO Component type conf file: Startup_Generation_Before.conf loaded.
2026-08-26 21:22:48,479 file.ec_base INFO setRate(1000000.000000) done
2026-08-26 21:22:48,479 file.ec_base INFO setRate(1000.000000) done
2026-08-26 21:22:48,480 file.rtobject INFO 1 execution context was created.
2026-08-26 21:22:48,482 file.rtobject INFO Initial active configuration set is default.
2026-08-26 21:22:58,516 file.ManagerServant INFO Master manager not found
2026-08-26 21:23:08,554 file.ManagerServant INFO Master manager not found
2026-08-26 21:23:18,588 file.ManagerServant INFO Master manager not found
2026-08-26 21:23:28,624 file.ManagerServant INFO Master manager not found
2026-08-26 21:23:38,664 file.ManagerServant INFO Master manager not found
2026-08-26 21:23:48,699 file.ManagerServant INFO Master manager not found
2026-08-26 21:23:58,741 file.ManagerServant INFO Master manager not found
2026-08-26 21:24:08,774 file.ManagerServant INFO Master manager not found
2026-08-26 21:24:18,808 file.ManagerServant INFO Master manager not found
2026-08-26 21:24:28,850 file.ManagerServant INFO Master manager not found
2026-08-26 21:24:28,999 file.SdoServiceAdmin WARNING No available SDO service in the factory: 
2026-08-26 21:24:29,000 file.SdoServiceAdmin ERROR type  not exists.
2026-08-26 21:24:38,890 file.ManagerServant INFO Master manager not found
2026-08-26 21:24:48,933 file.ManagerServant INFO Master manager not found
2026-08-26 21:24:58,978 file.ManagerServant INFO Master manager not found
2026-08-26 21:25:09,020 file.ManagerServant INFO Master manager not found
2026-08-26 21:25:19,059 file.ManagerServant INFO Master manager not found
2026-08-26 21:25:29,098 file.ManagerServant INFO Master manager not found
2026-08-26 21:25:39,133 file.ManagerServant INFO Master manager not found
2026-08-26 21:25:49,170 file.ManagerServant INFO Master manager not found
2026-08-26 21:25:59,207 file.ManagerServant INFO Master manager not found
2026-08-26 21:26:09,238 file.ManagerServant INFO Master manager not found
2026-08-26 21:26:19,274 file.ManagerServant INFO Master manager not found
2026-08-26 21:26:29,305 file.ManagerServant INFO Master manager not found
2026-08-26 21:26:39,341 file.ManagerServant INFO Master manager not found
2026-08-26 21:26:49,387 file.ManagerServant INFO Master manager not found
2026-08-26 21:26:59,429 file.ManagerServant INFO Master manager not found
2026-08-26 21:27:09,471 file.ManagerServant INFO Master manager not found
2026-08-26 21:27:19,512 file.ManagerServant INFO Master manager not found
2026-08-26 21:27:29,547 file.ManagerServant INFO Master manager not found
2026-08-26 21:27:39,589 file.ManagerServant INFO Master manager not found
2026-08-26 21:27:49,628 file.ManagerServant INFO Master manager not found
2026-08-26 21:27:59,664 file.ManagerServant INFO Master manager not found
2026-08-26 21:28:09,697 file.ManagerServant INFO Master manager not found
2026-08-26 21:28:19,738 file.ManagerServant INFO Master manager not found
2026-08-26 21:28:29,767 file.ManagerServant INFO Master manager not found
2026-08-26 21:28:32,466 file.SdoServiceAdmin WARNING No available SDO service in the factory: 
2026-08-26 21:28:32,466 file.SdoServiceAdmin ERROR type  not exists.
2026-08-26 21:28:39,805 file.ManagerServant INFO Master manager not found
2026-08-26 21:28:49,842 file.ManagerServant INFO Master manager not found
2026-08-26 21:28:54,617 file.ec_worker ERROR State of the RTC is not ACTIVE_STATE.
2026-08-26 21:28:59,876 file.ManagerServant INFO Master manager not found
2026-08-26 21:29:09,915 file.ManagerServant INFO Master manager not found
2026-08-26 21:29:19,950 file.ManagerServant INFO Master manager not found
2026-08-26 21:29:29,983 file.ManagerServant INFO Master manager not found
2026-08-26 21:29:40,032 file.ManagerServant INFO Master manager not found
2026-08-26 21:29:50,075 file.ManagerServant INFO Master manager not found
2026-08-26 21:30:00,097 file.ManagerServant INFO Master manager not found
2026-08-26 21:30:10,125 file.ManagerServant INFO Master manager not found
2026-08-26 21:30:20,158 file.ManagerServant INFO Master manager not found
2026-08-26 21:30:30,188 file.ManagerServant INFO Master manager not found
2026-08-26 21:30:40,224 file.ManagerServant INFO Master manager not found
2026-08-26 21:30:50,263 file.ManagerServant INFO Master manager not found
2026-08-26 21:31:00,318 file.ManagerServant INFO Master manager not found
2026-08-26 21:31:10,374 file.ManagerServant INFO Master manager not found
2026-08-26 21:31:20,418 file.ManagerServant INFO Master manager not found
2026-08-26 21:31:30,457 file.ManagerServant INFO Master manager not found
2026-08-26 21:31:40,492 file.ManagerServant INFO Master manager not found
2026-08-26 21:31:50,528 file.ManagerServant INFO Master manager not found
2026-08-26 21:32:00,563 file.ManagerServant INFO Master manager not found
2026-08-26 21:32:10,612 file.ManagerServant INFO Master manager not found
2026-08-26 21:32:16,795 file.SdoServiceAdmin WARNING No available SDO service in the factory: 
2026-08-26 21:32:16,795 file.SdoServiceAdmin ERROR type  not exists.
2026-08-26 21:32:20,655 file.ManagerServant INFO Master manager not found
2026-08-26 21:32:30,706 file.ManagerServant INFO Master manager not found
2026-08-26 21:32:40,745 file.ManagerServant INFO Master manager not found
2026-08-26 21:32:50,782 file.ManagerServant INFO Master manager not found
2026-08-26 21:33:00,820 file.ManagerServant INFO Master manager not found
2026-08-26 21:33:10,861 file.ManagerServant INFO Master manager not found
2026-08-26 21:33:20,904 file.ManagerServant INFO Master manager not found
2026-08-26 21:33:30,935 file.ManagerServant INFO Master manager not found
2026-08-26 21:33:40,969 file.ManagerServant INFO Master manager not found
2026-08-26 21:33:51,005 file.ManagerServant INFO Master manager not found
2026-08-26 21:34:01,041 file.ManagerServant INFO Master manager not found
2026-08-26 21:34:11,087 file.ManagerServant INFO Master manager not found
2026-08-26 21:34:21,123 file.ManagerServant INFO Master manager not found
2026-08-26 21:34:31,158 file.ManagerServant INFO Master manager not found
2026-08-26 21:34:41,195 file.ManagerServant INFO Master manager not found
2026-08-26 21:34:51,226 file.ManagerServant INFO Master manager not found
2026-08-26 21:35:01,253 file.ManagerServant INFO Master manager not found
2026-08-26 21:35:11,286 file.ManagerServant INFO Master manager not found
2026-08-26 21:35:21,320 file.ManagerServant INFO Master manager not found
2026-08-26 21:35:31,351 file.ManagerServant INFO Master manager not found
2026-08-26 21:35:41,382 file.ManagerServant INFO Master manager not found
2026-08-26 21:35:51,414 file.ManagerServant INFO Master manager not found
