2026-08-27 19:30:39,593 file.manager INFO 2.0.2
2026-08-27 19:30:39,593 file.manager INFO Copyright (C) 2003-2024, Noriaki Ando and OpenRTM development team,
2026-08-27 19:30:39,593 file.manager INFO   Intelligent Systems Research Institute, AIST,
2026-08-27 19:30:39,593 file.manager INFO Copyright (C) 2024, Noriaki Ando and OpenRTM development team,
2026-08-27 19:30:39,593 file.manager INFO   Industrial Cyber-Physical Research Center, AIST,
2026-08-27 19:30:39,593 file.manager INFO   All right reserved.
2026-08-27 19:30:39,593 file.manager INFO Manager starting.
2026-08-27 19:30:39,593 file.manager INFO Starting local logging.
2026-08-27 19:30:43,725 file.manager.namingmanager INFO NameServer connection failed: corba/localhost
2026-08-27 19:30:47,793 file.ManagerServant INFO Master manager not found
2026-08-27 19:30:47,793 file.LocalServiceAdmin INFO All the local services are enabled.
2026-08-27 19:30:47,801 file.manager INFO Component type conf file: Startup_Generation_Before.conf loaded.
2026-08-27 19:30:47,801 file.ec_base INFO setRate(1000000.000000) done
2026-08-27 19:30:47,801 file.ec_base INFO setRate(1000.000000) done
2026-08-27 19:30:47,804 file.rtobject INFO 1 execution context was created.
2026-08-27 19:30:47,806 file.rtobject INFO Initial active configuration set is default.
2026-08-27 19:31:01,893 file.manager.namingmanager INFO NameServer connection failed: corba/localhost
2026-08-27 19:31:05,975 file.ManagerServant INFO Master manager not found
2026-08-27 19:31:11,957 file.manager.namingmanager INFO NameServer connection failed: corba/localhost
2026-08-27 19:31:16,041 file.ManagerServant INFO Master manager not found
2026-08-27 19:31:21,991 file.manager.namingmanager INFO NameServer connection failed: corba/localhost
