2026-08-27 21:05:54,944 file.manager INFO 2.0.2
2026-08-27 21:05:54,944 file.manager INFO Copyright (C) 2003-2024, Noriaki Ando and OpenRTM development team,
2026-08-27 21:05:54,944 file.manager INFO   Intelligent Systems Research Institute, AIST,
2026-08-27 21:05:54,944 file.manager INFO Copyright (C) 2024, Noriaki Ando and OpenRTM development team,
2026-08-27 21:05:54,944 file.manager INFO   Industrial Cyber-Physical Research Center, AIST,
2026-08-27 21:05:54,944 file.manager INFO   All right reserved.
2026-08-27 21:05:54,944 file.manager INFO Manager starting.
2026-08-27 21:05:54,944 file.manager INFO Starting local logging.
2026-08-27 21:05:54,974 file.manager.namingmanager INFO NameServer connection succeeded: corba/localhost
2026-08-27 21:05:59,058 file.ManagerServant INFO Master manager not found
2026-08-27 21:05:59,058 file.LocalServiceAdmin INFO All the local services are enabled.
2026-08-27 21:05:59,074 file.manager INFO Component type conf file: Startup_Generation_Before.conf loaded.
2026-08-27 21:05:59,074 file.ec_base INFO setRate(1000000.000000) done
2026-08-27 21:05:59,074 file.ec_base INFO setRate(1000.000000) done
2026-08-27 21:05:59,074 file.rtobject INFO 1 execution context was created.
2026-08-27 21:05:59,074 file.rtobject INFO Initial active configuration set is default.
2026-08-27 21:06:13,240 file.ManagerServant INFO Master manager not found
2026-08-27 21:06:23,286 file.ManagerServant INFO Master manager not found
2026-08-27 21:06:33,362 file.ManagerServant INFO Master manager not found
2026-08-27 21:06:43,426 file.ManagerServant INFO Master manager not found
2026-08-27 21:06:53,505 file.ManagerServant INFO Master manager not found
2026-08-27 21:07:03,489 file.ManagerServant INFO Master manager not found
