2026-08-27 20:13:59,087 file.manager INFO 2.0.2
2026-08-27 20:13:59,087 file.manager INFO Copyright (C) 2003-2024, Noriaki Ando and OpenRTM development team,
2026-08-27 20:13:59,087 file.manager INFO   Intelligent Systems Research Institute, AIST,
2026-08-27 20:13:59,087 file.manager INFO Copyright (C) 2024, Noriaki Ando and OpenRTM development team,
2026-08-27 20:13:59,087 file.manager INFO   Industrial Cyber-Physical Research Center, AIST,
2026-08-27 20:13:59,087 file.manager INFO   All right reserved.
2026-08-27 20:13:59,087 file.manager INFO Manager starting.
2026-08-27 20:13:59,087 file.manager INFO Starting local logging.
2026-08-27 20:13:59,093 file.manager.namingmanager INFO NameServer connection succeeded: corba/localhost
2026-08-27 20:14:03,223 file.ManagerServant INFO Master manager not found
2026-08-27 20:14:03,225 file.LocalServiceAdmin INFO All the local services are enabled.
2026-08-27 20:14:03,234 file.manager INFO Component type conf file: Startup_Generation_Before.conf loaded.
2026-08-27 20:14:03,238 file.ec_base INFO setRate(1000000.000000) done
2026-08-27 20:14:03,238 file.ec_base INFO setRate(1000.000000) done
2026-08-27 20:14:03,240 file.rtobject INFO 1 execution context was created.
2026-08-27 20:14:03,248 file.rtobject INFO Initial active configuration set is default.
2026-08-27 20:14:17,402 file.ManagerServant INFO Master manager not found
2026-08-27 20:14:18,510 file.SdoServiceAdmin WARNING No available SDO service in the factory: 
2026-08-27 20:14:18,510 file.SdoServiceAdmin ERROR type  not exists.
2026-08-27 20:14:27,443 file.ManagerServant INFO Master manager not found
2026-08-27 20:14:37,454 file.ManagerServant INFO Master manager not found
2026-08-27 20:14:47,444 file.ManagerServant INFO Master manager not found
2026-08-27 20:14:57,453 file.ManagerServant INFO Master manager not found
2026-08-27 20:15:07,452 file.ManagerServant INFO Master manager not found
2026-08-27 20:15:17,520 file.ManagerServant INFO Master manager not found
2026-08-27 20:15:27,579 file.ManagerServant INFO Master manager not found
2026-08-27 20:15:37,586 file.ManagerServant INFO Master manager not found
2026-08-27 20:15:47,621 file.ManagerServant INFO Master manager not found
2026-08-27 20:15:57,575 file.ManagerServant INFO Master manager not found
2026-08-27 20:16:07,670 file.ManagerServant INFO Master manager not found
2026-08-27 20:16:17,768 file.ManagerServant INFO Master manager not found
2026-08-27 20:16:27,880 file.ManagerServant INFO Master manager not found
2026-08-27 20:16:37,944 file.ManagerServant INFO Master manager not found
2026-08-27 20:16:48,065 file.ManagerServant INFO Master manager not found
2026-08-27 20:16:58,079 file.ManagerServant INFO Master manager not found
2026-08-27 20:17:08,154 file.ManagerServant INFO Master manager not found
2026-08-27 20:17:18,205 file.ManagerServant INFO Master manager not found
2026-08-27 20:17:28,214 file.ManagerServant INFO Master manager not found
2026-08-27 20:17:38,308 file.ManagerServant INFO Master manager not found
2026-08-27 20:17:48,331 file.ManagerServant INFO Master manager not found
2026-08-27 20:17:58,361 file.ManagerServant INFO Master manager not found
2026-08-27 20:18:08,348 file.ManagerServant INFO Master manager not found
2026-08-27 20:18:18,448 file.ManagerServant INFO Master manager not found
2026-08-27 20:18:28,498 file.ManagerServant INFO Master manager not found
2026-08-27 20:18:38,615 file.ManagerServant INFO Master manager not found
2026-08-27 20:18:48,631 file.ManagerServant INFO Master manager not found
2026-08-27 20:18:58,631 file.ManagerServant INFO Master manager not found
2026-08-27 20:19:08,714 file.ManagerServant INFO Master manager not found
2026-08-27 20:19:18,782 file.ManagerServant INFO Master manager not found
2026-08-27 20:19:28,866 file.ManagerServant INFO Master manager not found
2026-08-27 20:19:38,899 file.ManagerServant INFO Master manager not found
2026-08-27 20:19:49,013 file.ManagerServant INFO Master manager not found
2026-08-27 20:19:59,032 file.ManagerServant INFO Master manager not found
2026-08-27 20:20:09,116 file.ManagerServant INFO Master manager not found
2026-08-27 20:20:19,231 file.ManagerServant INFO Master manager not found
2026-08-27 20:20:29,249 file.ManagerServant INFO Master manager not found
2026-08-27 20:20:39,349 file.ManagerServant INFO Master manager not found
2026-08-27 20:20:49,446 file.ManagerServant INFO Master manager not found
2026-08-27 20:20:59,547 file.ManagerServant INFO Master manager not found
2026-08-27 20:21:09,644 file.ManagerServant INFO Master manager not found
2026-08-27 20:21:19,647 file.ManagerServant INFO Master manager not found
2026-08-27 20:21:29,763 file.ManagerServant INFO Master manager not found
2026-08-27 20:21:39,880 file.ManagerServant INFO Master manager not found
2026-08-27 20:21:49,977 file.ManagerServant INFO Master manager not found
2026-08-27 20:21:59,944 file.ManagerServant INFO Master manager not found
2026-08-27 20:22:10,028 file.ManagerServant INFO Master manager not found
2026-08-27 20:22:20,081 file.ManagerServant INFO Master manager not found
2026-08-27 20:22:30,162 file.ManagerServant INFO Master manager not found
2026-08-27 20:22:40,163 file.ManagerServant INFO Master manager not found
2026-08-27 20:22:50,198 file.ManagerServant INFO Master manager not found
2026-08-27 20:23:00,197 file.ManagerServant INFO Master manager not found
2026-08-27 20:23:10,243 file.ManagerServant INFO Master manager not found
2026-08-27 20:23:20,278 file.ManagerServant INFO Master manager not found
2026-08-27 20:23:30,244 file.ManagerServant INFO Master manager not found
2026-08-27 20:23:40,296 file.ManagerServant INFO Master manager not found
2026-08-27 20:23:50,376 file.ManagerServant INFO Master manager not found
2026-08-27 20:24:00,409 file.ManagerServant INFO Master manager not found
2026-08-27 20:24:10,481 file.ManagerServant INFO Master manager not found
2026-08-27 20:24:20,516 file.ManagerServant INFO Master manager not found
2026-08-27 20:24:30,583 file.ManagerServant INFO Master manager not found
2026-08-27 20:24:40,677 file.ManagerServant INFO Master manager not found
2026-08-27 20:24:50,744 file.ManagerServant INFO Master manager not found
2026-08-27 20:25:00,820 file.ManagerServant INFO Master manager not found
2026-08-27 20:25:10,844 file.ManagerServant INFO Master manager not found
2026-08-27 20:25:20,897 file.ManagerServant INFO Master manager not found
2026-08-27 20:25:30,993 file.ManagerServant INFO Master manager not found
2026-08-27 20:25:41,017 file.ManagerServant INFO Master manager not found
2026-08-27 20:25:51,058 file.ManagerServant INFO Master manager not found
2026-08-27 20:26:01,144 file.ManagerServant INFO Master manager not found
2026-08-27 20:26:11,209 file.ManagerServant INFO Master manager not found
2026-08-27 20:26:21,226 file.ManagerServant INFO Master manager not found
2026-08-27 20:26:31,260 file.ManagerServant INFO Master manager not found
2026-08-27 20:26:41,307 file.ManagerServant INFO Master manager not found
2026-08-27 20:26:51,379 file.ManagerServant INFO Master manager not found
2026-08-27 20:27:01,513 file.ManagerServant INFO Master manager not found
2026-08-27 20:27:11,596 file.ManagerServant INFO Master manager not found
2026-08-27 20:27:21,624 file.ManagerServant INFO Master manager not found
2026-08-27 20:27:31,658 file.ManagerServant INFO Master manager not found
2026-08-27 20:27:41,660 file.ManagerServant INFO Master manager not found
2026-08-27 20:27:51,727 file.ManagerServant INFO Master manager not found
2026-08-27 20:28:01,756 file.ManagerServant INFO Master manager not found
2026-08-27 20:28:11,841 file.ManagerServant INFO Master manager not found
2026-08-27 20:28:21,874 file.ManagerServant INFO Master manager not found
2026-08-27 20:28:31,989 file.ManagerServant INFO Master manager not found
2026-08-27 20:28:41,991 file.ManagerServant INFO Master manager not found
2026-08-27 20:28:52,073 file.ManagerServant INFO Master manager not found
2026-08-27 20:29:02,222 file.ManagerServant INFO Master manager not found
2026-08-27 20:29:12,307 file.ManagerServant INFO Master manager not found
2026-08-27 20:29:22,373 file.ManagerServant INFO Master manager not found
2026-08-27 20:29:32,455 file.ManagerServant INFO Master manager not found
2026-08-27 20:29:42,522 file.ManagerServant INFO Master manager not found
2026-08-27 20:29:52,540 file.ManagerServant INFO Master manager not found
2026-08-27 20:30:02,605 file.ManagerServant INFO Master manager not found
2026-08-27 20:30:12,666 file.ManagerServant INFO Master manager not found
2026-08-27 20:30:22,723 file.ManagerServant INFO Master manager not found
2026-08-27 20:30:32,838 file.ManagerServant INFO Master manager not found
2026-08-27 20:30:42,940 file.ManagerServant INFO Master manager not found
2026-08-27 20:30:52,972 file.ManagerServant INFO Master manager not found
2026-08-27 20:31:02,996 file.ManagerServant INFO Master manager not found
2026-08-27 20:31:13,056 file.ManagerServant INFO Master manager not found
2026-08-27 20:31:23,055 file.ManagerServant INFO Master manager not found
2026-08-27 20:31:33,120 file.ManagerServant INFO Master manager not found
2026-08-27 20:31:43,205 file.ManagerServant INFO Master manager not found
2026-08-27 20:31:53,304 file.ManagerServant INFO Master manager not found
2026-08-27 20:32:03,321 file.ManagerServant INFO Master manager not found
2026-08-27 20:32:13,370 file.ManagerServant INFO Master manager not found
2026-08-27 20:32:23,353 file.ManagerServant INFO Master manager not found
2026-08-27 20:32:33,337 file.ManagerServant INFO Master manager not found
2026-08-27 20:32:43,369 file.ManagerServant INFO Master manager not found
2026-08-27 20:32:53,369 file.ManagerServant INFO Master manager not found
2026-08-27 20:33:03,385 file.ManagerServant INFO Master manager not found
2026-08-27 20:33:13,420 file.ManagerServant INFO Master manager not found
2026-08-27 20:33:23,470 file.ManagerServant INFO Master manager not found
2026-08-27 20:33:33,568 file.ManagerServant INFO Master manager not found
2026-08-27 20:33:43,552 file.ManagerServant INFO Master manager not found
2026-08-27 20:33:53,669 file.ManagerServant INFO Master manager not found
2026-08-27 20:34:03,702 file.ManagerServant INFO Master manager not found
2026-08-27 20:34:13,718 file.ManagerServant INFO Master manager not found
2026-08-27 20:34:23,778 file.ManagerServant INFO Master manager not found
2026-08-27 20:34:33,790 file.ManagerServant INFO Master manager not found
2026-08-27 20:34:43,857 file.ManagerServant INFO Master manager not found
2026-08-27 20:34:53,887 file.ManagerServant INFO Master manager not found
2026-08-27 20:35:03,919 file.ManagerServant INFO Master manager not found
2026-08-27 20:35:13,970 file.ManagerServant INFO Master manager not found
2026-08-27 20:35:24,068 file.ManagerServant INFO Master manager not found
2026-08-27 20:35:34,119 file.ManagerServant INFO Master manager not found
2026-08-27 20:35:44,086 file.ManagerServant INFO Master manager not found
2026-08-27 20:35:54,166 file.ManagerServant INFO Master manager not found
2026-08-27 20:36:04,285 file.ManagerServant INFO Master manager not found
2026-08-27 20:36:14,319 file.ManagerServant INFO Master manager not found
2026-08-27 20:36:24,368 file.ManagerServant INFO Master manager not found
2026-08-27 20:36:34,400 file.ManagerServant INFO Master manager not found
2026-08-27 20:36:44,419 file.ManagerServant INFO Master manager not found
2026-08-27 20:36:54,483 file.ManagerServant INFO Master manager not found
2026-08-27 20:37:04,534 file.ManagerServant INFO Master manager not found
2026-08-27 20:37:14,585 file.ManagerServant INFO Master manager not found
2026-08-27 20:37:24,652 file.ManagerServant INFO Master manager not found
2026-08-27 20:37:34,684 file.ManagerServant INFO Master manager not found
2026-08-27 20:37:44,766 file.ManagerServant INFO Master manager not found
2026-08-27 20:37:54,748 file.ManagerServant INFO Master manager not found
2026-08-27 20:38:04,801 file.ManagerServant INFO Master manager not found
2026-08-27 20:38:14,816 file.ManagerServant INFO Master manager not found
2026-08-27 20:38:24,883 file.ManagerServant INFO Master manager not found
2026-08-27 20:38:34,935 file.ManagerServant INFO Master manager not found
2026-08-27 20:38:44,999 file.ManagerServant INFO Master manager not found
2026-08-27 20:38:55,084 file.ManagerServant INFO Master manager not found
2026-08-27 20:39:05,099 file.ManagerServant INFO Master manager not found
2026-08-27 20:39:15,199 file.ManagerServant INFO Master manager not found
2026-08-27 20:39:25,179 file.ManagerServant INFO Master manager not found
2026-08-27 20:39:35,263 file.ManagerServant INFO Master manager not found
2026-08-27 20:39:45,320 file.ManagerServant INFO Master manager not found
2026-08-27 20:39:55,371 file.ManagerServant INFO Master manager not found
2026-08-27 20:40:05,369 file.ManagerServant INFO Master manager not found
2026-08-27 20:40:15,415 file.ManagerServant INFO Master manager not found
2026-08-27 20:40:25,482 file.ManagerServant INFO Master manager not found
2026-08-27 20:40:35,581 file.ManagerServant INFO Master manager not found
2026-08-27 20:40:45,683 file.ManagerServant INFO Master manager not found
2026-08-27 20:40:55,748 file.ManagerServant INFO Master manager not found
2026-08-27 20:41:05,846 file.ManagerServant INFO Master manager not found
2026-08-27 20:41:15,912 file.ManagerServant INFO Master manager not found
2026-08-27 20:41:25,924 file.ManagerServant INFO Master manager not found
2026-08-27 20:41:35,914 file.ManagerServant INFO Master manager not found
2026-08-27 20:41:46,013 file.ManagerServant INFO Master manager not found
2026-08-27 20:41:56,080 file.ManagerServant INFO Master manager not found
2026-08-27 20:42:06,082 file.ManagerServant INFO Master manager not found
2026-08-27 20:42:16,161 file.ManagerServant INFO Master manager not found
2026-08-27 20:42:26,245 file.ManagerServant INFO Master manager not found
2026-08-27 20:42:36,263 file.ManagerServant INFO Master manager not found
2026-08-27 20:42:46,345 file.ManagerServant INFO Master manager not found
2026-08-27 20:42:56,429 file.ManagerServant INFO Master manager not found
2026-08-27 20:43:06,479 file.ManagerServant INFO Master manager not found
2026-08-27 20:43:16,510 file.ManagerServant INFO Master manager not found
2026-08-27 20:43:26,594 file.ManagerServant INFO Master manager not found
2026-08-27 20:43:36,578 file.ManagerServant INFO Master manager not found
2026-08-27 20:43:46,629 file.ManagerServant INFO Master manager not found
2026-08-27 20:43:56,680 file.ManagerServant INFO Master manager not found
2026-08-27 20:44:06,776 file.ManagerServant INFO Master manager not found
2026-08-27 20:44:16,843 file.ManagerServant INFO Master manager not found
2026-08-27 20:44:26,944 file.ManagerServant INFO Master manager not found
2026-08-27 20:44:36,963 file.ManagerServant INFO Master manager not found
2026-08-27 20:44:47,027 file.ManagerServant INFO Master manager not found
2026-08-27 20:44:57,043 file.ManagerServant INFO Master manager not found
2026-08-27 20:45:07,110 file.ManagerServant INFO Master manager not found
2026-08-27 20:45:17,159 file.ManagerServant INFO Master manager not found
2026-08-27 20:45:27,194 file.ManagerServant INFO Master manager not found
2026-08-27 20:45:37,209 file.ManagerServant INFO Master manager not found
2026-08-27 20:45:47,193 file.ManagerServant INFO Master manager not found
2026-08-27 20:45:57,228 file.ManagerServant INFO Master manager not found
2026-08-27 20:46:07,294 file.ManagerServant INFO Master manager not found
2026-08-27 20:46:17,291 file.ManagerServant INFO Master manager not found
2026-08-27 20:46:27,326 file.ManagerServant INFO Master manager not found
2026-08-27 20:46:37,408 file.ManagerServant INFO Master manager not found
2026-08-27 20:46:47,507 file.ManagerServant INFO Master manager not found
2026-08-27 20:46:57,507 file.ManagerServant INFO Master manager not found
2026-08-27 20:47:07,506 file.ManagerServant INFO Master manager not found
2026-08-27 20:47:17,643 file.ManagerServant INFO Master manager not found
2026-08-27 20:47:27,723 file.ManagerServant INFO Master manager not found
2026-08-27 20:47:37,740 file.ManagerServant INFO Master manager not found
2026-08-27 20:47:47,694 file.ManagerServant INFO Master manager not found
2026-08-27 20:47:57,812 file.ManagerServant INFO Master manager not found
2026-08-27 20:48:07,908 file.ManagerServant INFO Master manager not found
2026-08-27 20:48:17,909 file.ManagerServant INFO Master manager not found
2026-08-27 20:48:27,925 file.ManagerServant INFO Master manager not found
2026-08-27 20:48:37,989 file.ManagerServant INFO Master manager not found
2026-08-27 20:48:47,990 file.ManagerServant INFO Master manager not found
2026-08-27 20:48:58,073 file.ManagerServant INFO Master manager not found
2026-08-27 20:49:08,165 file.ManagerServant INFO Master manager not found
2026-08-27 20:49:18,205 file.ManagerServant INFO Master manager not found
2026-08-27 20:49:28,273 file.ManagerServant INFO Master manager not found
2026-08-27 20:49:38,288 file.ManagerServant INFO Master manager not found
2026-08-27 20:49:48,343 file.ManagerServant INFO Master manager not found
2026-08-27 20:49:58,456 file.ManagerServant INFO Master manager not found
2026-08-27 20:50:08,521 file.ManagerServant INFO Master manager not found
2026-08-27 20:50:18,588 file.ManagerServant INFO Master manager not found
2026-08-27 20:50:28,604 file.ManagerServant INFO Master manager not found
2026-08-27 20:50:38,572 file.ManagerServant INFO Master manager not found
2026-08-27 20:50:48,655 file.ManagerServant INFO Master manager not found
2026-08-27 20:50:58,639 file.ManagerServant INFO Master manager not found
2026-08-27 20:51:08,705 file.ManagerServant INFO Master manager not found
2026-08-27 20:51:18,775 file.ManagerServant INFO Master manager not found
2026-08-27 20:51:28,853 file.ManagerServant INFO Master manager not found
2026-08-27 20:51:38,922 file.ManagerServant INFO Master manager not found
2026-08-27 20:51:48,922 file.ManagerServant INFO Master manager not found
2026-08-27 20:51:59,056 file.ManagerServant INFO Master manager not found
2026-08-27 20:52:09,088 file.ManagerServant INFO Master manager not found
2026-08-27 20:52:19,137 file.ManagerServant INFO Master manager not found
2026-08-27 20:52:29,238 file.ManagerServant INFO Master manager not found
2026-08-27 20:52:39,255 file.ManagerServant INFO Master manager not found
2026-08-27 20:52:49,387 file.ManagerServant INFO Master manager not found
2026-08-27 20:52:59,421 file.ManagerServant INFO Master manager not found
2026-08-27 20:53:09,437 file.ManagerServant INFO Master manager not found
2026-08-27 20:53:19,521 file.ManagerServant INFO Master manager not found
2026-08-27 20:53:29,539 file.ManagerServant INFO Master manager not found
2026-08-27 20:53:39,551 file.ManagerServant INFO Master manager not found
2026-08-27 20:53:49,586 file.ManagerServant INFO Master manager not found
2026-08-27 20:53:59,684 file.ManagerServant INFO Master manager not found
2026-08-27 20:54:09,717 file.ManagerServant INFO Master manager not found
2026-08-27 20:54:19,801 file.ManagerServant INFO Master manager not found
2026-08-27 20:54:29,818 file.ManagerServant INFO Master manager not found
2026-08-27 20:54:39,836 file.ManagerServant INFO Master manager not found
2026-08-27 20:54:49,835 file.ManagerServant INFO Master manager not found
2026-08-27 20:54:59,917 file.ManagerServant INFO Master manager not found
2026-08-27 20:55:10,001 file.ManagerServant INFO Master manager not found
2026-08-27 20:55:20,018 file.ManagerServant INFO Master manager not found
2026-08-27 20:55:30,116 file.ManagerServant INFO Master manager not found
2026-08-27 20:55:40,149 file.ManagerServant INFO Master manager not found
2026-08-27 20:55:50,250 file.ManagerServant INFO Master manager not found
2026-08-27 20:56:00,354 file.ManagerServant INFO Master manager not found
2026-08-27 20:56:10,419 file.ManagerServant INFO Master manager not found
2026-08-27 20:56:20,469 file.ManagerServant INFO Master manager not found
2026-08-27 20:56:30,501 file.ManagerServant INFO Master manager not found
2026-08-27 20:56:40,516 file.ManagerServant INFO Master manager not found
2026-08-27 20:56:50,615 file.ManagerServant INFO Master manager not found
2026-08-27 20:57:00,616 file.ManagerServant INFO Master manager not found
2026-08-27 20:57:10,618 file.ManagerServant INFO Master manager not found
2026-08-27 20:57:20,744 file.ManagerServant INFO Master manager not found
2026-08-27 20:57:30,744 file.ManagerServant INFO Master manager not found
2026-08-27 20:57:40,769 file.ManagerServant INFO Master manager not found
2026-08-27 20:57:50,882 file.ManagerServant INFO Master manager not found
2026-08-27 20:58:00,883 file.ManagerServant INFO Master manager not found
2026-08-27 20:58:10,914 file.ManagerServant INFO Master manager not found
2026-08-27 20:58:20,933 file.ManagerServant INFO Master manager not found
2026-08-27 20:58:31,019 file.ManagerServant INFO Master manager not found
2026-08-27 20:58:41,015 file.ManagerServant INFO Master manager not found
2026-08-27 20:58:51,123 file.ManagerServant INFO Master manager not found
2026-08-27 20:59:01,199 file.ManagerServant INFO Master manager not found
2026-08-27 20:59:11,299 file.ManagerServant INFO Master manager not found
2026-08-27 20:59:21,283 file.ManagerServant INFO Master manager not found
2026-08-27 20:59:31,399 file.ManagerServant INFO Master manager not found
2026-08-27 20:59:41,443 file.ManagerServant INFO Master manager not found
2026-08-27 20:59:51,480 file.ManagerServant INFO Master manager not found
2026-08-27 21:00:01,479 file.ManagerServant INFO Master manager not found
2026-08-27 21:00:11,613 file.ManagerServant INFO Master manager not found
2026-08-27 21:00:21,632 file.ManagerServant INFO Master manager not found
2026-08-27 21:00:31,681 file.ManagerServant INFO Master manager not found
2026-08-27 21:00:41,707 file.ManagerServant INFO Master manager not found
2026-08-27 21:00:51,733 file.ManagerServant INFO Master manager not found
2026-08-27 21:01:01,830 file.ManagerServant INFO Master manager not found
2026-08-27 21:01:11,864 file.ManagerServant INFO Master manager not found
2026-08-27 21:01:21,914 file.ManagerServant INFO Master manager not found
2026-08-27 21:01:31,995 file.ManagerServant INFO Master manager not found
2026-08-27 21:01:42,097 file.ManagerServant INFO Master manager not found
2026-08-27 21:01:52,112 file.ManagerServant INFO Master manager not found
2026-08-27 21:02:02,131 file.ManagerServant INFO Master manager not found
2026-08-27 21:02:12,183 file.ManagerServant INFO Master manager not found
2026-08-27 21:02:22,216 file.ManagerServant INFO Master manager not found
2026-08-27 21:02:32,310 file.ManagerServant INFO Master manager not found
2026-08-27 21:02:42,347 file.ManagerServant INFO Master manager not found
2026-08-27 21:02:52,328 file.ManagerServant INFO Master manager not found
2026-08-27 21:03:02,430 file.ManagerServant INFO Master manager not found
2026-08-27 21:03:12,443 file.ManagerServant INFO Master manager not found
2026-08-27 21:03:22,443 file.ManagerServant INFO Master manager not found
2026-08-27 21:03:32,544 file.ManagerServant INFO Master manager not found
2026-08-27 21:03:42,595 file.ManagerServant INFO Master manager not found
2026-08-27 21:03:52,625 file.ManagerServant INFO Master manager not found
2026-08-27 21:04:02,709 file.ManagerServant INFO Master manager not found
2026-08-27 21:04:12,811 file.ManagerServant INFO Master manager not found
2026-08-27 21:04:22,945 file.ManagerServant INFO Master manager not found
2026-08-27 21:04:32,993 file.ManagerServant INFO Master manager not found
2026-08-27 21:04:43,076 file.ManagerServant INFO Master manager not found
2026-08-27 21:04:53,158 file.ManagerServant INFO Master manager not found
