2026-08-26 21:41:57,428 file.manager INFO 2.1.0
2026-08-26 21:41:57,428 file.manager INFO Copyright (C) 2003-2026, Noriaki Ando and OpenRTM development team,
2026-08-26 21:41:57,428 file.manager INFO   Intelligent Systems Research Institute, AIST,
2026-08-26 21:41:57,428 file.manager INFO Copyright (C) 2026, Noriaki Ando and OpenRTM development team,
2026-08-26 21:41:57,428 file.manager INFO   Industrial Cyber-Physical Research Center, AIST,
2026-08-26 21:41:57,428 file.manager INFO   All right reserved.
2026-08-26 21:41:57,428 file.manager INFO Manager starting.
2026-08-26 21:41:57,428 file.manager INFO Starting local logging.
2026-08-26 21:41:57,429 file.manager.namingmanager INFO NameServer connection succeeded: corba/localhost
2026-08-26 21:41:57,431 file.ManagerServant INFO Master manager not found
2026-08-26 21:41:57,431 file.LocalServiceAdmin INFO All the local services are enabled.
2026-08-26 21:41:57,433 file.manager INFO Component type conf file: Startup_Generation_Before.conf loaded.
2026-08-26 21:41:57,434 file.ec_base INFO setRate(1000000.000000) done
2026-08-26 21:41:57,434 file.ec_base INFO setRate(1000.000000) done
2026-08-26 21:41:57,434 file.rtobject INFO 1 execution context was created.
2026-08-26 21:41:57,437 file.rtobject INFO Initial active configuration set is default.
2026-08-26 21:42:07,470 file.ManagerServant INFO Master manager not found
2026-08-26 21:42:17,507 file.ManagerServant INFO Master manager not found
2026-08-26 21:42:27,542 file.ManagerServant INFO Master manager not found
2026-08-26 21:42:37,582 file.ManagerServant INFO Master manager not found
2026-08-26 21:42:47,616 file.ManagerServant INFO Master manager not found
2026-08-26 21:42:57,650 file.ManagerServant INFO Master manager not found
2026-08-26 21:43:07,699 file.ManagerServant INFO Master manager not found
2026-08-26 21:43:17,743 file.ManagerServant INFO Master manager not found
2026-08-26 21:43:27,784 file.ManagerServant INFO Master manager not found
2026-08-26 21:43:28,620 file.SdoServiceAdmin WARNING No available SDO service in the factory: 
2026-08-26 21:43:28,621 file.SdoServiceAdmin ERROR type  not exists.
2026-08-26 21:43:37,821 file.ManagerServant INFO Master manager not found
2026-08-26 21:43:47,864 file.ManagerServant INFO Master manager not found
2026-08-26 21:43:57,907 file.ManagerServant INFO Master manager not found
2026-08-26 21:44:07,944 file.ManagerServant INFO Master manager not found
2026-08-26 21:44:17,995 file.ManagerServant INFO Master manager not found
2026-08-26 21:44:28,046 file.ManagerServant INFO Master manager not found
2026-08-26 21:44:38,079 file.ManagerServant INFO Master manager not found
2026-08-26 21:44:48,109 file.ManagerServant INFO Master manager not found
2026-08-26 21:44:58,145 file.ManagerServant INFO Master manager not found
2026-08-26 21:45:08,183 file.ManagerServant INFO Master manager not found
2026-08-26 21:45:18,217 file.ManagerServant INFO Master manager not found
2026-08-26 21:45:28,250 file.ManagerServant INFO Master manager not found
2026-08-26 21:45:38,277 file.ManagerServant INFO Master manager not found
2026-08-26 21:45:48,309 file.ManagerServant INFO Master manager not found
2026-08-26 21:45:58,341 file.ManagerServant INFO Master manager not found
2026-08-26 21:46:08,371 file.ManagerServant INFO Master manager not found
2026-08-26 21:46:18,403 file.ManagerServant INFO Master manager not found
2026-08-26 21:46:28,446 file.ManagerServant INFO Master manager not found
2026-08-26 21:46:38,483 file.ManagerServant INFO Master manager not found
2026-08-26 21:46:48,521 file.ManagerServant INFO Master manager not found
2026-08-26 21:46:58,553 file.ManagerServant INFO Master manager not found
2026-08-26 21:47:08,584 file.ManagerServant INFO Master manager not found
2026-08-26 21:47:18,616 file.ManagerServant INFO Master manager not found
2026-08-26 21:47:28,650 file.ManagerServant INFO Master manager not found
2026-08-26 21:47:38,694 file.ManagerServant INFO Master manager not found
2026-08-26 21:47:48,737 file.ManagerServant INFO Master manager not found
2026-08-26 21:47:58,780 file.ManagerServant INFO Master manager not found
2026-08-26 21:48:08,822 file.ManagerServant INFO Master manager not found
2026-08-26 21:48:18,866 file.ManagerServant INFO Master manager not found
2026-08-26 21:48:28,907 file.ManagerServant INFO Master manager not found
2026-08-26 21:48:38,951 file.ManagerServant INFO Master manager not found
2026-08-26 21:48:48,996 file.ManagerServant INFO Master manager not found
2026-08-26 21:48:59,040 file.ManagerServant INFO Master manager not found
2026-08-26 21:49:09,083 file.ManagerServant INFO Master manager not found
2026-08-26 21:49:19,127 file.ManagerServant INFO Master manager not found
2026-08-26 21:49:29,171 file.ManagerServant INFO Master manager not found
2026-08-26 21:49:39,214 file.ManagerServant INFO Master manager not found
2026-08-26 21:49:49,259 file.ManagerServant INFO Master manager not found
2026-08-26 21:49:59,305 file.ManagerServant INFO Master manager not found
2026-08-26 21:50:09,346 file.ManagerServant INFO Master manager not found
2026-08-26 21:50:19,391 file.ManagerServant INFO Master manager not found
2026-08-26 21:50:29,433 file.ManagerServant INFO Master manager not found
2026-08-26 21:50:39,478 file.ManagerServant INFO Master manager not found
2026-08-26 21:50:49,521 file.ManagerServant INFO Master manager not found
2026-08-26 21:50:59,567 file.ManagerServant INFO Master manager not found
2026-08-26 21:51:09,612 file.ManagerServant INFO Master manager not found
2026-08-26 21:51:19,655 file.ManagerServant INFO Master manager not found
2026-08-26 21:51:29,700 file.ManagerServant INFO Master manager not found
2026-08-26 21:51:39,744 file.ManagerServant INFO Master manager not found
2026-08-26 21:51:49,788 file.ManagerServant INFO Master manager not found
2026-08-26 21:51:59,828 file.ManagerServant INFO Master manager not found
2026-08-26 21:52:09,869 file.ManagerServant INFO Master manager not found
2026-08-26 21:52:19,913 file.ManagerServant INFO Master manager not found
2026-08-26 21:52:29,952 file.ManagerServant INFO Master manager not found
2026-08-26 21:52:39,994 file.ManagerServant INFO Master manager not found
2026-08-26 21:52:50,035 file.ManagerServant INFO Master manager not found
2026-08-26 21:53:00,077 file.ManagerServant INFO Master manager not found
2026-08-26 21:53:10,119 file.ManagerServant INFO Master manager not found
2026-08-26 21:53:20,162 file.ManagerServant INFO Master manager not found
2026-08-26 21:53:30,205 file.ManagerServant INFO Master manager not found
2026-08-26 21:53:40,247 file.ManagerServant INFO Master manager not found
2026-08-26 21:53:50,292 file.ManagerServant INFO Master manager not found
2026-08-26 21:54:00,333 file.ManagerServant INFO Master manager not found
2026-08-26 21:54:10,378 file.ManagerServant INFO Master manager not found
2026-08-26 21:54:20,419 file.ManagerServant INFO Master manager not found
2026-08-26 21:54:30,465 file.ManagerServant INFO Master manager not found
2026-08-26 21:54:40,509 file.ManagerServant INFO Master manager not found
2026-08-26 21:54:50,550 file.ManagerServant INFO Master manager not found
2026-08-26 21:55:00,593 file.ManagerServant INFO Master manager not found
2026-08-26 21:55:10,635 file.ManagerServant INFO Master manager not found
2026-08-26 21:55:20,678 file.ManagerServant INFO Master manager not found
2026-08-26 21:55:30,724 file.ManagerServant INFO Master manager not found
2026-08-26 21:55:40,768 file.ManagerServant INFO Master manager not found
2026-08-26 21:55:50,810 file.ManagerServant INFO Master manager not found
2026-08-26 21:56:00,853 file.ManagerServant INFO Master manager not found
2026-08-26 21:56:10,894 file.ManagerServant INFO Master manager not found
2026-08-26 21:56:20,939 file.ManagerServant INFO Master manager not found
2026-08-26 21:56:30,981 file.ManagerServant INFO Master manager not found
2026-08-26 21:56:41,023 file.ManagerServant INFO Master manager not found
2026-08-26 21:56:51,065 file.ManagerServant INFO Master manager not found
2026-08-26 21:57:01,109 file.ManagerServant INFO Master manager not found
2026-08-26 21:57:11,154 file.ManagerServant INFO Master manager not found
2026-08-26 21:57:21,194 file.ManagerServant INFO Master manager not found
2026-08-26 21:57:31,239 file.ManagerServant INFO Master manager not found
2026-08-26 21:57:41,284 file.ManagerServant INFO Master manager not found
2026-08-26 21:57:51,328 file.ManagerServant INFO Master manager not found
2026-08-26 21:58:01,374 file.ManagerServant INFO Master manager not found
2026-08-26 21:58:11,418 file.ManagerServant INFO Master manager not found
2026-08-26 21:58:21,461 file.ManagerServant INFO Master manager not found
2026-08-26 21:58:31,506 file.ManagerServant INFO Master manager not found
2026-08-26 22:00:39,049 file.ManagerServant INFO Master manager not found
2026-08-26 22:00:49,096 file.ManagerServant INFO Master manager not found
2026-08-26 22:00:59,143 file.ManagerServant INFO Master manager not found
2026-08-26 22:01:09,704 file.ManagerServant INFO Master manager not found
2026-08-26 22:01:19,755 file.ManagerServant INFO Master manager not found
2026-08-26 22:01:29,807 file.ManagerServant INFO Master manager not found
2026-08-26 22:21:58,757 file.ManagerServant INFO Master manager not found
2026-08-26 22:22:08,805 file.ManagerServant INFO Master manager not found
2026-08-26 22:22:18,854 file.ManagerServant INFO Master manager not found
2026-08-26 22:53:01,764 file.ManagerServant INFO Master manager not found
2026-08-26 22:53:11,815 file.ManagerServant INFO Master manager not found
2026-08-26 22:53:21,869 file.ManagerServant INFO Master manager not found
2026-08-26 22:53:31,923 file.ManagerServant INFO Master manager not found
2026-08-26 22:53:41,974 file.ManagerServant INFO Master manager not found
2026-08-26 22:53:52,027 file.ManagerServant INFO Master manager not found
2026-08-26 22:54:02,074 file.ManagerServant INFO Master manager not found
2026-08-26 22:54:12,123 file.ManagerServant INFO Master manager not found
2026-08-26 22:54:22,173 file.ManagerServant INFO Master manager not found
2026-08-26 22:54:32,217 file.ManagerServant INFO Master manager not found
2026-08-26 22:54:42,252 file.ManagerServant INFO Master manager not found
2026-08-26 22:54:52,295 file.ManagerServant INFO Master manager not found
2026-08-26 22:55:02,337 file.ManagerServant INFO Master manager not found
2026-08-26 22:55:12,380 file.ManagerServant INFO Master manager not found
2026-08-26 22:55:22,417 file.ManagerServant INFO Master manager not found
2026-08-26 22:55:32,459 file.ManagerServant INFO Master manager not found
2026-08-26 22:55:42,495 file.ManagerServant INFO Master manager not found
2026-08-26 22:55:52,539 file.ManagerServant INFO Master manager not found
2026-08-26 22:56:02,582 file.ManagerServant INFO Master manager not found
2026-08-26 22:56:12,626 file.ManagerServant INFO Master manager not found
2026-08-26 22:56:22,669 file.ManagerServant INFO Master manager not found
2026-08-26 22:56:32,707 file.ManagerServant INFO Master manager not found
2026-08-26 22:56:42,751 file.ManagerServant INFO Master manager not found
2026-08-26 22:56:52,791 file.ManagerServant INFO Master manager not found
2026-08-26 22:57:02,821 file.ManagerServant INFO Master manager not found
2026-08-26 22:57:12,859 file.ManagerServant INFO Master manager not found
2026-08-26 22:57:22,897 file.ManagerServant INFO Master manager not found
2026-08-26 22:57:32,934 file.ManagerServant INFO Master manager not found
2026-08-26 22:57:42,973 file.ManagerServant INFO Master manager not found
2026-08-26 22:57:53,012 file.ManagerServant INFO Master manager not found
2026-08-26 22:58:03,055 file.ManagerServant INFO Master manager not found
2026-08-26 22:58:13,093 file.ManagerServant INFO Master manager not found
2026-08-26 22:58:23,133 file.ManagerServant INFO Master manager not found
2026-08-26 22:58:33,168 file.ManagerServant INFO Master manager not found
2026-08-26 22:58:43,207 file.ManagerServant INFO Master manager not found
2026-08-26 22:58:53,245 file.ManagerServant INFO Master manager not found
2026-08-26 22:59:03,280 file.ManagerServant INFO Master manager not found
2026-08-26 22:59:13,320 file.ManagerServant INFO Master manager not found
2026-08-26 22:59:23,360 file.ManagerServant INFO Master manager not found
2026-08-26 22:59:33,396 file.ManagerServant INFO Master manager not found
2026-08-26 22:59:43,438 file.ManagerServant INFO Master manager not found
2026-08-26 22:59:53,476 file.ManagerServant INFO Master manager not found
2026-08-26 23:00:03,510 file.ManagerServant INFO Master manager not found
2026-08-26 23:00:13,547 file.ManagerServant INFO Master manager not found
2026-08-26 23:00:23,575 file.ManagerServant INFO Master manager not found
2026-08-26 23:00:33,608 file.ManagerServant INFO Master manager not found
2026-08-26 23:00:43,647 file.ManagerServant INFO Master manager not found
2026-08-26 23:00:53,684 file.ManagerServant INFO Master manager not found
2026-08-26 23:01:03,720 file.ManagerServant INFO Master manager not found
2026-08-26 23:01:13,760 file.ManagerServant INFO Master manager not found
2026-08-26 23:01:23,799 file.ManagerServant INFO Master manager not found
2026-08-26 23:01:33,843 file.ManagerServant INFO Master manager not found
2026-08-26 23:01:43,874 file.ManagerServant INFO Master manager not found
2026-08-26 23:01:53,908 file.ManagerServant INFO Master manager not found
2026-08-26 23:02:03,946 file.ManagerServant INFO Master manager not found
2026-08-26 23:02:13,986 file.ManagerServant INFO Master manager not found
2026-08-26 23:02:24,027 file.ManagerServant INFO Master manager not found
2026-08-26 23:02:34,067 file.ManagerServant INFO Master manager not found
2026-08-26 23:02:44,109 file.ManagerServant INFO Master manager not found
2026-08-26 23:02:54,150 file.ManagerServant INFO Master manager not found
2026-08-26 23:03:04,190 file.ManagerServant INFO Master manager not found
2026-08-26 23:03:14,229 file.ManagerServant INFO Master manager not found
2026-08-26 23:03:24,273 file.ManagerServant INFO Master manager not found
2026-08-26 23:03:34,314 file.ManagerServant INFO Master manager not found
2026-08-26 23:03:44,350 file.ManagerServant INFO Master manager not found
2026-08-26 23:03:54,388 file.ManagerServant INFO Master manager not found
2026-08-26 23:04:04,426 file.ManagerServant INFO Master manager not found
2026-08-26 23:04:14,463 file.ManagerServant INFO Master manager not found
2026-08-26 23:04:24,495 file.ManagerServant INFO Master manager not found
2026-08-26 23:04:34,536 file.ManagerServant INFO Master manager not found
2026-08-26 23:04:44,577 file.ManagerServant INFO Master manager not found
2026-08-26 23:04:54,610 file.ManagerServant INFO Master manager not found
2026-08-26 23:05:04,646 file.ManagerServant INFO Master manager not found
2026-08-26 23:05:14,682 file.ManagerServant INFO Master manager not found
2026-08-26 23:05:24,720 file.ManagerServant INFO Master manager not found
2026-08-26 23:05:34,760 file.ManagerServant INFO Master manager not found
2026-08-26 23:05:44,801 file.ManagerServant INFO Master manager not found
2026-08-26 23:05:54,836 file.ManagerServant INFO Master manager not found
2026-08-26 23:06:04,872 file.ManagerServant INFO Master manager not found
2026-08-26 23:06:14,908 file.ManagerServant INFO Master manager not found
2026-08-26 23:06:24,948 file.ManagerServant INFO Master manager not found
2026-08-26 23:06:34,986 file.ManagerServant INFO Master manager not found
2026-08-26 23:06:45,028 file.ManagerServant INFO Master manager not found
2026-08-26 23:06:55,066 file.ManagerServant INFO Master manager not found
2026-08-26 23:07:05,103 file.ManagerServant INFO Master manager not found
2026-08-26 23:07:15,137 file.ManagerServant INFO Master manager not found
2026-08-26 23:07:25,175 file.ManagerServant INFO Master manager not found
2026-08-26 23:07:35,210 file.ManagerServant INFO Master manager not found
2026-08-26 23:07:45,252 file.ManagerServant INFO Master manager not found
2026-08-26 23:07:55,290 file.ManagerServant INFO Master manager not found
2026-08-26 23:08:05,335 file.ManagerServant INFO Master manager not found
2026-08-26 23:08:15,376 file.ManagerServant INFO Master manager not found
2026-08-26 23:08:25,410 file.ManagerServant INFO Master manager not found
2026-08-26 23:08:35,446 file.ManagerServant INFO Master manager not found
2026-08-26 23:08:45,486 file.ManagerServant INFO Master manager not found
2026-08-26 23:08:55,527 file.ManagerServant INFO Master manager not found
2026-08-26 23:09:05,563 file.ManagerServant INFO Master manager not found
2026-08-26 23:09:15,597 file.ManagerServant INFO Master manager not found
2026-08-26 23:09:25,637 file.ManagerServant INFO Master manager not found
2026-08-26 23:09:35,676 file.ManagerServant INFO Master manager not found
2026-08-26 23:09:45,711 file.ManagerServant INFO Master manager not found
2026-08-26 23:09:55,748 file.ManagerServant INFO Master manager not found
2026-08-26 23:10:05,790 file.ManagerServant INFO Master manager not found
2026-08-26 23:10:15,829 file.ManagerServant INFO Master manager not found
2026-08-26 23:10:25,869 file.ManagerServant INFO Master manager not found
2026-08-26 23:10:35,909 file.ManagerServant INFO Master manager not found
2026-08-26 23:10:45,943 file.ManagerServant INFO Master manager not found
2026-08-26 23:10:55,979 file.ManagerServant INFO Master manager not found
2026-08-26 23:11:06,023 file.ManagerServant INFO Master manager not found
2026-08-26 23:11:16,067 file.ManagerServant INFO Master manager not found
2026-08-26 23:11:26,112 file.ManagerServant INFO Master manager not found
2026-08-26 23:11:36,155 file.ManagerServant INFO Master manager not found
2026-08-26 23:11:46,198 file.ManagerServant INFO Master manager not found
2026-08-26 23:11:56,237 file.ManagerServant INFO Master manager not found
2026-08-26 23:12:06,270 file.ManagerServant INFO Master manager not found
2026-08-26 23:12:16,307 file.ManagerServant INFO Master manager not found
2026-08-26 23:12:26,351 file.ManagerServant INFO Master manager not found
2026-08-26 23:12:36,400 file.ManagerServant INFO Master manager not found
2026-08-26 23:12:46,444 file.ManagerServant INFO Master manager not found
2026-08-26 23:12:56,481 file.ManagerServant INFO Master manager not found
2026-08-26 23:13:06,516 file.ManagerServant INFO Master manager not found
2026-08-26 23:13:16,545 file.ManagerServant INFO Master manager not found
2026-08-26 23:13:26,574 file.ManagerServant INFO Master manager not found
2026-08-26 23:13:36,606 file.ManagerServant INFO Master manager not found
2026-08-26 23:13:46,647 file.ManagerServant INFO Master manager not found
2026-08-26 23:13:56,682 file.ManagerServant INFO Master manager not found
2026-08-26 23:14:06,721 file.ManagerServant INFO Master manager not found
2026-08-26 23:14:16,764 file.ManagerServant INFO Master manager not found
2026-08-26 23:14:26,794 file.ManagerServant INFO Master manager not found
2026-08-26 23:14:36,832 file.ManagerServant INFO Master manager not found
2026-08-26 23:14:46,868 file.ManagerServant INFO Master manager not found
2026-08-26 23:14:56,902 file.ManagerServant INFO Master manager not found
2026-08-26 23:15:06,934 file.ManagerServant INFO Master manager not found
2026-08-26 23:15:16,973 file.ManagerServant INFO Master manager not found
2026-08-26 23:15:27,014 file.ManagerServant INFO Master manager not found
2026-08-26 23:15:37,057 file.ManagerServant INFO Master manager not found
2026-08-26 23:15:47,097 file.ManagerServant INFO Master manager not found
2026-08-26 23:15:57,132 file.ManagerServant INFO Master manager not found
2026-08-26 23:16:07,173 file.ManagerServant INFO Master manager not found
2026-08-26 23:16:17,213 file.ManagerServant INFO Master manager not found
2026-08-26 23:16:27,253 file.ManagerServant INFO Master manager not found
2026-08-26 23:16:37,294 file.ManagerServant INFO Master manager not found
2026-08-26 23:16:47,338 file.ManagerServant INFO Master manager not found
2026-08-26 23:16:57,377 file.ManagerServant INFO Master manager not found
2026-08-26 23:17:07,417 file.ManagerServant INFO Master manager not found
2026-08-26 23:17:17,454 file.ManagerServant INFO Master manager not found
2026-08-26 23:17:27,494 file.ManagerServant INFO Master manager not found
2026-08-26 23:17:37,532 file.ManagerServant INFO Master manager not found
2026-08-26 23:17:47,570 file.ManagerServant INFO Master manager not found
2026-08-26 23:17:57,614 file.ManagerServant INFO Master manager not found
2026-08-26 23:18:07,657 file.ManagerServant INFO Master manager not found
2026-08-26 23:18:17,696 file.ManagerServant INFO Master manager not found
2026-08-26 23:18:27,735 file.ManagerServant INFO Master manager not found
2026-08-26 23:18:37,777 file.ManagerServant INFO Master manager not found
2026-08-26 23:18:47,815 file.ManagerServant INFO Master manager not found
2026-08-26 23:18:57,851 file.ManagerServant INFO Master manager not found
2026-08-26 23:19:07,889 file.ManagerServant INFO Master manager not found
2026-08-26 23:19:17,929 file.ManagerServant INFO Master manager not found
2026-08-26 23:19:27,965 file.ManagerServant INFO Master manager not found
2026-08-26 23:19:38,003 file.ManagerServant INFO Master manager not found
2026-08-26 23:19:48,046 file.ManagerServant INFO Master manager not found
2026-08-26 23:19:58,086 file.ManagerServant INFO Master manager not found
2026-08-26 23:20:08,126 file.ManagerServant INFO Master manager not found
2026-08-26 23:20:18,161 file.ManagerServant INFO Master manager not found
2026-08-26 23:20:28,201 file.ManagerServant INFO Master manager not found
2026-08-26 23:20:38,244 file.ManagerServant INFO Master manager not found
2026-08-26 23:20:48,282 file.ManagerServant INFO Master manager not found
2026-08-26 23:20:58,320 file.ManagerServant INFO Master manager not found
2026-08-26 23:21:08,357 file.ManagerServant INFO Master manager not found
2026-08-26 23:21:18,398 file.ManagerServant INFO Master manager not found
2026-08-26 23:21:28,436 file.ManagerServant INFO Master manager not found
2026-08-26 23:21:38,473 file.ManagerServant INFO Master manager not found
2026-08-26 23:21:48,507 file.ManagerServant INFO Master manager not found
2026-08-26 23:21:58,545 file.ManagerServant INFO Master manager not found
2026-08-26 23:22:08,586 file.ManagerServant INFO Master manager not found
2026-08-26 23:22:18,626 file.ManagerServant INFO Master manager not found
2026-08-26 23:22:28,664 file.ManagerServant INFO Master manager not found
2026-08-26 23:22:38,706 file.ManagerServant INFO Master manager not found
2026-08-26 23:22:48,744 file.ManagerServant INFO Master manager not found
2026-08-26 23:22:58,784 file.ManagerServant INFO Master manager not found
2026-08-26 23:23:08,831 file.ManagerServant INFO Master manager not found
2026-08-26 23:23:18,874 file.ManagerServant INFO Master manager not found
2026-08-26 23:23:28,915 file.ManagerServant INFO Master manager not found
2026-08-26 23:23:38,954 file.ManagerServant INFO Master manager not found
2026-08-26 23:23:48,995 file.ManagerServant INFO Master manager not found
2026-08-26 23:23:59,037 file.ManagerServant INFO Master manager not found
2026-08-26 23:24:09,073 file.ManagerServant INFO Master manager not found
2026-08-26 23:24:19,111 file.ManagerServant INFO Master manager not found
2026-08-26 23:24:29,152 file.ManagerServant INFO Master manager not found
2026-08-26 23:24:39,184 file.ManagerServant INFO Master manager not found
2026-08-26 23:24:49,219 file.ManagerServant INFO Master manager not found
2026-08-26 23:24:59,256 file.ManagerServant INFO Master manager not found
2026-08-26 23:25:09,295 file.ManagerServant INFO Master manager not found
2026-08-26 23:25:19,330 file.ManagerServant INFO Master manager not found
2026-08-26 23:25:29,369 file.ManagerServant INFO Master manager not found
2026-08-26 23:25:39,410 file.ManagerServant INFO Master manager not found
2026-08-26 23:25:49,446 file.ManagerServant INFO Master manager not found
2026-08-26 23:25:59,483 file.ManagerServant INFO Master manager not found
2026-08-26 23:26:09,526 file.ManagerServant INFO Master manager not found
2026-08-26 23:26:19,563 file.ManagerServant INFO Master manager not found
2026-08-26 23:26:29,603 file.ManagerServant INFO Master manager not found
2026-08-26 23:26:39,652 file.ManagerServant INFO Master manager not found
2026-08-26 23:26:49,692 file.ManagerServant INFO Master manager not found
2026-08-26 23:26:59,723 file.ManagerServant INFO Master manager not found
2026-08-26 23:27:09,765 file.ManagerServant INFO Master manager not found
2026-08-26 23:27:19,816 file.ManagerServant INFO Master manager not found
2026-08-26 23:27:29,857 file.ManagerServant INFO Master manager not found
2026-08-26 23:27:39,897 file.ManagerServant INFO Master manager not found
2026-08-26 23:27:49,935 file.ManagerServant INFO Master manager not found
2026-08-26 23:27:59,980 file.ManagerServant INFO Master manager not found
2026-08-26 23:28:10,019 file.ManagerServant INFO Master manager not found
2026-08-26 23:28:20,053 file.ManagerServant INFO Master manager not found
2026-08-26 23:28:30,092 file.ManagerServant INFO Master manager not found
2026-08-26 23:28:40,130 file.ManagerServant INFO Master manager not found
2026-08-26 23:28:50,165 file.ManagerServant INFO Master manager not found
2026-08-26 23:29:00,198 file.ManagerServant INFO Master manager not found
2026-08-26 23:29:10,236 file.ManagerServant INFO Master manager not found
2026-08-26 23:29:20,272 file.ManagerServant INFO Master manager not found
2026-08-26 23:29:30,305 file.ManagerServant INFO Master manager not found
2026-08-26 23:29:40,342 file.ManagerServant INFO Master manager not found
2026-08-26 23:29:50,379 file.ManagerServant INFO Master manager not found
2026-08-26 23:30:00,422 file.ManagerServant INFO Master manager not found
2026-08-26 23:30:10,462 file.ManagerServant INFO Master manager not found
2026-08-26 23:30:20,508 file.ManagerServant INFO Master manager not found
2026-08-26 23:30:30,546 file.ManagerServant INFO Master manager not found
2026-08-26 23:30:40,584 file.ManagerServant INFO Master manager not found
2026-08-26 23:30:50,620 file.ManagerServant INFO Master manager not found
2026-08-26 23:31:00,658 file.ManagerServant INFO Master manager not found
2026-08-26 23:31:10,698 file.ManagerServant INFO Master manager not found
2026-08-26 23:31:20,738 file.ManagerServant INFO Master manager not found
2026-08-26 23:31:30,776 file.ManagerServant INFO Master manager not found
2026-08-26 23:31:40,812 file.ManagerServant INFO Master manager not found
2026-08-26 23:31:50,850 file.ManagerServant INFO Master manager not found
2026-08-26 23:32:00,894 file.ManagerServant INFO Master manager not found
2026-08-26 23:32:10,936 file.ManagerServant INFO Master manager not found
2026-08-26 23:32:20,974 file.ManagerServant INFO Master manager not found
2026-08-26 23:32:31,010 file.ManagerServant INFO Master manager not found
2026-08-26 23:32:41,050 file.ManagerServant INFO Master manager not found
2026-08-26 23:32:51,088 file.ManagerServant INFO Master manager not found
2026-08-26 23:33:01,125 file.ManagerServant INFO Master manager not found
2026-08-26 23:33:11,163 file.ManagerServant INFO Master manager not found
2026-08-26 23:33:21,203 file.ManagerServant INFO Master manager not found
2026-08-26 23:33:31,237 file.ManagerServant INFO Master manager not found
2026-08-26 23:33:41,277 file.ManagerServant INFO Master manager not found
2026-08-26 23:33:51,319 file.ManagerServant INFO Master manager not found
2026-08-26 23:34:01,359 file.ManagerServant INFO Master manager not found
2026-08-26 23:34:11,397 file.ManagerServant INFO Master manager not found
2026-08-26 23:34:21,437 file.ManagerServant INFO Master manager not found
2026-08-26 23:34:31,481 file.ManagerServant INFO Master manager not found
2026-08-26 23:34:41,515 file.ManagerServant INFO Master manager not found
2026-08-26 23:34:51,558 file.ManagerServant INFO Master manager not found
2026-08-26 23:35:01,598 file.ManagerServant INFO Master manager not found
2026-08-26 23:35:11,636 file.ManagerServant INFO Master manager not found
2026-08-26 23:35:21,672 file.ManagerServant INFO Master manager not found
2026-08-26 23:35:31,708 file.ManagerServant INFO Master manager not found
2026-08-26 23:35:41,744 file.ManagerServant INFO Master manager not found
2026-08-26 23:35:51,785 file.ManagerServant INFO Master manager not found
2026-08-26 23:36:01,826 file.ManagerServant INFO Master manager not found
