2026-08-27 19:46:10,877 file.manager INFO 2.0.2
2026-08-27 19:46:10,877 file.manager INFO Copyright (C) 2003-2024, Noriaki Ando and OpenRTM development team,
2026-08-27 19:46:10,877 file.manager INFO   Intelligent Systems Research Institute, AIST,
2026-08-27 19:46:10,877 file.manager INFO Copyright (C) 2024, Noriaki Ando and OpenRTM development team,
2026-08-27 19:46:10,877 file.manager INFO   Industrial Cyber-Physical Research Center, AIST,
2026-08-27 19:46:10,877 file.manager INFO   All right reserved.
2026-08-27 19:46:10,877 file.manager INFO Manager starting.
2026-08-27 19:46:10,877 file.manager INFO Starting local logging.
2026-08-27 19:46:14,976 file.manager.namingmanager INFO NameServer connection failed: corba/localhost
2026-08-27 19:46:19,077 file.ManagerServant INFO Master manager not found
2026-08-27 19:46:19,077 file.LocalServiceAdmin INFO All the local services are enabled.
2026-08-27 19:46:19,077 file.manager INFO Component type conf file: Startup_Generation_Before.conf loaded.
2026-08-27 19:46:19,077 file.ec_base INFO setRate(1000000.000000) done
2026-08-27 19:46:19,077 file.ec_base INFO setRate(1000.000000) done
2026-08-27 19:46:19,077 file.rtobject INFO 1 execution context was created.
2026-08-27 19:46:19,077 file.rtobject INFO Initial active configuration set is default.
2026-08-27 19:46:33,219 file.manager.namingmanager INFO NameServer connection failed: corba/localhost
2026-08-27 19:46:37,292 file.ManagerServant INFO Master manager not found
2026-08-27 19:46:43,326 file.manager.namingmanager INFO NameServer connection failed: corba/localhost
2026-08-27 19:46:47,410 file.ManagerServant INFO Master manager not found
2026-08-27 19:46:53,409 file.manager.namingmanager INFO NameServer connection failed: corba/localhost
2026-08-27 19:46:57,493 file.ManagerServant INFO Master manager not found
2026-08-27 19:47:03,459 file.manager.namingmanager INFO NameServer connection failed: corba/localhost
2026-08-27 19:47:07,543 file.ManagerServant INFO Master manager not found
2026-08-27 19:47:13,491 file.manager.namingmanager INFO NameServer connection failed: corba/localhost
2026-08-27 19:47:17,576 file.ManagerServant INFO Master manager not found
2026-08-27 19:47:23,593 file.manager.namingmanager INFO NameServer connection failed: corba/localhost
2026-08-27 19:47:27,659 file.ManagerServant INFO Master manager not found
2026-08-27 19:47:33,609 file.manager.namingmanager INFO NameServer connection failed: corba/localhost
2026-08-27 19:47:37,694 file.ManagerServant INFO Master manager not found
2026-08-27 19:47:43,657 file.manager.namingmanager INFO NameServer connection failed: corba/localhost
2026-08-27 19:47:47,727 file.ManagerServant INFO Master manager not found
2026-08-27 19:47:53,709 file.manager.namingmanager INFO NameServer connection failed: corba/localhost
2026-08-27 19:47:57,790 file.ManagerServant INFO Master manager not found
2026-08-27 19:48:03,728 file.manager.namingmanager INFO NameServer connection failed: corba/localhost
2026-08-27 19:48:07,823 file.ManagerServant INFO Master manager not found
2026-08-27 19:48:13,810 file.manager.namingmanager INFO NameServer connection failed: corba/localhost
2026-08-27 19:48:17,891 file.ManagerServant INFO Master manager not found
2026-08-27 19:48:23,876 file.manager.namingmanager INFO NameServer connection failed: corba/localhost
2026-08-27 19:48:27,973 file.ManagerServant INFO Master manager not found
2026-08-27 19:48:33,924 file.manager.namingmanager INFO NameServer connection failed: corba/localhost
2026-08-27 19:48:37,978 file.ManagerServant INFO Master manager not found
2026-08-27 19:48:43,977 file.manager.namingmanager INFO NameServer connection failed: corba/localhost
2026-08-27 19:48:48,076 file.ManagerServant INFO Master manager not found
2026-08-27 19:48:54,059 file.manager.namingmanager INFO NameServer connection failed: corba/localhost
2026-08-27 19:48:58,173 file.ManagerServant INFO Master manager not found
2026-08-27 19:49:04,173 file.manager.namingmanager INFO NameServer connection failed: corba/localhost
2026-08-27 19:49:08,263 file.ManagerServant INFO Master manager not found
2026-08-27 19:49:14,208 file.manager.namingmanager INFO NameServer connection failed: corba/localhost
2026-08-27 19:49:18,306 file.ManagerServant INFO Master manager not found
2026-08-27 19:49:24,190 file.manager.namingmanager INFO NameServer connection failed: corba/localhost
2026-08-27 19:49:28,254 file.ManagerServant INFO Master manager not found
2026-08-27 19:49:30,659 file.manager.namingmanager INFO NameServer connection succeeded: corba/localhost
2026-08-27 19:49:30,659 file.manager.namingmanager INFO Connected to a name server: corba/localhost
2026-08-27 19:49:34,748 file.ManagerServant INFO Master manager not found
2026-08-27 19:49:44,309 file.ManagerServant INFO Master manager not found
