2026-08-27 23:23:58,263 file.manager INFO 2.0.2
2026-08-27 23:23:58,263 file.manager INFO Copyright (C) 2003-2024, Noriaki Ando and OpenRTM development team,
2026-08-27 23:23:58,263 file.manager INFO   Intelligent Systems Research Institute, AIST,
2026-08-27 23:23:58,263 file.manager INFO Copyright (C) 2024, Noriaki Ando and OpenRTM development team,
2026-08-27 23:23:58,263 file.manager INFO   Industrial Cyber-Physical Research Center, AIST,
2026-08-27 23:23:58,263 file.manager INFO   All right reserved.
2026-08-27 23:23:58,263 file.manager INFO Manager starting.
2026-08-27 23:23:58,263 file.manager INFO Starting local logging.
2026-08-27 23:24:02,376 file.manager.namingmanager INFO NameServer connection failed: corba/localhost
2026-08-27 23:24:06,443 file.ManagerServant INFO Master manager not found
2026-08-27 23:24:06,445 file.LocalServiceAdmin INFO All the local services are enabled.
2026-08-27 23:24:06,459 file.manager INFO Component type conf file: Startup_Generation_Before.conf loaded.
2026-08-27 23:24:06,461 file.ec_base INFO setRate(1000000.000000) done
2026-08-27 23:24:06,461 file.ec_base INFO setRate(1000.000000) done
2026-08-27 23:24:06,462 file.rtobject INFO 1 execution context was created.
2026-08-27 23:24:06,464 file.rtobject INFO Initial active configuration set is default.
2026-08-27 23:24:20,576 file.manager.namingmanager INFO NameServer connection failed: corba/localhost
2026-08-27 23:24:24,689 file.ManagerServant INFO Master manager not found
2026-08-27 23:24:30,656 file.manager.namingmanager INFO NameServer connection failed: corba/localhost
2026-08-27 23:24:34,722 file.ManagerServant INFO Master manager not found
2026-08-27 23:24:40,672 file.manager.namingmanager INFO NameServer connection failed: corba/localhost
2026-08-27 23:24:44,756 file.ManagerServant INFO Master manager not found
2026-08-27 23:24:50,722 file.manager.namingmanager INFO NameServer connection failed: corba/localhost
2026-08-27 23:24:54,788 file.ManagerServant INFO Master manager not found
2026-08-27 23:25:00,789 file.manager.namingmanager INFO NameServer connection failed: corba/localhost
2026-08-27 23:25:04,857 file.ManagerServant INFO Master manager not found
2026-08-27 23:25:10,823 file.manager.namingmanager INFO NameServer connection failed: corba/localhost
2026-08-27 23:25:14,917 file.ManagerServant INFO Master manager not found
