2026-08-26 17:09:04,972 file.manager INFO 2.1.0
2026-08-26 17:09:04,972 file.manager INFO Copyright (C) 2003-2026, Noriaki Ando and OpenRTM development team,
2026-08-26 17:09:04,972 file.manager INFO   Intelligent Systems Research Institute, AIST,
2026-08-26 17:09:04,972 file.manager INFO Copyright (C) 2026, Noriaki Ando and OpenRTM development team,
2026-08-26 17:09:04,972 file.manager INFO   Industrial Cyber-Physical Research Center, AIST,
2026-08-26 17:09:04,972 file.manager INFO   All right reserved.
2026-08-26 17:09:04,972 file.manager INFO Manager starting.
2026-08-26 17:09:04,972 file.manager INFO Starting local logging.
2026-08-26 17:09:04,973 file.manager.namingmanager INFO NameServer connection succeeded: corba/localhost
2026-08-26 17:09:04,977 file.ManagerServant INFO Master manager not found
2026-08-26 17:09:04,978 file.LocalServiceAdmin INFO All the local services are enabled.
2026-08-26 17:09:04,981 file.manager INFO Component type conf file: Dummy_Vision.conf loaded.
2026-08-26 17:09:04,983 file.ec_base INFO setRate(1000000.000000) done
2026-08-26 17:09:04,983 file.ec_base INFO setRate(1000.000000) done
2026-08-26 17:09:04,983 file.rtobject INFO 1 execution context was created.
2026-08-26 17:09:04,985 file.rtobject INFO Initial active configuration set is default.
2026-08-26 17:09:15,034 file.ManagerServant INFO Master manager not found
2026-08-26 17:09:25,077 file.ManagerServant INFO Master manager not found
2026-08-26 17:09:35,118 file.ManagerServant INFO Master manager not found
2026-08-26 17:09:45,161 file.ManagerServant INFO Master manager not found
2026-08-26 17:09:55,209 file.ManagerServant INFO Master manager not found
2026-08-26 17:10:05,253 file.ManagerServant INFO Master manager not found
2026-08-26 17:10:05,284 file.SdoServiceAdmin WARNING No available SDO service in the factory: 
2026-08-26 17:10:05,284 file.SdoServiceAdmin ERROR type  not exists.
2026-08-26 17:10:15,293 file.ManagerServant INFO Master manager not found
2026-08-26 17:10:25,343 file.ManagerServant INFO Master manager not found
2026-08-26 17:10:35,385 file.ManagerServant INFO Master manager not found
2026-08-26 17:10:45,425 file.ManagerServant INFO Master manager not found
2026-08-26 17:10:55,468 file.ManagerServant INFO Master manager not found
2026-08-26 17:11:05,513 file.ManagerServant INFO Master manager not found
2026-08-26 17:11:15,563 file.ManagerServant INFO Master manager not found
2026-08-26 17:11:25,598 file.ManagerServant INFO Master manager not found
2026-08-26 17:11:35,636 file.ManagerServant INFO Master manager not found
2026-08-26 17:11:45,671 file.ManagerServant INFO Master manager not found
2026-08-26 17:11:55,705 file.ManagerServant INFO Master manager not found
2026-08-26 17:12:05,736 file.ManagerServant INFO Master manager not found
2026-08-26 17:12:15,777 file.ManagerServant INFO Master manager not found
2026-08-26 17:12:25,819 file.ManagerServant INFO Master manager not found
2026-08-26 17:12:35,854 file.ManagerServant INFO Master manager not found
2026-08-26 17:12:45,889 file.ManagerServant INFO Master manager not found
2026-08-26 17:12:55,919 file.ManagerServant INFO Master manager not found
2026-08-26 17:13:05,958 file.ManagerServant INFO Master manager not found
2026-08-26 17:13:15,990 file.ManagerServant INFO Master manager not found
2026-08-26 17:13:26,025 file.ManagerServant INFO Master manager not found
2026-08-26 17:13:36,059 file.ManagerServant INFO Master manager not found
2026-08-26 17:13:46,092 file.ManagerServant INFO Master manager not found
2026-08-26 17:13:56,119 file.ManagerServant INFO Master manager not found
2026-08-26 17:14:06,151 file.ManagerServant INFO Master manager not found
2026-08-26 17:14:16,188 file.ManagerServant INFO Master manager not found
2026-08-26 17:14:26,225 file.ManagerServant INFO Master manager not found
2026-08-26 17:14:36,260 file.ManagerServant INFO Master manager not found
2026-08-26 17:14:46,303 file.ManagerServant INFO Master manager not found
2026-08-26 17:14:56,340 file.ManagerServant INFO Master manager not found
2026-08-26 17:15:06,372 file.ManagerServant INFO Master manager not found
2026-08-26 17:15:16,407 file.ManagerServant INFO Master manager not found
2026-08-26 17:15:26,445 file.ManagerServant INFO Master manager not found
2026-08-26 17:15:36,489 file.ManagerServant INFO Master manager not found
2026-08-26 17:15:46,527 file.ManagerServant INFO Master manager not found
2026-08-26 17:15:56,566 file.ManagerServant INFO Master manager not found
2026-08-26 17:16:06,606 file.ManagerServant INFO Master manager not found
2026-08-26 17:16:16,644 file.ManagerServant INFO Master manager not found
2026-08-26 17:16:26,682 file.ManagerServant INFO Master manager not found
2026-08-26 17:16:36,723 file.ManagerServant INFO Master manager not found
2026-08-26 17:16:46,759 file.ManagerServant INFO Master manager not found
2026-08-26 17:16:56,799 file.ManagerServant INFO Master manager not found
2026-08-26 17:17:06,836 file.ManagerServant INFO Master manager not found
2026-08-26 17:17:16,874 file.ManagerServant INFO Master manager not found
2026-08-26 17:17:26,911 file.ManagerServant INFO Master manager not found
2026-08-26 17:17:36,948 file.ManagerServant INFO Master manager not found
2026-08-26 17:17:46,987 file.ManagerServant INFO Master manager not found
2026-08-26 17:17:57,024 file.ManagerServant INFO Master manager not found
2026-08-26 17:18:07,062 file.ManagerServant INFO Master manager not found
2026-08-26 17:18:17,102 file.ManagerServant INFO Master manager not found
2026-08-26 17:18:27,140 file.ManagerServant INFO Master manager not found
2026-08-26 17:18:37,177 file.ManagerServant INFO Master manager not found
2026-08-26 17:18:47,215 file.ManagerServant INFO Master manager not found
2026-08-26 17:18:57,254 file.ManagerServant INFO Master manager not found
2026-08-26 17:19:07,292 file.ManagerServant INFO Master manager not found
2026-08-26 17:19:17,331 file.ManagerServant INFO Master manager not found
2026-08-26 17:19:27,365 file.ManagerServant INFO Master manager not found
2026-08-26 17:19:37,404 file.ManagerServant INFO Master manager not found
2026-08-26 17:19:47,444 file.ManagerServant INFO Master manager not found
2026-08-26 17:19:57,481 file.ManagerServant INFO Master manager not found
2026-08-26 17:20:07,520 file.ManagerServant INFO Master manager not found
2026-08-26 17:20:17,559 file.ManagerServant INFO Master manager not found
2026-08-26 17:20:27,597 file.ManagerServant INFO Master manager not found
2026-08-26 17:20:37,633 file.ManagerServant INFO Master manager not found
2026-08-26 17:20:47,672 file.ManagerServant INFO Master manager not found
2026-08-26 17:20:57,712 file.ManagerServant INFO Master manager not found
2026-08-26 17:21:07,750 file.ManagerServant INFO Master manager not found
2026-08-26 17:21:17,789 file.ManagerServant INFO Master manager not found
2026-08-26 17:21:27,829 file.ManagerServant INFO Master manager not found
2026-08-26 17:21:37,870 file.ManagerServant INFO Master manager not found
2026-08-26 17:21:47,909 file.ManagerServant INFO Master manager not found
2026-08-26 17:21:57,950 file.ManagerServant INFO Master manager not found
2026-08-26 17:22:07,992 file.ManagerServant INFO Master manager not found
2026-08-26 17:22:18,031 file.ManagerServant INFO Master manager not found
2026-08-26 17:22:28,067 file.ManagerServant INFO Master manager not found
2026-08-26 17:22:38,106 file.ManagerServant INFO Master manager not found
2026-08-26 17:22:48,144 file.ManagerServant INFO Master manager not found
2026-08-26 17:22:58,184 file.ManagerServant INFO Master manager not found
2026-08-26 17:23:08,222 file.ManagerServant INFO Master manager not found
2026-08-26 17:23:18,260 file.ManagerServant INFO Master manager not found
2026-08-26 17:23:28,298 file.ManagerServant INFO Master manager not found
2026-08-26 17:23:38,337 file.ManagerServant INFO Master manager not found
2026-08-26 17:23:48,376 file.ManagerServant INFO Master manager not found
2026-08-26 17:23:58,416 file.ManagerServant INFO Master manager not found
2026-08-26 17:24:08,455 file.ManagerServant INFO Master manager not found
2026-08-26 17:24:18,494 file.ManagerServant INFO Master manager not found
2026-08-26 17:24:28,531 file.ManagerServant INFO Master manager not found
2026-08-26 17:24:38,570 file.ManagerServant INFO Master manager not found
2026-08-26 17:24:48,608 file.ManagerServant INFO Master manager not found
2026-08-26 17:24:58,648 file.ManagerServant INFO Master manager not found
2026-08-26 17:25:08,687 file.ManagerServant INFO Master manager not found
2026-08-26 17:25:18,726 file.ManagerServant INFO Master manager not found
2026-08-26 17:25:28,765 file.ManagerServant INFO Master manager not found
2026-08-26 17:25:38,809 file.ManagerServant INFO Master manager not found
2026-08-26 17:25:48,845 file.ManagerServant INFO Master manager not found
2026-08-26 17:25:58,884 file.ManagerServant INFO Master manager not found
2026-08-26 17:26:08,924 file.ManagerServant INFO Master manager not found
2026-08-26 17:26:18,963 file.ManagerServant INFO Master manager not found
2026-08-26 17:26:29,003 file.ManagerServant INFO Master manager not found
2026-08-26 17:26:39,040 file.ManagerServant INFO Master manager not found
2026-08-26 17:26:49,077 file.ManagerServant INFO Master manager not found
2026-08-26 17:26:59,115 file.ManagerServant INFO Master manager not found
2026-08-26 17:27:09,154 file.ManagerServant INFO Master manager not found
2026-08-26 17:27:19,194 file.ManagerServant INFO Master manager not found
2026-08-26 17:27:29,232 file.ManagerServant INFO Master manager not found
2026-08-26 17:27:39,270 file.ManagerServant INFO Master manager not found
2026-08-26 17:27:49,310 file.ManagerServant INFO Master manager not found
2026-08-26 17:27:59,348 file.ManagerServant INFO Master manager not found
2026-08-26 17:28:09,390 file.ManagerServant INFO Master manager not found
2026-08-26 17:28:19,429 file.ManagerServant INFO Master manager not found
2026-08-26 17:28:29,468 file.ManagerServant INFO Master manager not found
2026-08-26 17:28:39,509 file.ManagerServant INFO Master manager not found
2026-08-26 17:28:49,548 file.ManagerServant INFO Master manager not found
2026-08-26 17:28:59,587 file.ManagerServant INFO Master manager not found
2026-08-26 17:29:09,624 file.ManagerServant INFO Master manager not found
2026-08-26 17:29:19,663 file.ManagerServant INFO Master manager not found
2026-08-26 17:29:29,703 file.ManagerServant INFO Master manager not found
2026-08-26 17:29:39,743 file.ManagerServant INFO Master manager not found
2026-08-26 17:29:49,781 file.ManagerServant INFO Master manager not found
2026-08-26 17:29:59,821 file.ManagerServant INFO Master manager not found
2026-08-26 17:30:09,860 file.ManagerServant INFO Master manager not found
2026-08-26 17:30:19,901 file.ManagerServant INFO Master manager not found
2026-08-26 17:30:29,941 file.ManagerServant INFO Master manager not found
2026-08-26 17:30:39,979 file.ManagerServant INFO Master manager not found
2026-08-26 17:30:50,019 file.ManagerServant INFO Master manager not found
2026-08-26 17:31:00,060 file.ManagerServant INFO Master manager not found
2026-08-26 17:31:10,102 file.ManagerServant INFO Master manager not found
2026-08-26 17:31:20,145 file.ManagerServant INFO Master manager not found
2026-08-26 17:31:30,185 file.ManagerServant INFO Master manager not found
2026-08-26 17:31:40,224 file.ManagerServant INFO Master manager not found
2026-08-26 17:31:50,263 file.ManagerServant INFO Master manager not found
2026-08-26 17:32:00,304 file.ManagerServant INFO Master manager not found
2026-08-26 17:32:10,340 file.ManagerServant INFO Master manager not found
2026-08-26 17:32:20,380 file.ManagerServant INFO Master manager not found
2026-08-26 17:32:30,421 file.ManagerServant INFO Master manager not found
2026-08-26 17:32:40,460 file.ManagerServant INFO Master manager not found
2026-08-26 17:32:50,500 file.ManagerServant INFO Master manager not found
2026-08-26 17:33:00,539 file.ManagerServant INFO Master manager not found
2026-08-26 17:33:10,577 file.ManagerServant INFO Master manager not found
2026-08-26 17:33:20,616 file.ManagerServant INFO Master manager not found
2026-08-26 17:33:30,653 file.ManagerServant INFO Master manager not found
2026-08-26 17:33:40,692 file.ManagerServant INFO Master manager not found
2026-08-26 17:33:50,733 file.ManagerServant INFO Master manager not found
2026-08-26 17:34:00,770 file.ManagerServant INFO Master manager not found
2026-08-26 17:34:10,809 file.ManagerServant INFO Master manager not found
2026-08-26 17:34:20,850 file.ManagerServant INFO Master manager not found
2026-08-26 17:34:30,888 file.ManagerServant INFO Master manager not found
2026-08-26 17:34:40,926 file.ManagerServant INFO Master manager not found
2026-08-26 17:34:50,964 file.ManagerServant INFO Master manager not found
2026-08-26 17:35:01,001 file.ManagerServant INFO Master manager not found
2026-08-26 17:35:16,871 file.ManagerServant INFO Master manager not found
2026-08-26 17:35:26,920 file.ManagerServant INFO Master manager not found
2026-08-26 17:35:36,966 file.ManagerServant INFO Master manager not found
2026-08-26 17:35:47,005 file.ManagerServant INFO Master manager not found
2026-08-26 17:35:57,050 file.ManagerServant INFO Master manager not found
2026-08-26 17:36:07,092 file.ManagerServant INFO Master manager not found
2026-08-26 17:36:17,131 file.ManagerServant INFO Master manager not found
2026-08-26 17:36:27,173 file.ManagerServant INFO Master manager not found
2026-08-26 17:36:37,223 file.ManagerServant INFO Master manager not found
2026-08-26 17:36:47,273 file.ManagerServant INFO Master manager not found
2026-08-26 17:36:57,323 file.ManagerServant INFO Master manager not found
2026-08-26 17:37:07,374 file.ManagerServant INFO Master manager not found
2026-08-26 17:37:17,424 file.ManagerServant INFO Master manager not found
2026-08-26 17:37:27,474 file.ManagerServant INFO Master manager not found
2026-08-26 17:37:37,524 file.ManagerServant INFO Master manager not found
2026-08-26 17:37:47,575 file.ManagerServant INFO Master manager not found
2026-08-26 17:37:57,627 file.ManagerServant INFO Master manager not found
2026-08-26 17:38:07,676 file.ManagerServant INFO Master manager not found
2026-08-26 17:38:17,726 file.ManagerServant INFO Master manager not found
2026-08-26 17:38:27,774 file.ManagerServant INFO Master manager not found
2026-08-26 17:38:37,823 file.ManagerServant INFO Master manager not found
2026-08-26 17:38:47,872 file.ManagerServant INFO Master manager not found
2026-08-26 17:38:57,919 file.ManagerServant INFO Master manager not found
2026-08-26 17:39:07,971 file.ManagerServant INFO Master manager not found
2026-08-26 17:39:18,017 file.ManagerServant INFO Master manager not found
2026-08-26 17:39:28,066 file.ManagerServant INFO Master manager not found
2026-08-26 17:39:38,115 file.ManagerServant INFO Master manager not found
2026-08-26 17:39:48,165 file.ManagerServant INFO Master manager not found
2026-08-26 17:39:58,215 file.ManagerServant INFO Master manager not found
2026-08-26 17:40:08,264 file.ManagerServant INFO Master manager not found
2026-08-26 17:40:18,313 file.ManagerServant INFO Master manager not found
2026-08-26 17:40:28,361 file.ManagerServant INFO Master manager not found
2026-08-26 17:40:38,410 file.ManagerServant INFO Master manager not found
2026-08-26 17:40:48,459 file.ManagerServant INFO Master manager not found
2026-08-26 17:40:58,506 file.ManagerServant INFO Master manager not found
2026-08-26 17:41:08,555 file.ManagerServant INFO Master manager not found
2026-08-26 17:41:18,603 file.ManagerServant INFO Master manager not found
2026-08-26 17:41:28,652 file.ManagerServant INFO Master manager not found
2026-08-26 17:41:38,702 file.ManagerServant INFO Master manager not found
2026-08-26 17:41:48,748 file.ManagerServant INFO Master manager not found
2026-08-26 17:41:58,786 file.ManagerServant INFO Master manager not found
