2026-08-26 15:16:32,852 file.manager INFO 2.0.2
2026-08-26 15:16:32,852 file.manager INFO Copyright (C) 2003-2024, Noriaki Ando and OpenRTM development team,
2026-08-26 15:16:32,852 file.manager INFO   Intelligent Systems Research Institute, AIST,
2026-08-26 15:16:32,852 file.manager INFO Copyright (C) 2024, Noriaki Ando and OpenRTM development team,
2026-08-26 15:16:32,852 file.manager INFO   Industrial Cyber-Physical Research Center, AIST,
2026-08-26 15:16:32,852 file.manager INFO   All right reserved.
2026-08-26 15:16:32,852 file.manager INFO Manager starting.
2026-08-26 15:16:32,852 file.manager INFO Starting local logging.
2026-08-26 15:16:32,858 file.manager.namingmanager INFO NameServer connection succeeded: corba/localhost
2026-08-26 15:16:36,990 file.ManagerServant INFO Master manager not found
2026-08-26 15:16:36,992 file.LocalServiceAdmin INFO All the local services are enabled.
2026-08-26 15:16:36,997 file.manager INFO Component type conf file: Dummy_Vision.conf loaded.
2026-08-26 15:16:36,999 file.ec_base INFO setRate(1000000.000000) done
2026-08-26 15:16:37,000 file.ec_base INFO setRate(1000.000000) done
2026-08-26 15:16:37,000 file.rtobject INFO 1 execution context was created.
2026-08-26 15:16:37,001 file.rtobject INFO Initial active configuration set is default.
2026-08-26 15:16:51,164 file.ManagerServant INFO Master manager not found
2026-08-26 15:17:01,223 file.ManagerServant INFO Master manager not found
2026-08-26 15:17:11,261 file.ManagerServant INFO Master manager not found
2026-08-26 15:17:21,314 file.ManagerServant INFO Master manager not found
2026-08-26 15:17:31,392 file.ManagerServant INFO Master manager not found
2026-08-26 15:17:41,436 file.ManagerServant INFO Master manager not found
2026-08-26 15:17:51,492 file.ManagerServant INFO Master manager not found
2026-08-26 15:18:01,567 file.ManagerServant INFO Master manager not found
2026-08-26 15:18:11,620 file.ManagerServant INFO Master manager not found
2026-08-26 15:18:21,675 file.ManagerServant INFO Master manager not found
2026-08-26 15:18:31,709 file.ManagerServant INFO Master manager not found
2026-08-26 15:18:41,779 file.ManagerServant INFO Master manager not found
2026-08-26 15:18:51,818 file.ManagerServant INFO Master manager not found
2026-08-26 15:19:01,907 file.ManagerServant INFO Master manager not found
2026-08-26 15:19:11,906 file.ManagerServant INFO Master manager not found
2026-08-26 15:19:21,975 file.ManagerServant INFO Master manager not found
2026-08-26 15:19:32,046 file.ManagerServant INFO Master manager not found
2026-08-26 15:19:42,055 file.ManagerServant INFO Master manager not found
2026-08-26 15:19:52,104 file.ManagerServant INFO Master manager not found
2026-08-26 15:20:02,157 file.ManagerServant INFO Master manager not found
2026-08-26 15:20:12,193 file.ManagerServant INFO Master manager not found
2026-08-26 15:20:22,247 file.ManagerServant INFO Master manager not found
2026-08-26 15:20:32,282 file.ManagerServant INFO Master manager not found
2026-08-26 15:20:42,334 file.ManagerServant INFO Master manager not found
2026-08-26 15:20:52,407 file.ManagerServant INFO Master manager not found
2026-08-26 15:21:02,457 file.ManagerServant INFO Master manager not found
2026-08-26 15:21:12,510 file.ManagerServant INFO Master manager not found
2026-08-26 15:21:22,601 file.ManagerServant INFO Master manager not found
2026-08-26 15:21:32,665 file.ManagerServant INFO Master manager not found
2026-08-26 15:21:42,734 file.ManagerServant INFO Master manager not found
2026-08-26 15:21:52,817 file.ManagerServant INFO Master manager not found
2026-08-26 15:22:02,869 file.ManagerServant INFO Master manager not found
2026-08-26 15:22:12,927 file.ManagerServant INFO Master manager not found
2026-08-26 15:22:23,027 file.ManagerServant INFO Master manager not found
2026-08-26 15:22:33,108 file.ManagerServant INFO Master manager not found
2026-08-26 15:22:43,181 file.ManagerServant INFO Master manager not found
2026-08-26 15:22:53,240 file.ManagerServant INFO Master manager not found
2026-08-26 15:23:03,331 file.ManagerServant INFO Master manager not found
2026-08-26 15:23:13,392 file.ManagerServant INFO Master manager not found
2026-08-26 15:23:23,460 file.ManagerServant INFO Master manager not found
2026-08-26 15:23:33,511 file.ManagerServant INFO Master manager not found
2026-08-26 15:23:43,560 file.ManagerServant INFO Master manager not found
2026-08-26 15:23:53,613 file.ManagerServant INFO Master manager not found
2026-08-26 15:24:03,639 file.ManagerServant INFO Master manager not found
2026-08-26 15:24:13,665 file.ManagerServant INFO Master manager not found
2026-08-26 15:24:23,686 file.ManagerServant INFO Master manager not found
2026-08-26 15:24:33,716 file.ManagerServant INFO Master manager not found
2026-08-26 15:24:43,772 file.ManagerServant INFO Master manager not found
2026-08-26 15:24:53,818 file.ManagerServant INFO Master manager not found
2026-08-26 15:25:03,886 file.ManagerServant INFO Master manager not found
2026-08-26 15:25:13,920 file.ManagerServant INFO Master manager not found
2026-08-26 15:25:23,948 file.ManagerServant INFO Master manager not found
2026-08-26 15:25:33,997 file.ManagerServant INFO Master manager not found
2026-08-26 15:25:44,035 file.ManagerServant INFO Master manager not found
2026-08-26 15:25:54,070 file.ManagerServant INFO Master manager not found
2026-08-26 15:26:04,105 file.ManagerServant INFO Master manager not found
2026-08-26 15:26:14,161 file.ManagerServant INFO Master manager not found
2026-08-26 15:26:24,223 file.ManagerServant INFO Master manager not found
2026-08-26 15:26:34,294 file.ManagerServant INFO Master manager not found
2026-08-26 15:26:44,343 file.ManagerServant INFO Master manager not found
2026-08-26 15:26:54,347 file.ManagerServant INFO Master manager not found
2026-08-26 15:27:04,475 file.ManagerServant INFO Master manager not found
2026-08-26 15:27:14,480 file.ManagerServant INFO Master manager not found
2026-08-26 15:27:24,532 file.ManagerServant INFO Master manager not found
2026-08-26 15:27:34,568 file.ManagerServant INFO Master manager not found
2026-08-26 15:27:44,632 file.ManagerServant INFO Master manager not found
2026-08-26 15:27:54,675 file.ManagerServant INFO Master manager not found
2026-08-26 15:28:04,692 file.ManagerServant INFO Master manager not found
2026-08-26 15:28:14,705 file.ManagerServant INFO Master manager not found
2026-08-26 15:28:24,755 file.ManagerServant INFO Master manager not found
2026-08-26 15:28:34,792 file.ManagerServant INFO Master manager not found
2026-08-26 15:28:44,838 file.ManagerServant INFO Master manager not found
2026-08-26 15:28:54,880 file.ManagerServant INFO Master manager not found
2026-08-26 15:29:04,935 file.ManagerServant INFO Master manager not found
2026-08-26 15:29:14,971 file.ManagerServant INFO Master manager not found
2026-08-26 15:29:24,984 file.ManagerServant INFO Master manager not found
2026-08-26 15:29:35,008 file.ManagerServant INFO Master manager not found
2026-08-26 15:29:45,045 file.ManagerServant INFO Master manager not found
2026-08-26 15:29:55,083 file.ManagerServant INFO Master manager not found
2026-08-26 15:30:05,145 file.ManagerServant INFO Master manager not found
2026-08-26 15:30:15,205 file.ManagerServant INFO Master manager not found
2026-08-26 15:30:25,249 file.ManagerServant INFO Master manager not found
2026-08-26 15:30:35,333 file.ManagerServant INFO Master manager not found
2026-08-26 15:30:45,377 file.ManagerServant INFO Master manager not found
2026-08-26 15:30:55,434 file.ManagerServant INFO Master manager not found
2026-08-26 15:31:05,486 file.ManagerServant INFO Master manager not found
2026-08-26 15:31:15,533 file.ManagerServant INFO Master manager not found
2026-08-26 15:31:25,586 file.ManagerServant INFO Master manager not found
2026-08-26 15:31:35,633 file.ManagerServant INFO Master manager not found
2026-08-26 15:31:45,677 file.ManagerServant INFO Master manager not found
2026-08-26 15:31:55,779 file.ManagerServant INFO Master manager not found
2026-08-26 15:32:05,825 file.ManagerServant INFO Master manager not found
2026-08-26 15:32:15,864 file.ManagerServant INFO Master manager not found
2026-08-26 15:32:25,924 file.ManagerServant INFO Master manager not found
2026-08-26 15:32:35,959 file.ManagerServant INFO Master manager not found
2026-08-26 15:32:46,007 file.ManagerServant INFO Master manager not found
2026-08-26 15:32:56,040 file.ManagerServant INFO Master manager not found
2026-08-26 15:33:06,080 file.ManagerServant INFO Master manager not found
2026-08-26 15:33:16,122 file.ManagerServant INFO Master manager not found
2026-08-26 15:33:26,157 file.ManagerServant INFO Master manager not found
2026-08-26 15:33:36,223 file.ManagerServant INFO Master manager not found
2026-08-26 15:33:46,267 file.ManagerServant INFO Master manager not found
2026-08-26 15:33:56,325 file.ManagerServant INFO Master manager not found
2026-08-26 15:34:06,374 file.ManagerServant INFO Master manager not found
2026-08-26 15:34:16,414 file.ManagerServant INFO Master manager not found
2026-08-26 15:34:26,461 file.ManagerServant INFO Master manager not found
2026-08-26 15:34:36,509 file.ManagerServant INFO Master manager not found
2026-08-26 15:34:46,542 file.ManagerServant INFO Master manager not found
2026-08-26 15:34:56,599 file.ManagerServant INFO Master manager not found
2026-08-26 15:35:06,645 file.ManagerServant INFO Master manager not found
2026-08-26 15:35:16,687 file.ManagerServant INFO Master manager not found
2026-08-26 15:35:26,723 file.ManagerServant INFO Master manager not found
2026-08-26 15:35:36,786 file.ManagerServant INFO Master manager not found
2026-08-26 15:35:46,828 file.ManagerServant INFO Master manager not found
2026-08-26 15:35:56,890 file.ManagerServant INFO Master manager not found
2026-08-26 15:36:06,965 file.ManagerServant INFO Master manager not found
2026-08-26 15:36:16,992 file.ManagerServant INFO Master manager not found
2026-08-26 15:36:27,034 file.ManagerServant INFO Master manager not found
2026-08-26 15:36:37,104 file.ManagerServant INFO Master manager not found
2026-08-26 15:36:47,129 file.ManagerServant INFO Master manager not found
2026-08-26 15:36:57,160 file.ManagerServant INFO Master manager not found
2026-08-26 15:37:07,198 file.ManagerServant INFO Master manager not found
2026-08-26 15:37:17,257 file.ManagerServant INFO Master manager not found
2026-08-26 15:37:27,299 file.ManagerServant INFO Master manager not found
2026-08-26 15:37:37,319 file.ManagerServant INFO Master manager not found
2026-08-26 15:37:47,352 file.ManagerServant INFO Master manager not found
2026-08-26 15:37:57,391 file.ManagerServant INFO Master manager not found
2026-08-26 15:38:07,428 file.ManagerServant INFO Master manager not found
2026-08-26 15:38:17,528 file.ManagerServant INFO Master manager not found
2026-08-26 15:38:27,587 file.ManagerServant INFO Master manager not found
2026-08-26 15:38:37,627 file.ManagerServant INFO Master manager not found
2026-08-26 15:38:47,662 file.ManagerServant INFO Master manager not found
2026-08-26 15:38:57,715 file.ManagerServant INFO Master manager not found
2026-08-26 15:39:07,759 file.ManagerServant INFO Master manager not found
2026-08-26 15:39:17,800 file.ManagerServant INFO Master manager not found
2026-08-26 15:39:27,835 file.ManagerServant INFO Master manager not found
2026-08-26 15:39:37,875 file.ManagerServant INFO Master manager not found
2026-08-26 15:39:47,912 file.ManagerServant INFO Master manager not found
2026-08-26 15:39:57,970 file.ManagerServant INFO Master manager not found
2026-08-26 15:40:08,036 file.ManagerServant INFO Master manager not found
2026-08-26 15:40:18,085 file.ManagerServant INFO Master manager not found
2026-08-26 15:40:28,143 file.ManagerServant INFO Master manager not found
2026-08-26 15:40:38,195 file.ManagerServant INFO Master manager not found
2026-08-26 15:40:48,222 file.ManagerServant INFO Master manager not found
2026-08-26 15:40:58,256 file.ManagerServant INFO Master manager not found
2026-08-26 15:41:08,327 file.ManagerServant INFO Master manager not found
2026-08-26 15:41:18,356 file.ManagerServant INFO Master manager not found
2026-08-26 15:41:28,389 file.ManagerServant INFO Master manager not found
2026-08-26 15:41:38,420 file.ManagerServant INFO Master manager not found
2026-08-26 15:41:48,450 file.ManagerServant INFO Master manager not found
2026-08-26 15:41:58,471 file.ManagerServant INFO Master manager not found
2026-08-26 15:42:08,552 file.ManagerServant INFO Master manager not found
2026-08-26 15:42:18,544 file.ManagerServant INFO Master manager not found
2026-08-26 15:42:28,665 file.ManagerServant INFO Master manager not found
2026-08-26 15:42:38,690 file.ManagerServant INFO Master manager not found
2026-08-26 15:42:48,734 file.ManagerServant INFO Master manager not found
2026-08-26 15:42:55,235 file.SdoServiceAdmin WARNING No available SDO service in the factory: 
2026-08-26 15:42:55,235 file.SdoServiceAdmin ERROR type  not exists.
2026-08-26 15:42:58,800 file.ManagerServant INFO Master manager not found
2026-08-26 15:43:08,835 file.ManagerServant INFO Master manager not found
2026-08-26 15:43:18,867 file.ManagerServant INFO Master manager not found
2026-08-26 15:43:28,915 file.ManagerServant INFO Master manager not found
2026-08-26 15:43:38,995 file.ManagerServant INFO Master manager not found
2026-08-26 15:43:49,048 file.ManagerServant INFO Master manager not found
2026-08-26 15:43:59,115 file.ManagerServant INFO Master manager not found
2026-08-26 15:44:09,179 file.ManagerServant INFO Master manager not found
2026-08-26 15:44:19,239 file.ManagerServant INFO Master manager not found
2026-08-26 15:44:29,310 file.ManagerServant INFO Master manager not found
2026-08-26 15:44:39,378 file.ManagerServant INFO Master manager not found
2026-08-26 15:44:49,450 file.ManagerServant INFO Master manager not found
2026-08-26 15:44:59,437 file.ManagerServant INFO Master manager not found
2026-08-26 15:45:09,545 file.ManagerServant INFO Master manager not found
2026-08-26 15:45:19,555 file.ManagerServant INFO Master manager not found
2026-08-26 15:45:29,591 file.ManagerServant INFO Master manager not found
2026-08-26 15:45:39,601 file.ManagerServant INFO Master manager not found
2026-08-26 15:45:49,642 file.ManagerServant INFO Master manager not found
2026-08-26 15:45:59,662 file.ManagerServant INFO Master manager not found
2026-08-26 15:46:09,721 file.ManagerServant INFO Master manager not found
2026-08-26 15:46:19,765 file.ManagerServant INFO Master manager not found
2026-08-26 15:46:29,795 file.ManagerServant INFO Master manager not found
2026-08-26 15:46:39,793 file.ManagerServant INFO Master manager not found
2026-08-26 15:46:49,862 file.ManagerServant INFO Master manager not found
2026-08-26 15:46:59,897 file.ManagerServant INFO Master manager not found
2026-08-26 15:47:09,956 file.ManagerServant INFO Master manager not found
2026-08-26 15:47:20,017 file.ManagerServant INFO Master manager not found
2026-08-26 15:47:30,068 file.ManagerServant INFO Master manager not found
2026-08-26 15:47:40,137 file.ManagerServant INFO Master manager not found
2026-08-26 15:47:50,245 file.ManagerServant INFO Master manager not found
2026-08-26 15:48:00,312 file.ManagerServant INFO Master manager not found
2026-08-26 15:48:10,388 file.ManagerServant INFO Master manager not found
2026-08-26 15:48:20,449 file.ManagerServant INFO Master manager not found
2026-08-26 15:48:30,509 file.ManagerServant INFO Master manager not found
2026-08-26 15:48:40,568 file.ManagerServant INFO Master manager not found
2026-08-26 15:48:50,644 file.ManagerServant INFO Master manager not found
2026-08-26 15:49:00,693 file.ManagerServant INFO Master manager not found
2026-08-26 15:49:10,775 file.ManagerServant INFO Master manager not found
2026-08-26 15:49:20,855 file.ManagerServant INFO Master manager not found
2026-08-26 15:49:30,911 file.ManagerServant INFO Master manager not found
2026-08-26 15:49:40,981 file.ManagerServant INFO Master manager not found
2026-08-26 15:49:51,034 file.ManagerServant INFO Master manager not found
2026-08-26 15:50:01,096 file.ManagerServant INFO Master manager not found
2026-08-26 15:50:11,112 file.ManagerServant INFO Master manager not found
2026-08-26 15:50:21,184 file.ManagerServant INFO Master manager not found
2026-08-26 15:50:31,199 file.ManagerServant INFO Master manager not found
2026-08-26 15:50:41,252 file.ManagerServant INFO Master manager not found
2026-08-26 15:50:51,302 file.ManagerServant INFO Master manager not found
2026-08-26 15:51:01,356 file.ManagerServant INFO Master manager not found
