2026-08-26 20:30:20,614 file.manager INFO 2.1.0
2026-08-26 20:30:20,614 file.manager INFO Copyright (C) 2003-2026, Noriaki Ando and OpenRTM development team,
2026-08-26 20:30:20,614 file.manager INFO   Intelligent Systems Research Institute, AIST,
2026-08-26 20:30:20,614 file.manager INFO Copyright (C) 2026, Noriaki Ando and OpenRTM development team,
2026-08-26 20:30:20,614 file.manager INFO   Industrial Cyber-Physical Research Center, AIST,
2026-08-26 20:30:20,614 file.manager INFO   All right reserved.
2026-08-26 20:30:20,614 file.manager INFO Manager starting.
2026-08-26 20:30:20,614 file.manager INFO Starting local logging.
2026-08-26 20:30:20,616 file.manager.namingmanager INFO NameServer connection succeeded: corba/localhost
2026-08-26 20:30:20,618 file.ManagerServant INFO Master manager not found
2026-08-26 20:30:20,618 file.LocalServiceAdmin INFO All the local services are enabled.
2026-08-26 20:30:20,620 file.manager INFO Component type conf file: Dummy_Vision.conf loaded.
2026-08-26 20:30:20,621 file.ec_base INFO setRate(1000000.000000) done
2026-08-26 20:30:20,621 file.ec_base INFO setRate(1000.000000) done
2026-08-26 20:30:20,621 file.rtobject INFO 1 execution context was created.
2026-08-26 20:30:20,621 file.rtobject INFO Initial active configuration set is default.
2026-08-26 20:30:30,664 file.ManagerServant INFO Master manager not found
2026-08-26 20:30:40,709 file.ManagerServant INFO Master manager not found
2026-08-26 20:30:50,747 file.ManagerServant INFO Master manager not found
2026-08-26 20:31:00,796 file.ManagerServant INFO Master manager not found
2026-08-26 20:31:10,840 file.ManagerServant INFO Master manager not found
2026-08-26 20:31:20,879 file.ManagerServant INFO Master manager not found
2026-08-26 20:31:25,595 file.SdoServiceAdmin WARNING No available SDO service in the factory: 
2026-08-26 20:31:25,596 file.SdoServiceAdmin ERROR type  not exists.
2026-08-26 20:31:30,917 file.ManagerServant INFO Master manager not found
2026-08-26 20:31:40,958 file.ManagerServant INFO Master manager not found
2026-08-26 20:31:50,994 file.ManagerServant INFO Master manager not found
2026-08-26 20:32:01,034 file.ManagerServant INFO Master manager not found
2026-08-26 20:32:11,075 file.ManagerServant INFO Master manager not found
2026-08-26 20:32:21,111 file.ManagerServant INFO Master manager not found
2026-08-26 20:32:31,152 file.ManagerServant INFO Master manager not found
2026-08-26 20:32:41,195 file.ManagerServant INFO Master manager not found
2026-08-26 20:32:51,235 file.ManagerServant INFO Master manager not found
2026-08-26 20:33:01,274 file.ManagerServant INFO Master manager not found
2026-08-26 20:33:11,312 file.ManagerServant INFO Master manager not found
2026-08-26 20:33:21,342 file.ManagerServant INFO Master manager not found
2026-08-26 20:33:31,378 file.ManagerServant INFO Master manager not found
2026-08-26 20:33:41,414 file.ManagerServant INFO Master manager not found
2026-08-26 20:33:51,448 file.ManagerServant INFO Master manager not found
2026-08-26 20:34:01,480 file.ManagerServant INFO Master manager not found
2026-08-26 20:34:11,512 file.ManagerServant INFO Master manager not found
2026-08-26 20:34:21,553 file.ManagerServant INFO Master manager not found
2026-08-26 20:34:31,588 file.ManagerServant INFO Master manager not found
2026-08-26 20:34:41,632 file.ManagerServant INFO Master manager not found
2026-08-26 20:34:51,668 file.ManagerServant INFO Master manager not found
2026-08-26 20:35:01,709 file.ManagerServant INFO Master manager not found
2026-08-26 20:35:11,747 file.ManagerServant INFO Master manager not found
2026-08-26 20:35:21,780 file.ManagerServant INFO Master manager not found
2026-08-26 20:35:31,809 file.ManagerServant INFO Master manager not found
2026-08-26 20:35:41,844 file.ManagerServant INFO Master manager not found
2026-08-26 20:35:51,885 file.ManagerServant INFO Master manager not found
2026-08-26 20:36:01,920 file.ManagerServant INFO Master manager not found
2026-08-26 20:36:11,949 file.ManagerServant INFO Master manager not found
2026-08-26 20:36:21,980 file.ManagerServant INFO Master manager not found
2026-08-26 20:36:32,019 file.ManagerServant INFO Master manager not found
2026-08-26 20:36:42,056 file.ManagerServant INFO Master manager not found
2026-08-26 20:36:52,090 file.ManagerServant INFO Master manager not found
2026-08-26 20:37:02,121 file.ManagerServant INFO Master manager not found
2026-08-26 20:37:12,153 file.ManagerServant INFO Master manager not found
2026-08-26 20:37:22,188 file.ManagerServant INFO Master manager not found
2026-08-26 20:37:32,221 file.ManagerServant INFO Master manager not found
2026-08-26 20:37:42,254 file.ManagerServant INFO Master manager not found
2026-08-26 20:37:52,287 file.ManagerServant INFO Master manager not found
2026-08-26 20:38:02,318 file.ManagerServant INFO Master manager not found
2026-08-26 20:38:12,355 file.ManagerServant INFO Master manager not found
2026-08-26 20:38:22,400 file.ManagerServant INFO Master manager not found
2026-08-26 20:38:32,434 file.ManagerServant INFO Master manager not found
2026-08-26 20:38:42,464 file.ManagerServant INFO Master manager not found
2026-08-26 20:38:52,499 file.ManagerServant INFO Master manager not found
2026-08-26 20:39:02,533 file.ManagerServant INFO Master manager not found
2026-08-26 20:39:12,568 file.ManagerServant INFO Master manager not found
2026-08-26 20:39:22,601 file.ManagerServant INFO Master manager not found
2026-08-26 20:39:32,635 file.ManagerServant INFO Master manager not found
2026-08-26 20:39:42,665 file.ManagerServant INFO Master manager not found
2026-08-26 20:39:52,697 file.ManagerServant INFO Master manager not found
2026-08-26 20:40:02,741 file.ManagerServant INFO Master manager not found
2026-08-26 20:40:12,785 file.ManagerServant INFO Master manager not found
2026-08-26 20:40:22,825 file.ManagerServant INFO Master manager not found
2026-08-26 20:40:32,858 file.ManagerServant INFO Master manager not found
2026-08-26 20:40:42,891 file.ManagerServant INFO Master manager not found
2026-08-26 20:40:52,923 file.ManagerServant INFO Master manager not found
2026-08-26 20:41:02,965 file.ManagerServant INFO Master manager not found
2026-08-26 20:41:13,002 file.ManagerServant INFO Master manager not found
2026-08-26 20:41:23,036 file.ManagerServant INFO Master manager not found
2026-08-26 20:41:33,072 file.ManagerServant INFO Master manager not found
2026-08-26 20:41:43,110 file.ManagerServant INFO Master manager not found
2026-08-26 20:41:53,147 file.ManagerServant INFO Master manager not found
2026-08-26 20:42:03,175 file.ManagerServant INFO Master manager not found
2026-08-26 20:42:13,201 file.ManagerServant INFO Master manager not found
2026-08-26 20:42:23,232 file.ManagerServant INFO Master manager not found
2026-08-26 20:42:33,264 file.ManagerServant INFO Master manager not found
2026-08-26 20:42:43,301 file.ManagerServant INFO Master manager not found
2026-08-26 20:42:53,335 file.ManagerServant INFO Master manager not found
2026-08-26 20:43:03,365 file.ManagerServant INFO Master manager not found
2026-08-26 20:43:13,398 file.ManagerServant INFO Master manager not found
2026-08-26 20:43:23,431 file.ManagerServant INFO Master manager not found
2026-08-26 20:43:33,471 file.ManagerServant INFO Master manager not found
2026-08-26 20:43:43,508 file.ManagerServant INFO Master manager not found
2026-08-26 20:43:53,540 file.ManagerServant INFO Master manager not found
2026-08-26 20:44:03,575 file.ManagerServant INFO Master manager not found
2026-08-26 20:44:13,605 file.ManagerServant INFO Master manager not found
2026-08-26 20:44:23,639 file.ManagerServant INFO Master manager not found
2026-08-26 20:44:33,671 file.ManagerServant INFO Master manager not found
2026-08-26 20:44:43,698 file.ManagerServant INFO Master manager not found
2026-08-26 20:44:53,728 file.ManagerServant INFO Master manager not found
2026-08-26 20:45:03,765 file.ManagerServant INFO Master manager not found
2026-08-26 20:45:13,803 file.ManagerServant INFO Master manager not found
2026-08-26 20:45:23,840 file.ManagerServant INFO Master manager not found
2026-08-26 20:45:33,878 file.ManagerServant INFO Master manager not found
2026-08-26 20:45:43,911 file.ManagerServant INFO Master manager not found
2026-08-26 20:45:53,946 file.ManagerServant INFO Master manager not found
2026-08-26 20:46:03,979 file.ManagerServant INFO Master manager not found
2026-08-26 20:46:14,011 file.ManagerServant INFO Master manager not found
2026-08-26 20:46:24,048 file.ManagerServant INFO Master manager not found
2026-08-26 20:46:34,077 file.ManagerServant INFO Master manager not found
2026-08-26 20:46:44,112 file.ManagerServant INFO Master manager not found
2026-08-26 20:46:54,147 file.ManagerServant INFO Master manager not found
2026-08-26 20:47:04,192 file.ManagerServant INFO Master manager not found
2026-08-26 20:47:14,227 file.ManagerServant INFO Master manager not found
2026-08-26 20:47:24,260 file.ManagerServant INFO Master manager not found
2026-08-26 20:47:34,298 file.ManagerServant INFO Master manager not found
2026-08-26 20:47:44,329 file.ManagerServant INFO Master manager not found
2026-08-26 20:47:54,363 file.ManagerServant INFO Master manager not found
2026-08-26 20:48:04,400 file.ManagerServant INFO Master manager not found
2026-08-26 20:48:14,441 file.ManagerServant INFO Master manager not found
2026-08-26 20:48:24,480 file.ManagerServant INFO Master manager not found
2026-08-26 20:48:34,529 file.ManagerServant INFO Master manager not found
2026-08-26 20:48:44,581 file.ManagerServant INFO Master manager not found
2026-08-26 20:48:54,628 file.ManagerServant INFO Master manager not found
2026-08-26 20:49:04,668 file.ManagerServant INFO Master manager not found
2026-08-26 20:49:14,708 file.ManagerServant INFO Master manager not found
