2026-08-26 20:50:43,402 file.manager INFO 2.1.0
2026-08-26 20:50:43,402 file.manager INFO Copyright (C) 2003-2026, Noriaki Ando and OpenRTM development team,
2026-08-26 20:50:43,402 file.manager INFO   Intelligent Systems Research Institute, AIST,
2026-08-26 20:50:43,402 file.manager INFO Copyright (C) 2026, Noriaki Ando and OpenRTM development team,
2026-08-26 20:50:43,402 file.manager INFO   Industrial Cyber-Physical Research Center, AIST,
2026-08-26 20:50:43,402 file.manager INFO   All right reserved.
2026-08-26 20:50:43,402 file.manager INFO Manager starting.
2026-08-26 20:50:43,402 file.manager INFO Starting local logging.
2026-08-26 20:50:43,404 file.manager.namingmanager INFO NameServer connection succeeded: corba/localhost
2026-08-26 20:50:43,407 file.ManagerServant INFO Master manager not found
2026-08-26 20:50:43,407 file.LocalServiceAdmin INFO All the local services are enabled.
2026-08-26 20:50:43,409 file.manager INFO Component type conf file: Dummy_Vision.conf loaded.
2026-08-26 20:50:43,409 file.ec_base INFO setRate(1000000.000000) done
2026-08-26 20:50:43,410 file.ec_base INFO setRate(1000.000000) done
2026-08-26 20:50:43,410 file.rtobject INFO 1 execution context was created.
2026-08-26 20:50:43,410 file.rtobject INFO Initial active configuration set is default.
2026-08-26 20:50:53,465 file.ManagerServant INFO Master manager not found
2026-08-26 20:51:03,520 file.ManagerServant INFO Master manager not found
2026-08-26 20:51:13,570 file.ManagerServant INFO Master manager not found
2026-08-26 20:51:23,624 file.ManagerServant INFO Master manager not found
2026-08-26 20:51:33,667 file.ManagerServant INFO Master manager not found
2026-08-26 20:51:43,710 file.ManagerServant INFO Master manager not found
2026-08-26 20:51:53,754 file.ManagerServant INFO Master manager not found
2026-08-26 20:52:02,769 file.SdoServiceAdmin WARNING No available SDO service in the factory: 
2026-08-26 20:52:02,769 file.SdoServiceAdmin ERROR type  not exists.
2026-08-26 20:52:03,797 file.ManagerServant INFO Master manager not found
2026-08-26 20:52:13,837 file.ManagerServant INFO Master manager not found
2026-08-26 20:52:23,877 file.ManagerServant INFO Master manager not found
2026-08-26 20:52:33,918 file.ManagerServant INFO Master manager not found
2026-08-26 20:52:43,958 file.ManagerServant INFO Master manager not found
2026-08-26 20:52:54,000 file.ManagerServant INFO Master manager not found
2026-08-26 20:53:04,034 file.ManagerServant INFO Master manager not found
2026-08-26 20:53:14,080 file.ManagerServant INFO Master manager not found
2026-08-26 20:53:24,118 file.ManagerServant INFO Master manager not found
2026-08-26 20:53:34,161 file.ManagerServant INFO Master manager not found
2026-08-26 20:53:44,197 file.ManagerServant INFO Master manager not found
2026-08-26 20:53:54,232 file.ManagerServant INFO Master manager not found
2026-08-26 20:54:04,261 file.ManagerServant INFO Master manager not found
2026-08-26 20:54:14,292 file.ManagerServant INFO Master manager not found
2026-08-26 20:54:24,328 file.ManagerServant INFO Master manager not found
2026-08-26 20:54:34,362 file.ManagerServant INFO Master manager not found
2026-08-26 20:54:44,395 file.ManagerServant INFO Master manager not found
2026-08-26 20:54:54,430 file.ManagerServant INFO Master manager not found
2026-08-26 20:55:04,470 file.ManagerServant INFO Master manager not found
2026-08-26 20:55:14,496 file.ManagerServant INFO Master manager not found
2026-08-26 20:55:24,526 file.ManagerServant INFO Master manager not found
