2026-08-26 21:42:12,893 file.manager INFO 2.1.0
2026-08-26 21:42:12,893 file.manager INFO Copyright (C) 2003-2026, Noriaki Ando and OpenRTM development team,
2026-08-26 21:42:12,893 file.manager INFO   Intelligent Systems Research Institute, AIST,
2026-08-26 21:42:12,893 file.manager INFO Copyright (C) 2026, Noriaki Ando and OpenRTM development team,
2026-08-26 21:42:12,893 file.manager INFO   Industrial Cyber-Physical Research Center, AIST,
2026-08-26 21:42:12,893 file.manager INFO   All right reserved.
2026-08-26 21:42:12,893 file.manager INFO Manager starting.
2026-08-26 21:42:12,893 file.manager INFO Starting local logging.
2026-08-26 21:42:12,895 file.manager.namingmanager INFO NameServer connection succeeded: corba/localhost
2026-08-26 21:42:12,899 file.ManagerServant INFO Master manager not found
2026-08-26 21:42:12,899 file.LocalServiceAdmin INFO All the local services are enabled.
2026-08-26 21:42:12,901 file.manager INFO Component type conf file: Dummy_Vision.conf loaded.
2026-08-26 21:42:12,902 file.ec_base INFO setRate(1000000.000000) done
2026-08-26 21:42:12,902 file.ec_base INFO setRate(1000.000000) done
2026-08-26 21:42:12,902 file.rtobject INFO 1 execution context was created.
2026-08-26 21:42:12,903 file.rtobject INFO Initial active configuration set is default.
2026-08-26 21:42:22,940 file.ManagerServant INFO Master manager not found
2026-08-26 21:42:32,977 file.ManagerServant INFO Master manager not found
2026-08-26 21:42:43,011 file.ManagerServant INFO Master manager not found
2026-08-26 21:42:53,047 file.ManagerServant INFO Master manager not found
2026-08-26 21:43:03,089 file.ManagerServant INFO Master manager not found
2026-08-26 21:43:13,139 file.ManagerServant INFO Master manager not found
2026-08-26 21:43:23,181 file.ManagerServant INFO Master manager not found
2026-08-26 21:43:25,650 file.SdoServiceAdmin WARNING No available SDO service in the factory: 
2026-08-26 21:43:25,650 file.SdoServiceAdmin ERROR type  not exists.
2026-08-26 21:43:33,223 file.ManagerServant INFO Master manager not found
2026-08-26 21:43:43,263 file.ManagerServant INFO Master manager not found
2026-08-26 21:43:53,307 file.ManagerServant INFO Master manager not found
2026-08-26 21:44:03,350 file.ManagerServant INFO Master manager not found
2026-08-26 21:44:13,393 file.ManagerServant INFO Master manager not found
2026-08-26 21:44:23,445 file.ManagerServant INFO Master manager not found
2026-08-26 21:44:33,490 file.ManagerServant INFO Master manager not found
2026-08-26 21:44:43,521 file.ManagerServant INFO Master manager not found
2026-08-26 21:44:53,553 file.ManagerServant INFO Master manager not found
2026-08-26 21:45:03,593 file.ManagerServant INFO Master manager not found
2026-08-26 21:45:13,630 file.ManagerServant INFO Master manager not found
2026-08-26 21:45:23,662 file.ManagerServant INFO Master manager not found
2026-08-26 21:45:33,696 file.ManagerServant INFO Master manager not found
2026-08-26 21:45:43,735 file.ManagerServant INFO Master manager not found
2026-08-26 21:45:53,762 file.ManagerServant INFO Master manager not found
2026-08-26 21:46:03,792 file.ManagerServant INFO Master manager not found
2026-08-26 21:46:13,825 file.ManagerServant INFO Master manager not found
2026-08-26 21:46:23,866 file.ManagerServant INFO Master manager not found
2026-08-26 21:46:33,908 file.ManagerServant INFO Master manager not found
2026-08-26 21:46:43,941 file.ManagerServant INFO Master manager not found
2026-08-26 21:46:53,975 file.ManagerServant INFO Master manager not found
2026-08-26 21:47:04,015 file.ManagerServant INFO Master manager not found
2026-08-26 21:47:14,057 file.ManagerServant INFO Master manager not found
2026-08-26 21:47:24,089 file.ManagerServant INFO Master manager not found
2026-08-26 21:47:34,130 file.ManagerServant INFO Master manager not found
2026-08-26 21:47:44,177 file.ManagerServant INFO Master manager not found
2026-08-26 21:47:54,220 file.ManagerServant INFO Master manager not found
2026-08-26 21:48:04,269 file.ManagerServant INFO Master manager not found
2026-08-26 21:48:14,313 file.ManagerServant INFO Master manager not found
2026-08-26 21:48:24,359 file.ManagerServant INFO Master manager not found
2026-08-26 21:48:34,402 file.ManagerServant INFO Master manager not found
2026-08-26 21:48:44,446 file.ManagerServant INFO Master manager not found
2026-08-26 21:48:54,493 file.ManagerServant INFO Master manager not found
2026-08-26 21:49:04,536 file.ManagerServant INFO Master manager not found
2026-08-26 21:49:14,577 file.ManagerServant INFO Master manager not found
2026-08-26 21:49:24,621 file.ManagerServant INFO Master manager not found
2026-08-26 21:49:34,667 file.ManagerServant INFO Master manager not found
2026-08-26 21:49:44,711 file.ManagerServant INFO Master manager not found
2026-08-26 21:49:54,758 file.ManagerServant INFO Master manager not found
2026-08-26 21:50:04,801 file.ManagerServant INFO Master manager not found
2026-08-26 21:50:14,843 file.ManagerServant INFO Master manager not found
2026-08-26 21:50:24,887 file.ManagerServant INFO Master manager not found
2026-08-26 21:50:34,931 file.ManagerServant INFO Master manager not found
2026-08-26 21:50:44,974 file.ManagerServant INFO Master manager not found
2026-08-26 21:50:55,017 file.ManagerServant INFO Master manager not found
2026-08-26 21:51:05,063 file.ManagerServant INFO Master manager not found
2026-08-26 21:51:15,108 file.ManagerServant INFO Master manager not found
2026-08-26 21:51:25,152 file.ManagerServant INFO Master manager not found
2026-08-26 21:51:35,199 file.ManagerServant INFO Master manager not found
2026-08-26 21:51:45,242 file.ManagerServant INFO Master manager not found
2026-08-26 21:51:55,287 file.ManagerServant INFO Master manager not found
2026-08-26 21:52:05,331 file.ManagerServant INFO Master manager not found
2026-08-26 21:52:15,376 file.ManagerServant INFO Master manager not found
2026-08-26 21:52:25,421 file.ManagerServant INFO Master manager not found
2026-08-26 21:52:35,467 file.ManagerServant INFO Master manager not found
2026-08-26 21:52:45,512 file.ManagerServant INFO Master manager not found
2026-08-26 21:52:55,553 file.ManagerServant INFO Master manager not found
2026-08-26 21:53:05,601 file.ManagerServant INFO Master manager not found
2026-08-26 21:53:15,644 file.ManagerServant INFO Master manager not found
2026-08-26 21:53:25,686 file.ManagerServant INFO Master manager not found
2026-08-26 21:53:35,731 file.ManagerServant INFO Master manager not found
2026-08-26 21:53:45,772 file.ManagerServant INFO Master manager not found
2026-08-26 21:53:55,816 file.ManagerServant INFO Master manager not found
2026-08-26 21:54:05,859 file.ManagerServant INFO Master manager not found
2026-08-26 21:54:15,899 file.ManagerServant INFO Master manager not found
2026-08-26 21:54:25,941 file.ManagerServant INFO Master manager not found
2026-08-26 21:54:35,985 file.ManagerServant INFO Master manager not found
2026-08-26 21:54:46,030 file.ManagerServant INFO Master manager not found
2026-08-26 21:54:56,075 file.ManagerServant INFO Master manager not found
2026-08-26 21:55:06,118 file.ManagerServant INFO Master manager not found
2026-08-26 21:55:16,161 file.ManagerServant INFO Master manager not found
2026-08-26 21:55:26,206 file.ManagerServant INFO Master manager not found
2026-08-26 21:55:36,248 file.ManagerServant INFO Master manager not found
2026-08-26 21:55:46,291 file.ManagerServant INFO Master manager not found
2026-08-26 21:55:56,334 file.ManagerServant INFO Master manager not found
2026-08-26 21:56:06,378 file.ManagerServant INFO Master manager not found
2026-08-26 21:56:16,422 file.ManagerServant INFO Master manager not found
2026-08-26 21:56:26,464 file.ManagerServant INFO Master manager not found
2026-08-26 21:56:36,507 file.ManagerServant INFO Master manager not found
2026-08-26 21:56:46,548 file.ManagerServant INFO Master manager not found
2026-08-26 21:56:56,593 file.ManagerServant INFO Master manager not found
2026-08-26 21:57:06,636 file.ManagerServant INFO Master manager not found
2026-08-26 21:57:16,676 file.ManagerServant INFO Master manager not found
2026-08-26 21:57:26,724 file.ManagerServant INFO Master manager not found
2026-08-26 21:57:36,770 file.ManagerServant INFO Master manager not found
2026-08-26 21:57:46,810 file.ManagerServant INFO Master manager not found
2026-08-26 21:57:56,856 file.ManagerServant INFO Master manager not found
2026-08-26 21:58:06,901 file.ManagerServant INFO Master manager not found
2026-08-26 21:58:16,943 file.ManagerServant INFO Master manager not found
2026-08-26 21:58:26,986 file.ManagerServant INFO Master manager not found
2026-08-26 22:00:39,046 file.ManagerServant INFO Master manager not found
2026-08-26 22:00:49,095 file.ManagerServant INFO Master manager not found
2026-08-26 22:00:59,143 file.ManagerServant INFO Master manager not found
2026-08-26 22:01:09,705 file.ManagerServant INFO Master manager not found
2026-08-26 22:01:19,754 file.ManagerServant INFO Master manager not found
2026-08-26 22:01:29,807 file.ManagerServant INFO Master manager not found
2026-08-26 22:21:58,761 file.ManagerServant INFO Master manager not found
2026-08-26 22:22:08,805 file.ManagerServant INFO Master manager not found
2026-08-26 22:22:18,860 file.ManagerServant INFO Master manager not found
2026-08-26 22:53:01,764 file.ManagerServant INFO Master manager not found
2026-08-26 22:53:11,815 file.ManagerServant INFO Master manager not found
2026-08-26 22:53:21,868 file.ManagerServant INFO Master manager not found
2026-08-26 22:53:31,923 file.ManagerServant INFO Master manager not found
2026-08-26 22:53:41,973 file.ManagerServant INFO Master manager not found
2026-08-26 22:53:52,025 file.ManagerServant INFO Master manager not found
2026-08-26 22:54:02,074 file.ManagerServant INFO Master manager not found
2026-08-26 22:54:12,122 file.ManagerServant INFO Master manager not found
2026-08-26 22:54:22,172 file.ManagerServant INFO Master manager not found
2026-08-26 22:54:32,216 file.ManagerServant INFO Master manager not found
2026-08-26 22:54:42,253 file.ManagerServant INFO Master manager not found
2026-08-26 22:54:52,297 file.ManagerServant INFO Master manager not found
2026-08-26 22:55:02,338 file.ManagerServant INFO Master manager not found
2026-08-26 22:55:12,381 file.ManagerServant INFO Master manager not found
2026-08-26 22:55:22,417 file.ManagerServant INFO Master manager not found
2026-08-26 22:55:32,461 file.ManagerServant INFO Master manager not found
2026-08-26 22:55:42,498 file.ManagerServant INFO Master manager not found
2026-08-26 22:55:52,539 file.ManagerServant INFO Master manager not found
2026-08-26 22:56:02,582 file.ManagerServant INFO Master manager not found
2026-08-26 22:56:12,625 file.ManagerServant INFO Master manager not found
2026-08-26 22:56:22,670 file.ManagerServant INFO Master manager not found
2026-08-26 22:56:32,710 file.ManagerServant INFO Master manager not found
2026-08-26 22:56:42,752 file.ManagerServant INFO Master manager not found
2026-08-26 22:56:52,793 file.ManagerServant INFO Master manager not found
2026-08-26 22:57:02,824 file.ManagerServant INFO Master manager not found
2026-08-26 22:57:12,862 file.ManagerServant INFO Master manager not found
2026-08-26 22:57:22,896 file.ManagerServant INFO Master manager not found
2026-08-26 22:57:32,933 file.ManagerServant INFO Master manager not found
2026-08-26 22:57:42,974 file.ManagerServant INFO Master manager not found
2026-08-26 22:57:53,009 file.ManagerServant INFO Master manager not found
2026-08-26 22:58:03,052 file.ManagerServant INFO Master manager not found
2026-08-26 22:58:13,096 file.ManagerServant INFO Master manager not found
2026-08-26 22:58:23,135 file.ManagerServant INFO Master manager not found
2026-08-26 22:58:33,172 file.ManagerServant INFO Master manager not found
2026-08-26 22:58:43,212 file.ManagerServant INFO Master manager not found
2026-08-26 22:58:53,247 file.ManagerServant INFO Master manager not found
2026-08-26 22:59:03,282 file.ManagerServant INFO Master manager not found
2026-08-26 22:59:13,319 file.ManagerServant INFO Master manager not found
2026-08-26 22:59:23,356 file.ManagerServant INFO Master manager not found
2026-08-26 22:59:33,392 file.ManagerServant INFO Master manager not found
2026-08-26 22:59:43,433 file.ManagerServant INFO Master manager not found
2026-08-26 22:59:53,472 file.ManagerServant INFO Master manager not found
2026-08-26 23:00:03,505 file.ManagerServant INFO Master manager not found
2026-08-26 23:00:13,542 file.ManagerServant INFO Master manager not found
2026-08-26 23:00:23,575 file.ManagerServant INFO Master manager not found
2026-08-26 23:00:33,609 file.ManagerServant INFO Master manager not found
2026-08-26 23:00:43,646 file.ManagerServant INFO Master manager not found
2026-08-26 23:00:53,685 file.ManagerServant INFO Master manager not found
2026-08-26 23:01:03,725 file.ManagerServant INFO Master manager not found
2026-08-26 23:01:13,763 file.ManagerServant INFO Master manager not found
2026-08-26 23:01:23,799 file.ManagerServant INFO Master manager not found
2026-08-26 23:01:33,840 file.ManagerServant INFO Master manager not found
2026-08-26 23:01:43,874 file.ManagerServant INFO Master manager not found
2026-08-26 23:01:53,912 file.ManagerServant INFO Master manager not found
2026-08-26 23:02:03,952 file.ManagerServant INFO Master manager not found
2026-08-26 23:02:13,988 file.ManagerServant INFO Master manager not found
2026-08-26 23:02:24,031 file.ManagerServant INFO Master manager not found
2026-08-26 23:02:34,075 file.ManagerServant INFO Master manager not found
2026-08-26 23:02:44,114 file.ManagerServant INFO Master manager not found
2026-08-26 23:02:54,149 file.ManagerServant INFO Master manager not found
2026-08-26 23:03:04,187 file.ManagerServant INFO Master manager not found
2026-08-26 23:03:14,227 file.ManagerServant INFO Master manager not found
2026-08-26 23:03:24,267 file.ManagerServant INFO Master manager not found
2026-08-26 23:03:34,307 file.ManagerServant INFO Master manager not found
2026-08-26 23:03:44,344 file.ManagerServant INFO Master manager not found
2026-08-26 23:03:54,386 file.ManagerServant INFO Master manager not found
2026-08-26 23:04:04,425 file.ManagerServant INFO Master manager not found
2026-08-26 23:04:14,463 file.ManagerServant INFO Master manager not found
2026-08-26 23:04:24,501 file.ManagerServant INFO Master manager not found
2026-08-26 23:04:34,539 file.ManagerServant INFO Master manager not found
2026-08-26 23:04:44,576 file.ManagerServant INFO Master manager not found
2026-08-26 23:04:54,609 file.ManagerServant INFO Master manager not found
2026-08-26 23:05:04,646 file.ManagerServant INFO Master manager not found
2026-08-26 23:05:14,682 file.ManagerServant INFO Master manager not found
2026-08-26 23:05:24,720 file.ManagerServant INFO Master manager not found
2026-08-26 23:05:34,761 file.ManagerServant INFO Master manager not found
2026-08-26 23:05:44,798 file.ManagerServant INFO Master manager not found
2026-08-26 23:05:54,838 file.ManagerServant INFO Master manager not found
2026-08-26 23:06:04,874 file.ManagerServant INFO Master manager not found
2026-08-26 23:06:14,909 file.ManagerServant INFO Master manager not found
2026-08-26 23:06:24,948 file.ManagerServant INFO Master manager not found
2026-08-26 23:06:34,984 file.ManagerServant INFO Master manager not found
2026-08-26 23:06:45,023 file.ManagerServant INFO Master manager not found
2026-08-26 23:06:55,068 file.ManagerServant INFO Master manager not found
2026-08-26 23:07:05,104 file.ManagerServant INFO Master manager not found
2026-08-26 23:07:15,140 file.ManagerServant INFO Master manager not found
2026-08-26 23:07:25,176 file.ManagerServant INFO Master manager not found
2026-08-26 23:07:35,212 file.ManagerServant INFO Master manager not found
2026-08-26 23:07:45,255 file.ManagerServant INFO Master manager not found
2026-08-26 23:07:55,293 file.ManagerServant INFO Master manager not found
2026-08-26 23:08:05,333 file.ManagerServant INFO Master manager not found
2026-08-26 23:08:15,370 file.ManagerServant INFO Master manager not found
2026-08-26 23:08:25,408 file.ManagerServant INFO Master manager not found
2026-08-26 23:08:35,445 file.ManagerServant INFO Master manager not found
2026-08-26 23:08:45,485 file.ManagerServant INFO Master manager not found
2026-08-26 23:08:55,525 file.ManagerServant INFO Master manager not found
2026-08-26 23:09:05,562 file.ManagerServant INFO Master manager not found
2026-08-26 23:09:15,603 file.ManagerServant INFO Master manager not found
2026-08-26 23:09:25,643 file.ManagerServant INFO Master manager not found
2026-08-26 23:09:35,679 file.ManagerServant INFO Master manager not found
2026-08-26 23:09:45,716 file.ManagerServant INFO Master manager not found
2026-08-26 23:09:55,751 file.ManagerServant INFO Master manager not found
2026-08-26 23:10:05,791 file.ManagerServant INFO Master manager not found
2026-08-26 23:10:15,830 file.ManagerServant INFO Master manager not found
2026-08-26 23:10:25,867 file.ManagerServant INFO Master manager not found
2026-08-26 23:10:35,908 file.ManagerServant INFO Master manager not found
2026-08-26 23:10:45,941 file.ManagerServant INFO Master manager not found
2026-08-26 23:10:55,980 file.ManagerServant INFO Master manager not found
2026-08-26 23:11:06,023 file.ManagerServant INFO Master manager not found
2026-08-26 23:11:16,067 file.ManagerServant INFO Master manager not found
2026-08-26 23:11:26,112 file.ManagerServant INFO Master manager not found
2026-08-26 23:11:36,155 file.ManagerServant INFO Master manager not found
2026-08-26 23:11:46,197 file.ManagerServant INFO Master manager not found
2026-08-26 23:11:56,240 file.ManagerServant INFO Master manager not found
2026-08-26 23:12:06,272 file.ManagerServant INFO Master manager not found
2026-08-26 23:12:16,308 file.ManagerServant INFO Master manager not found
2026-08-26 23:12:26,355 file.ManagerServant INFO Master manager not found
2026-08-26 23:12:36,399 file.ManagerServant INFO Master manager not found
2026-08-26 23:12:46,444 file.ManagerServant INFO Master manager not found
2026-08-26 23:12:56,481 file.ManagerServant INFO Master manager not found
2026-08-26 23:13:06,515 file.ManagerServant INFO Master manager not found
2026-08-26 23:13:16,546 file.ManagerServant INFO Master manager not found
2026-08-26 23:13:26,573 file.ManagerServant INFO Master manager not found
2026-08-26 23:13:36,607 file.ManagerServant INFO Master manager not found
2026-08-26 23:13:46,650 file.ManagerServant INFO Master manager not found
2026-08-26 23:13:56,682 file.ManagerServant INFO Master manager not found
2026-08-26 23:14:06,721 file.ManagerServant INFO Master manager not found
2026-08-26 23:14:16,762 file.ManagerServant INFO Master manager not found
2026-08-26 23:14:26,798 file.ManagerServant INFO Master manager not found
2026-08-26 23:14:36,837 file.ManagerServant INFO Master manager not found
2026-08-26 23:14:46,871 file.ManagerServant INFO Master manager not found
2026-08-26 23:14:56,912 file.ManagerServant INFO Master manager not found
2026-08-26 23:15:06,942 file.ManagerServant INFO Master manager not found
2026-08-26 23:15:16,978 file.ManagerServant INFO Master manager not found
2026-08-26 23:15:27,020 file.ManagerServant INFO Master manager not found
2026-08-26 23:15:37,059 file.ManagerServant INFO Master manager not found
2026-08-26 23:15:47,098 file.ManagerServant INFO Master manager not found
2026-08-26 23:15:57,135 file.ManagerServant INFO Master manager not found
2026-08-26 23:16:07,180 file.ManagerServant INFO Master manager not found
2026-08-26 23:16:17,219 file.ManagerServant INFO Master manager not found
2026-08-26 23:16:27,260 file.ManagerServant INFO Master manager not found
2026-08-26 23:16:37,305 file.ManagerServant INFO Master manager not found
2026-08-26 23:16:47,349 file.ManagerServant INFO Master manager not found
2026-08-26 23:16:57,390 file.ManagerServant INFO Master manager not found
2026-08-26 23:17:07,433 file.ManagerServant INFO Master manager not found
2026-08-26 23:17:17,467 file.ManagerServant INFO Master manager not found
2026-08-26 23:17:27,504 file.ManagerServant INFO Master manager not found
2026-08-26 23:17:37,543 file.ManagerServant INFO Master manager not found
2026-08-26 23:17:47,578 file.ManagerServant INFO Master manager not found
2026-08-26 23:17:57,617 file.ManagerServant INFO Master manager not found
2026-08-26 23:18:07,659 file.ManagerServant INFO Master manager not found
2026-08-26 23:18:17,700 file.ManagerServant INFO Master manager not found
2026-08-26 23:18:27,738 file.ManagerServant INFO Master manager not found
2026-08-26 23:18:37,778 file.ManagerServant INFO Master manager not found
2026-08-26 23:18:47,815 file.ManagerServant INFO Master manager not found
2026-08-26 23:18:57,850 file.ManagerServant INFO Master manager not found
2026-08-26 23:19:07,890 file.ManagerServant INFO Master manager not found
2026-08-26 23:19:17,929 file.ManagerServant INFO Master manager not found
2026-08-26 23:19:27,966 file.ManagerServant INFO Master manager not found
2026-08-26 23:19:38,003 file.ManagerServant INFO Master manager not found
2026-08-26 23:19:48,045 file.ManagerServant INFO Master manager not found
2026-08-26 23:19:58,085 file.ManagerServant INFO Master manager not found
2026-08-26 23:20:08,126 file.ManagerServant INFO Master manager not found
2026-08-26 23:20:18,162 file.ManagerServant INFO Master manager not found
2026-08-26 23:20:28,202 file.ManagerServant INFO Master manager not found
2026-08-26 23:20:38,245 file.ManagerServant INFO Master manager not found
2026-08-26 23:20:48,289 file.ManagerServant INFO Master manager not found
2026-08-26 23:20:58,331 file.ManagerServant INFO Master manager not found
2026-08-26 23:21:08,368 file.ManagerServant INFO Master manager not found
2026-08-26 23:21:18,411 file.ManagerServant INFO Master manager not found
2026-08-26 23:21:28,450 file.ManagerServant INFO Master manager not found
2026-08-26 23:21:38,484 file.ManagerServant INFO Master manager not found
2026-08-26 23:21:48,521 file.ManagerServant INFO Master manager not found
2026-08-26 23:21:58,563 file.ManagerServant INFO Master manager not found
2026-08-26 23:22:08,603 file.ManagerServant INFO Master manager not found
2026-08-26 23:22:18,645 file.ManagerServant INFO Master manager not found
2026-08-26 23:22:28,684 file.ManagerServant INFO Master manager not found
2026-08-26 23:22:38,728 file.ManagerServant INFO Master manager not found
2026-08-26 23:22:48,764 file.ManagerServant INFO Master manager not found
2026-08-26 23:22:58,804 file.ManagerServant INFO Master manager not found
2026-08-26 23:23:08,850 file.ManagerServant INFO Master manager not found
2026-08-26 23:23:18,891 file.ManagerServant INFO Master manager not found
2026-08-26 23:23:28,930 file.ManagerServant INFO Master manager not found
2026-08-26 23:23:38,969 file.ManagerServant INFO Master manager not found
2026-08-26 23:23:49,011 file.ManagerServant INFO Master manager not found
2026-08-26 23:23:59,051 file.ManagerServant INFO Master manager not found
2026-08-26 23:24:09,084 file.ManagerServant INFO Master manager not found
2026-08-26 23:24:19,120 file.ManagerServant INFO Master manager not found
2026-08-26 23:24:29,157 file.ManagerServant INFO Master manager not found
2026-08-26 23:24:39,191 file.ManagerServant INFO Master manager not found
2026-08-26 23:24:49,229 file.ManagerServant INFO Master manager not found
2026-08-26 23:24:59,267 file.ManagerServant INFO Master manager not found
2026-08-26 23:25:09,304 file.ManagerServant INFO Master manager not found
2026-08-26 23:25:19,341 file.ManagerServant INFO Master manager not found
2026-08-26 23:25:29,383 file.ManagerServant INFO Master manager not found
2026-08-26 23:25:39,421 file.ManagerServant INFO Master manager not found
2026-08-26 23:25:49,456 file.ManagerServant INFO Master manager not found
2026-08-26 23:25:59,496 file.ManagerServant INFO Master manager not found
2026-08-26 23:26:09,535 file.ManagerServant INFO Master manager not found
2026-08-26 23:26:19,577 file.ManagerServant INFO Master manager not found
2026-08-26 23:26:29,619 file.ManagerServant INFO Master manager not found
2026-08-26 23:26:39,660 file.ManagerServant INFO Master manager not found
2026-08-26 23:26:49,700 file.ManagerServant INFO Master manager not found
2026-08-26 23:26:59,736 file.ManagerServant INFO Master manager not found
2026-08-26 23:27:09,776 file.ManagerServant INFO Master manager not found
2026-08-26 23:27:19,827 file.ManagerServant INFO Master manager not found
2026-08-26 23:27:29,870 file.ManagerServant INFO Master manager not found
2026-08-26 23:27:39,906 file.ManagerServant INFO Master manager not found
2026-08-26 23:27:49,944 file.ManagerServant INFO Master manager not found
2026-08-26 23:27:59,982 file.ManagerServant INFO Master manager not found
2026-08-26 23:28:10,018 file.ManagerServant INFO Master manager not found
2026-08-26 23:28:20,050 file.ManagerServant INFO Master manager not found
2026-08-26 23:28:30,083 file.ManagerServant INFO Master manager not found
2026-08-26 23:28:40,120 file.ManagerServant INFO Master manager not found
2026-08-26 23:28:50,157 file.ManagerServant INFO Master manager not found
2026-08-26 23:29:00,191 file.ManagerServant INFO Master manager not found
2026-08-26 23:29:10,229 file.ManagerServant INFO Master manager not found
2026-08-26 23:29:20,267 file.ManagerServant INFO Master manager not found
2026-08-26 23:29:30,306 file.ManagerServant INFO Master manager not found
2026-08-26 23:29:40,342 file.ManagerServant INFO Master manager not found
2026-08-26 23:29:50,379 file.ManagerServant INFO Master manager not found
2026-08-26 23:30:00,420 file.ManagerServant INFO Master manager not found
2026-08-26 23:30:10,461 file.ManagerServant INFO Master manager not found
2026-08-26 23:30:20,501 file.ManagerServant INFO Master manager not found
2026-08-26 23:30:30,541 file.ManagerServant INFO Master manager not found
2026-08-26 23:30:40,581 file.ManagerServant INFO Master manager not found
2026-08-26 23:30:50,619 file.ManagerServant INFO Master manager not found
2026-08-26 23:31:00,658 file.ManagerServant INFO Master manager not found
2026-08-26 23:31:10,697 file.ManagerServant INFO Master manager not found
2026-08-26 23:31:20,735 file.ManagerServant INFO Master manager not found
2026-08-26 23:31:30,772 file.ManagerServant INFO Master manager not found
2026-08-26 23:31:40,810 file.ManagerServant INFO Master manager not found
2026-08-26 23:31:50,847 file.ManagerServant INFO Master manager not found
2026-08-26 23:32:00,887 file.ManagerServant INFO Master manager not found
2026-08-26 23:32:10,930 file.ManagerServant INFO Master manager not found
2026-08-26 23:32:20,971 file.ManagerServant INFO Master manager not found
2026-08-26 23:32:31,007 file.ManagerServant INFO Master manager not found
2026-08-26 23:32:41,047 file.ManagerServant INFO Master manager not found
2026-08-26 23:32:51,087 file.ManagerServant INFO Master manager not found
2026-08-26 23:33:01,125 file.ManagerServant INFO Master manager not found
2026-08-26 23:33:11,160 file.ManagerServant INFO Master manager not found
2026-08-26 23:33:21,199 file.ManagerServant INFO Master manager not found
2026-08-26 23:33:31,238 file.ManagerServant INFO Master manager not found
2026-08-26 23:33:41,278 file.ManagerServant INFO Master manager not found
2026-08-26 23:33:51,319 file.ManagerServant INFO Master manager not found
2026-08-26 23:34:01,360 file.ManagerServant INFO Master manager not found
2026-08-26 23:34:11,398 file.ManagerServant INFO Master manager not found
2026-08-26 23:34:21,437 file.ManagerServant INFO Master manager not found
2026-08-26 23:34:31,481 file.ManagerServant INFO Master manager not found
2026-08-26 23:34:41,515 file.ManagerServant INFO Master manager not found
2026-08-26 23:34:51,557 file.ManagerServant INFO Master manager not found
2026-08-26 23:35:01,597 file.ManagerServant INFO Master manager not found
2026-08-26 23:35:11,633 file.ManagerServant INFO Master manager not found
2026-08-26 23:35:21,666 file.ManagerServant INFO Master manager not found
2026-08-26 23:35:31,699 file.ManagerServant INFO Master manager not found
2026-08-26 23:35:41,737 file.ManagerServant INFO Master manager not found
2026-08-26 23:35:51,778 file.ManagerServant INFO Master manager not found
2026-08-26 23:36:01,818 file.ManagerServant INFO Master manager not found
