2026-08-27 21:50:11,948 file.manager INFO 2.0.2
2026-08-27 21:50:11,949 file.manager INFO Copyright (C) 2003-2024, Noriaki Ando and OpenRTM development team,
2026-08-27 21:50:11,949 file.manager INFO   Intelligent Systems Research Institute, AIST,
2026-08-27 21:50:11,949 file.manager INFO Copyright (C) 2024, Noriaki Ando and OpenRTM development team,
2026-08-27 21:50:11,949 file.manager INFO   Industrial Cyber-Physical Research Center, AIST,
2026-08-27 21:50:11,949 file.manager INFO   All right reserved.
2026-08-27 21:50:11,950 file.manager INFO Manager starting.
2026-08-27 21:50:11,950 file.manager INFO Starting local logging.
2026-08-27 21:50:11,991 file.manager.namingmanager INFO NameServer connection succeeded: corba/localhost
2026-08-27 21:50:16,060 file.ManagerServant INFO Master manager not found
2026-08-27 21:50:16,064 file.LocalServiceAdmin INFO All the local services are enabled.
2026-08-27 21:50:16,076 file.manager INFO Component type conf file: Select_Target.conf loaded.
2026-08-27 21:50:16,080 file.ec_base INFO setRate(1000000.000000) done
2026-08-27 21:50:16,081 file.ec_base INFO setRate(1000.000000) done
2026-08-27 21:50:16,083 file.rtobject INFO 1 execution context was created.
2026-08-27 21:50:16,092 file.rtobject INFO Initial active configuration set is default.
2026-08-27 21:50:30,617 file.ManagerServant INFO Master manager not found
2026-08-27 21:50:40,702 file.ManagerServant INFO Master manager not found
2026-08-27 21:50:50,719 file.ManagerServant INFO Master manager not found
2026-08-27 21:51:00,740 file.ManagerServant INFO Master manager not found
2026-08-27 21:51:10,731 file.ManagerServant INFO Master manager not found
2026-08-27 21:51:20,802 file.ManagerServant INFO Master manager not found
2026-08-27 21:51:30,871 file.ManagerServant INFO Master manager not found
2026-08-27 21:51:41,022 file.ManagerServant INFO Master manager not found
2026-08-27 21:51:51,016 file.ManagerServant INFO Master manager not found
2026-08-27 21:52:01,013 file.ManagerServant INFO Master manager not found
2026-08-27 21:52:11,137 file.ManagerServant INFO Master manager not found
2026-08-27 21:52:21,203 file.ManagerServant INFO Master manager not found
2026-08-27 21:52:31,269 file.ManagerServant INFO Master manager not found
2026-08-27 21:52:41,389 file.ManagerServant INFO Master manager not found
2026-08-27 21:52:51,495 file.ManagerServant INFO Master manager not found
2026-08-27 21:53:01,510 file.ManagerServant INFO Master manager not found
2026-08-27 21:53:11,580 file.ManagerServant INFO Master manager not found
2026-08-27 21:53:21,664 file.ManagerServant INFO Master manager not found
2026-08-27 21:53:31,718 file.ManagerServant INFO Master manager not found
2026-08-27 21:53:41,751 file.ManagerServant INFO Master manager not found
