2026-08-25 20:35:52,882 file.manager INFO 2.0.2
2026-08-25 20:35:52,882 file.manager INFO Copyright (C) 2003-2024, Noriaki Ando and OpenRTM development team,
2026-08-25 20:35:52,882 file.manager INFO   Intelligent Systems Research Institute, AIST,
2026-08-25 20:35:52,882 file.manager INFO Copyright (C) 2024, Noriaki Ando and OpenRTM development team,
2026-08-25 20:35:52,882 file.manager INFO   Industrial Cyber-Physical Research Center, AIST,
2026-08-25 20:35:52,882 file.manager INFO   All right reserved.
2026-08-25 20:35:52,882 file.manager INFO Manager starting.
2026-08-25 20:35:52,882 file.manager INFO Starting local logging.
2026-08-25 20:35:52,888 file.manager.namingmanager INFO NameServer connection succeeded: corba/localhost
2026-08-25 20:35:56,985 file.ManagerServant INFO Master manager not found
2026-08-25 20:35:56,986 file.LocalServiceAdmin INFO All the local services are enabled.
2026-08-25 20:35:56,991 file.manager INFO Component type conf file: Select_Target.conf loaded.
2026-08-25 20:35:56,992 file.ec_base INFO setRate(1000000.000000) done
2026-08-25 20:35:56,993 file.ec_base INFO setRate(1000.000000) done
2026-08-25 20:35:56,993 file.rtobject INFO 1 execution context was created.
2026-08-25 20:35:56,995 file.rtobject INFO Initial active configuration set is default.
2026-08-25 20:36:11,218 file.ManagerServant INFO Master manager not found
2026-08-25 20:36:21,266 file.ManagerServant INFO Master manager not found
2026-08-25 20:36:31,285 file.ManagerServant INFO Master manager not found
2026-08-25 20:36:41,346 file.ManagerServant INFO Master manager not found
2026-08-25 20:36:51,393 file.ManagerServant INFO Master manager not found
2026-08-25 20:37:01,454 file.ManagerServant INFO Master manager not found
2026-08-25 20:37:11,507 file.ManagerServant INFO Master manager not found
2026-08-25 20:37:21,546 file.ManagerServant INFO Master manager not found
