2026-08-27 10:15:29,981 file.manager INFO 2.1.0
2026-08-27 10:15:29,982 file.manager INFO Copyright (C) 2003-2024, Noriaki Ando and OpenRTM development team,
2026-08-27 10:15:29,982 file.manager INFO   Intelligent Systems Research Institute, AIST,
2026-08-27 10:15:29,982 file.manager INFO Copyright (C) 2024, Noriaki Ando and OpenRTM development team,
2026-08-27 10:15:29,982 file.manager INFO   Industrial Cyber-Physical Research Center, AIST,
2026-08-27 10:15:29,982 file.manager INFO   All right reserved.
2026-08-27 10:15:29,982 file.manager INFO Manager starting.
2026-08-27 10:15:29,982 file.manager INFO Starting local logging.
2026-08-27 10:15:30,000 file.manager.namingmanager INFO NameServer connection succeeded: corba/localhost:2809
2026-08-27 10:15:30,057 file.LocalServiceAdmin INFO All the local services are enabled.
2026-08-27 10:15:30,064 file.manager INFO Component type conf file: Select_Target.conf loaded.
2026-08-27 10:15:30,070 file.ec_base INFO setRate(1000000.000000) done
2026-08-27 10:15:30,070 file.ec_base INFO setRate(1000.000000) done
2026-08-27 10:15:30,071 file.rtobject INFO 1 execution context was created.
2026-08-27 10:15:30,074 file.rtobject INFO Initial active configuration set is default.
2026-08-27 10:35:50,754 file.target_out1 WARNING Traceback (most recent call last):
  File "C:\Users\hirok_7uv7t0u\AppData\Local\Python\pythoncore-3.14-64\Lib\site-packages\OpenRTM_aist\PortBase.py", line 2305, in checkPorts
    if port._non_existent():
       ~~~~~~~~~~~~~~~~~~^^
  File "C:\Users\hirok_7uv7t0u\AppData\Local\Python\pythoncore-3.14-64\Lib\site-packages\omniORB\CORBA.py", line 560, in _non_existent
    return self._obj.nonExistent()
           ~~~~~~~~~~~~~~~~~~~~~^^
omniORB.CORBA._omni_sys_exc: CORBA.TRANSIENT(omniORB.TRANSIENT_ConnectFailed, CORBA.COMPLETED_NO)

2026-08-27 10:35:50,755 file.target_out1 WARNING Dead connection: ddbcc7d9-a1b4-11f1-9d9f-f0d415709eef
2026-08-27 10:35:52,783 file.target_out1 WARNING Traceback (most recent call last):
  File "C:\Users\hirok_7uv7t0u\AppData\Local\Python\pythoncore-3.14-64\Lib\site-packages\OpenRTM_aist\PortBase.py", line 1664, in disconnectNext
    return p.notify_disconnect(connector_profile.connector_id)
           ~~~~~~~~~~~~~~~~~~~^^^^^^^^^^^^^^^^^^^^^^^^^^^^^^^^
  File "C:\Users\hirok_7uv7t0u\AppData\Local\Python\pythoncore-3.14-64\Lib\site-packages\OpenRTM_aist\RTM_IDL\RTC_idl.py", line 1207, in notify_disconnect
    return self._obj.invoke("notify_disconnect", _0_RTC.PortService._d_notify_disconnect, args)
           ~~~~~~~~~~~~~~~~^^^^^^^^^^^^^^^^^^^^^^^^^^^^^^^^^^^^^^^^^^^^^^^^^^^^^^^^^^^^^^^^^^^^
omniORB.CORBA._omni_sys_exc: CORBA.TRANSIENT(omniORB.TRANSIENT_ConnectFailed, CORBA.COMPLETED_NO)

