2026-08-27 23:23:58,372 file.manager INFO 2.0.2
2026-08-27 23:23:58,372 file.manager INFO Copyright (C) 2003-2024, Noriaki Ando and OpenRTM development team,
2026-08-27 23:23:58,372 file.manager INFO   Intelligent Systems Research Institute, AIST,
2026-08-27 23:23:58,372 file.manager INFO Copyright (C) 2024, Noriaki Ando and OpenRTM development team,
2026-08-27 23:23:58,373 file.manager INFO   Industrial Cyber-Physical Research Center, AIST,
2026-08-27 23:23:58,373 file.manager INFO   All right reserved.
2026-08-27 23:23:58,373 file.manager INFO Manager starting.
2026-08-27 23:23:58,373 file.manager INFO Starting local logging.
2026-08-27 23:24:02,457 file.manager.namingmanager INFO NameServer connection failed: corba/localhost
2026-08-27 23:24:06,542 file.ManagerServant INFO Master manager not found
2026-08-27 23:24:06,543 file.LocalServiceAdmin INFO All the local services are enabled.
2026-08-27 23:24:06,553 file.manager INFO Component type conf file: Select_Target.conf loaded.
2026-08-27 23:24:06,557 file.ec_base INFO setRate(1000000.000000) done
2026-08-27 23:24:06,557 file.ec_base INFO setRate(1000.000000) done
2026-08-27 23:24:06,558 file.rtobject INFO 1 execution context was created.
2026-08-27 23:24:06,561 file.rtobject INFO Initial active configuration set is default.
2026-08-27 23:24:20,831 file.manager.namingmanager INFO NameServer connection failed: corba/localhost
2026-08-27 23:24:24,923 file.ManagerServant INFO Master manager not found
2026-08-27 23:24:30,823 file.manager.namingmanager INFO NameServer connection failed: corba/localhost
2026-08-27 23:24:34,889 file.ManagerServant INFO Master manager not found
2026-08-27 23:24:40,858 file.manager.namingmanager INFO NameServer connection failed: corba/localhost
2026-08-27 23:24:44,956 file.ManagerServant INFO Master manager not found
2026-08-27 23:24:50,872 file.manager.namingmanager INFO NameServer connection failed: corba/localhost
2026-08-27 23:24:54,940 file.ManagerServant INFO Master manager not found
2026-08-27 23:25:00,957 file.manager.namingmanager INFO NameServer connection failed: corba/localhost
2026-08-27 23:25:05,024 file.ManagerServant INFO Master manager not found
2026-08-27 23:25:11,023 file.manager.namingmanager INFO NameServer connection failed: corba/localhost
2026-08-27 23:25:15,075 file.ManagerServant INFO Master manager not found
