2026-08-27 21:25:04,391 file.manager INFO 2.0.2
2026-08-27 21:25:04,391 file.manager INFO Copyright (C) 2003-2024, Noriaki Ando and OpenRTM development team,
2026-08-27 21:25:04,392 file.manager INFO   Intelligent Systems Research Institute, AIST,
2026-08-27 21:25:04,393 file.manager INFO Copyright (C) 2024, Noriaki Ando and OpenRTM development team,
2026-08-27 21:25:04,393 file.manager INFO   Industrial Cyber-Physical Research Center, AIST,
2026-08-27 21:25:04,393 file.manager INFO   All right reserved.
2026-08-27 21:25:04,393 file.manager INFO Manager starting.
2026-08-27 21:25:04,393 file.manager INFO Starting local logging.
2026-08-27 21:25:04,422 file.manager.namingmanager INFO NameServer connection succeeded: corba/localhost
2026-08-27 21:25:08,486 file.ManagerServant INFO Master manager not found
2026-08-27 21:25:08,491 file.LocalServiceAdmin INFO All the local services are enabled.
2026-08-27 21:25:08,494 file.manager INFO Component type conf file: Select_Target.conf loaded.
2026-08-27 21:25:08,502 file.ec_base INFO setRate(1000000.000000) done
2026-08-27 21:25:08,502 file.ec_base INFO setRate(1000.000000) done
2026-08-27 21:25:08,502 file.rtobject INFO 1 execution context was created.
2026-08-27 21:25:08,508 file.rtobject INFO Initial active configuration set is default.
2026-08-27 21:25:22,870 file.ManagerServant INFO Master manager not found
2026-08-27 21:25:32,920 file.ManagerServant INFO Master manager not found
2026-08-27 21:25:43,008 file.ManagerServant INFO Master manager not found
2026-08-27 21:25:53,091 file.ManagerServant INFO Master manager not found
2026-08-27 21:26:03,191 file.ManagerServant INFO Master manager not found
2026-08-27 21:26:13,208 file.ManagerServant INFO Master manager not found
2026-08-27 21:26:23,303 file.ManagerServant INFO Master manager not found
2026-08-27 21:26:33,353 file.ManagerServant INFO Master manager not found
2026-08-27 21:26:43,369 file.ManagerServant INFO Master manager not found
2026-08-27 21:26:53,371 file.ManagerServant INFO Master manager not found
2026-08-27 21:27:03,400 file.ManagerServant INFO Master manager not found
2026-08-27 21:27:13,388 file.ManagerServant INFO Master manager not found
2026-08-27 21:27:23,437 file.ManagerServant INFO Master manager not found
2026-08-27 21:27:33,526 file.ManagerServant INFO Master manager not found
2026-08-27 21:27:43,635 file.ManagerServant INFO Master manager not found
2026-08-27 21:27:53,658 file.ManagerServant INFO Master manager not found
