2026-08-25 21:17:34,050 file.manager INFO 2.0.2
2026-08-25 21:17:34,051 file.manager INFO Copyright (C) 2003-2024, Noriaki Ando and OpenRTM development team,
2026-08-25 21:17:34,051 file.manager INFO   Intelligent Systems Research Institute, AIST,
2026-08-25 21:17:34,051 file.manager INFO Copyright (C) 2024, Noriaki Ando and OpenRTM development team,
2026-08-25 21:17:34,051 file.manager INFO   Industrial Cyber-Physical Research Center, AIST,
2026-08-25 21:17:34,051 file.manager INFO   All right reserved.
2026-08-25 21:17:34,051 file.manager INFO Manager starting.
2026-08-25 21:17:34,051 file.manager INFO Starting local logging.
2026-08-25 21:17:34,076 file.manager.namingmanager INFO NameServer connection succeeded: corba/localhost
2026-08-25 21:17:38,185 file.ManagerServant INFO Master manager not found
2026-08-25 21:17:38,185 file.LocalServiceAdmin INFO All the local services are enabled.
2026-08-25 21:17:38,188 file.manager INFO Component type conf file: Select_Target.conf loaded.
2026-08-25 21:17:38,189 file.ec_base INFO setRate(1000000.000000) done
2026-08-25 21:17:38,189 file.ec_base INFO setRate(1000.000000) done
2026-08-25 21:17:38,189 file.rtobject INFO 1 execution context was created.
2026-08-25 21:17:38,190 file.rtobject INFO Initial active configuration set is default.
2026-08-25 21:17:52,411 file.ManagerServant INFO Master manager not found
2026-08-25 21:18:02,432 file.ManagerServant INFO Master manager not found
2026-08-25 21:18:12,487 file.ManagerServant INFO Master manager not found
2026-08-25 21:18:22,504 file.ManagerServant INFO Master manager not found
2026-08-25 21:18:32,522 file.ManagerServant INFO Master manager not found
