2026-08-27 21:05:54,957 file.manager INFO 2.0.2
2026-08-27 21:05:54,957 file.manager INFO Copyright (C) 2003-2024, Noriaki Ando and OpenRTM development team,
2026-08-27 21:05:54,957 file.manager INFO   Intelligent Systems Research Institute, AIST,
2026-08-27 21:05:54,957 file.manager INFO Copyright (C) 2024, Noriaki Ando and OpenRTM development team,
2026-08-27 21:05:54,957 file.manager INFO   Industrial Cyber-Physical Research Center, AIST,
2026-08-27 21:05:54,957 file.manager INFO   All right reserved.
2026-08-27 21:05:54,957 file.manager INFO Manager starting.
2026-08-27 21:05:54,957 file.manager INFO Starting local logging.
2026-08-27 21:05:54,991 file.manager.namingmanager INFO NameServer connection succeeded: corba/localhost
2026-08-27 21:05:59,074 file.ManagerServant INFO Master manager not found
2026-08-27 21:05:59,074 file.LocalServiceAdmin INFO All the local services are enabled.
2026-08-27 21:05:59,074 file.manager INFO Component type conf file: Select_Target.conf loaded.
2026-08-27 21:05:59,090 file.ec_base INFO setRate(1000000.000000) done
2026-08-27 21:05:59,091 file.ec_base INFO setRate(1000.000000) done
2026-08-27 21:05:59,091 file.rtobject INFO 1 execution context was created.
2026-08-27 21:05:59,093 file.rtobject INFO Initial active configuration set is default.
2026-08-27 21:06:13,541 file.ManagerServant INFO Master manager not found
2026-08-27 21:06:23,534 file.ManagerServant INFO Master manager not found
2026-08-27 21:06:33,551 file.ManagerServant INFO Master manager not found
2026-08-27 21:06:43,590 file.ManagerServant INFO Master manager not found
2026-08-27 21:06:53,584 file.ManagerServant INFO Master manager not found
2026-08-27 21:07:03,724 file.ManagerServant INFO Master manager not found
