2026-08-25 20:40:49,694 file.manager INFO 2.0.2
2026-08-25 20:40:49,694 file.manager INFO Copyright (C) 2003-2024, Noriaki Ando and OpenRTM development team,
2026-08-25 20:40:49,694 file.manager INFO   Intelligent Systems Research Institute, AIST,
2026-08-25 20:40:49,694 file.manager INFO Copyright (C) 2024, Noriaki Ando and OpenRTM development team,
2026-08-25 20:40:49,694 file.manager INFO   Industrial Cyber-Physical Research Center, AIST,
2026-08-25 20:40:49,695 file.manager INFO   All right reserved.
2026-08-25 20:40:49,695 file.manager INFO Manager starting.
2026-08-25 20:40:49,695 file.manager INFO Starting local logging.
2026-08-25 20:40:49,707 file.manager.namingmanager INFO NameServer connection succeeded: corba/localhost
2026-08-25 20:40:53,790 file.ManagerServant INFO Master manager not found
2026-08-25 20:40:53,791 file.LocalServiceAdmin INFO All the local services are enabled.
2026-08-25 20:40:53,793 file.manager INFO Component type conf file: Select_Target.conf loaded.
2026-08-25 20:40:53,794 file.ec_base INFO setRate(1000000.000000) done
2026-08-25 20:40:53,794 file.ec_base INFO setRate(1000.000000) done
2026-08-25 20:40:53,794 file.rtobject INFO 1 execution context was created.
2026-08-25 20:40:53,797 file.rtobject INFO Initial active configuration set is default.
2026-08-25 20:41:08,088 file.ManagerServant INFO Master manager not found
2026-08-25 20:41:18,161 file.ManagerServant INFO Master manager not found
2026-08-25 20:41:21,328 file.SdoServiceAdmin WARNING No available SDO service in the factory: 
2026-08-25 20:41:21,328 file.SdoServiceAdmin ERROR type  not exists.
2026-08-25 20:41:28,226 file.ManagerServant INFO Master manager not found
2026-08-25 20:41:38,278 file.ManagerServant INFO Master manager not found
2026-08-25 20:41:48,332 file.ManagerServant INFO Master manager not found
2026-08-25 20:41:58,390 file.ManagerServant INFO Master manager not found
2026-08-25 20:42:08,464 file.ManagerServant INFO Master manager not found
2026-08-25 20:42:18,573 file.ManagerServant INFO Master manager not found
2026-08-25 20:42:28,635 file.ManagerServant INFO Master manager not found
2026-08-25 20:42:38,709 file.ManagerServant INFO Master manager not found
2026-08-25 20:42:48,760 file.ManagerServant INFO Master manager not found
2026-08-25 20:42:58,809 file.ManagerServant INFO Master manager not found
2026-08-25 20:43:08,887 file.ManagerServant INFO Master manager not found
2026-08-25 20:43:18,932 file.ManagerServant INFO Master manager not found
2026-08-25 20:43:28,964 file.ManagerServant INFO Master manager not found
2026-08-25 20:43:39,034 file.ManagerServant INFO Master manager not found
2026-08-25 20:43:49,056 file.ManagerServant INFO Master manager not found
2026-08-25 20:43:59,100 file.ManagerServant INFO Master manager not found
2026-08-25 20:44:09,173 file.ManagerServant INFO Master manager not found
2026-08-25 20:44:19,221 file.ManagerServant INFO Master manager not found
2026-08-25 20:44:29,250 file.ManagerServant INFO Master manager not found
2026-08-25 20:44:39,306 file.ManagerServant INFO Master manager not found
2026-08-25 20:44:49,303 file.ManagerServant INFO Master manager not found
2026-08-25 20:44:59,446 file.ManagerServant INFO Master manager not found
2026-08-25 20:45:09,457 file.ManagerServant INFO Master manager not found
2026-08-25 20:45:19,522 file.ManagerServant INFO Master manager not found
2026-08-25 20:45:29,601 file.ManagerServant INFO Master manager not found
2026-08-25 20:45:39,625 file.ManagerServant INFO Master manager not found
2026-08-25 20:45:49,648 file.ManagerServant INFO Master manager not found
2026-08-25 20:45:59,680 file.ManagerServant INFO Master manager not found
2026-08-25 20:46:09,708 file.ManagerServant INFO Master manager not found
2026-08-25 20:46:19,755 file.ManagerServant INFO Master manager not found
2026-08-25 20:46:29,837 file.ManagerServant INFO Master manager not found
2026-08-25 20:46:39,879 file.ManagerServant INFO Master manager not found
2026-08-25 20:46:49,887 file.ManagerServant INFO Master manager not found
2026-08-25 20:46:59,909 file.ManagerServant INFO Master manager not found
2026-08-25 20:47:09,955 file.ManagerServant INFO Master manager not found
2026-08-25 20:47:19,974 file.ManagerServant INFO Master manager not found
2026-08-25 20:47:30,023 file.ManagerServant INFO Master manager not found
2026-08-25 20:47:40,106 file.ManagerServant INFO Master manager not found
2026-08-25 20:47:50,150 file.ManagerServant INFO Master manager not found
2026-08-25 20:48:00,174 file.ManagerServant INFO Master manager not found
2026-08-25 20:48:10,212 file.ManagerServant INFO Master manager not found
2026-08-25 20:48:20,295 file.ManagerServant INFO Master manager not found
2026-08-25 20:48:30,344 file.ManagerServant INFO Master manager not found
2026-08-25 20:48:40,396 file.ManagerServant INFO Master manager not found
2026-08-25 20:48:50,420 file.ManagerServant INFO Master manager not found
2026-08-25 20:49:00,467 file.ManagerServant INFO Master manager not found
2026-08-25 20:49:10,526 file.ManagerServant INFO Master manager not found
2026-08-25 20:49:20,562 file.ManagerServant INFO Master manager not found
2026-08-25 20:49:30,585 file.ManagerServant INFO Master manager not found
2026-08-25 20:49:40,614 file.ManagerServant INFO Master manager not found
2026-08-25 20:49:50,650 file.ManagerServant INFO Master manager not found
2026-08-25 20:50:00,723 file.ManagerServant INFO Master manager not found
2026-08-25 20:50:10,742 file.ManagerServant INFO Master manager not found
2026-08-25 20:50:20,798 file.ManagerServant INFO Master manager not found
2026-08-25 20:50:30,845 file.ManagerServant INFO Master manager not found
2026-08-25 20:50:40,888 file.ManagerServant INFO Master manager not found
2026-08-25 20:50:50,925 file.ManagerServant INFO Master manager not found
2026-08-25 20:51:00,985 file.ManagerServant INFO Master manager not found
2026-08-25 20:51:11,021 file.ManagerServant INFO Master manager not found
2026-08-25 20:51:21,073 file.ManagerServant INFO Master manager not found
2026-08-25 20:51:31,136 file.ManagerServant INFO Master manager not found
2026-08-25 20:51:41,190 file.ManagerServant INFO Master manager not found
2026-08-25 20:51:51,227 file.ManagerServant INFO Master manager not found
2026-08-25 20:52:01,223 file.ManagerServant INFO Master manager not found
2026-08-25 20:52:11,358 file.ManagerServant INFO Master manager not found
2026-08-25 20:52:21,420 file.ManagerServant INFO Master manager not found
2026-08-25 20:52:31,452 file.ManagerServant INFO Master manager not found
2026-08-25 20:52:41,490 file.ManagerServant INFO Master manager not found
2026-08-25 20:52:51,530 file.ManagerServant INFO Master manager not found
2026-08-25 20:53:01,567 file.ManagerServant INFO Master manager not found
2026-08-25 20:53:11,544 file.ManagerServant INFO Master manager not found
2026-08-25 20:53:21,693 file.ManagerServant INFO Master manager not found
2026-08-25 20:53:31,742 file.ManagerServant INFO Master manager not found
2026-08-25 20:53:41,760 file.ManagerServant INFO Master manager not found
2026-08-25 20:53:51,809 file.ManagerServant INFO Master manager not found
2026-08-25 20:54:01,857 file.ManagerServant INFO Master manager not found
2026-08-25 20:54:11,917 file.ManagerServant INFO Master manager not found
2026-08-25 20:54:21,953 file.ManagerServant INFO Master manager not found
2026-08-25 20:54:32,004 file.ManagerServant INFO Master manager not found
2026-08-25 20:54:42,053 file.ManagerServant INFO Master manager not found
2026-08-25 20:54:52,085 file.ManagerServant INFO Master manager not found
2026-08-25 20:55:02,115 file.ManagerServant INFO Master manager not found
2026-08-25 20:55:12,155 file.ManagerServant INFO Master manager not found
2026-08-25 20:55:22,196 file.ManagerServant INFO Master manager not found
2026-08-25 20:55:32,237 file.ManagerServant INFO Master manager not found
2026-08-25 20:55:42,291 file.ManagerServant INFO Master manager not found
2026-08-25 20:55:52,370 file.ManagerServant INFO Master manager not found
2026-08-25 20:56:02,411 file.ManagerServant INFO Master manager not found
2026-08-25 20:56:12,453 file.ManagerServant INFO Master manager not found
2026-08-25 20:56:22,489 file.ManagerServant INFO Master manager not found
2026-08-25 20:56:32,558 file.ManagerServant INFO Master manager not found
2026-08-25 20:56:42,623 file.ManagerServant INFO Master manager not found
2026-08-25 20:56:52,644 file.ManagerServant INFO Master manager not found
2026-08-25 20:57:02,680 file.ManagerServant INFO Master manager not found
2026-08-25 20:57:12,707 file.ManagerServant INFO Master manager not found
2026-08-25 20:57:22,758 file.ManagerServant INFO Master manager not found
2026-08-25 20:57:32,786 file.ManagerServant INFO Master manager not found
2026-08-25 20:57:42,832 file.ManagerServant INFO Master manager not found
2026-08-25 20:57:52,868 file.ManagerServant INFO Master manager not found
2026-08-25 20:58:02,914 file.ManagerServant INFO Master manager not found
2026-08-25 20:58:12,954 file.ManagerServant INFO Master manager not found
2026-08-25 20:58:23,027 file.ManagerServant INFO Master manager not found
2026-08-25 20:58:33,014 file.ManagerServant INFO Master manager not found
2026-08-25 20:58:43,075 file.ManagerServant INFO Master manager not found
2026-08-25 20:58:53,108 file.ManagerServant INFO Master manager not found
2026-08-25 20:59:03,154 file.ManagerServant INFO Master manager not found
2026-08-25 20:59:13,199 file.ManagerServant INFO Master manager not found
2026-08-25 20:59:23,243 file.ManagerServant INFO Master manager not found
2026-08-25 20:59:33,300 file.ManagerServant INFO Master manager not found
2026-08-25 20:59:43,374 file.ManagerServant INFO Master manager not found
2026-08-25 20:59:53,420 file.ManagerServant INFO Master manager not found
2026-08-25 21:00:03,490 file.ManagerServant INFO Master manager not found
2026-08-25 21:00:13,543 file.ManagerServant INFO Master manager not found
2026-08-25 21:00:23,618 file.ManagerServant INFO Master manager not found
2026-08-25 21:00:33,678 file.ManagerServant INFO Master manager not found
2026-08-25 21:00:43,718 file.ManagerServant INFO Master manager not found
2026-08-25 21:00:53,768 file.ManagerServant INFO Master manager not found
2026-08-25 21:01:03,808 file.ManagerServant INFO Master manager not found
2026-08-25 21:01:13,850 file.ManagerServant INFO Master manager not found
2026-08-25 21:01:23,889 file.ManagerServant INFO Master manager not found
2026-08-25 21:01:33,945 file.ManagerServant INFO Master manager not found
2026-08-25 21:01:43,974 file.ManagerServant INFO Master manager not found
2026-08-25 21:01:54,036 file.ManagerServant INFO Master manager not found
2026-08-25 21:02:04,110 file.ManagerServant INFO Master manager not found
2026-08-25 21:02:14,156 file.ManagerServant INFO Master manager not found
2026-08-25 21:02:24,216 file.ManagerServant INFO Master manager not found
2026-08-25 21:02:34,236 file.ManagerServant INFO Master manager not found
2026-08-25 21:02:44,286 file.ManagerServant INFO Master manager not found
2026-08-25 21:02:54,356 file.ManagerServant INFO Master manager not found
2026-08-25 21:03:04,401 file.ManagerServant INFO Master manager not found
2026-08-25 21:03:14,465 file.ManagerServant INFO Master manager not found
2026-08-25 21:03:24,503 file.ManagerServant INFO Master manager not found
2026-08-25 21:03:34,566 file.ManagerServant INFO Master manager not found
2026-08-25 21:03:44,621 file.ManagerServant INFO Master manager not found
2026-08-25 21:03:54,678 file.ManagerServant INFO Master manager not found
2026-08-25 21:04:04,750 file.ManagerServant INFO Master manager not found
2026-08-25 21:04:14,791 file.ManagerServant INFO Master manager not found
2026-08-25 21:04:24,858 file.ManagerServant INFO Master manager not found
2026-08-25 21:04:34,923 file.ManagerServant INFO Master manager not found
2026-08-25 21:04:45,000 file.ManagerServant INFO Master manager not found
2026-08-25 21:04:55,053 file.ManagerServant INFO Master manager not found
2026-08-25 21:05:05,123 file.ManagerServant INFO Master manager not found
2026-08-25 21:05:15,202 file.ManagerServant INFO Master manager not found
2026-08-25 21:05:25,194 file.ManagerServant INFO Master manager not found
2026-08-25 21:05:35,254 file.ManagerServant INFO Master manager not found
2026-08-25 21:05:45,316 file.ManagerServant INFO Master manager not found
2026-08-25 21:05:55,327 file.ManagerServant INFO Master manager not found
2026-08-25 21:06:05,389 file.ManagerServant INFO Master manager not found
2026-08-25 21:06:15,416 file.ManagerServant INFO Master manager not found
2026-08-25 21:06:25,437 file.ManagerServant INFO Master manager not found
2026-08-25 21:06:35,455 file.ManagerServant INFO Master manager not found
2026-08-25 21:06:45,511 file.ManagerServant INFO Master manager not found
2026-08-25 21:06:55,561 file.ManagerServant INFO Master manager not found
2026-08-25 21:07:05,622 file.ManagerServant INFO Master manager not found
2026-08-25 21:07:15,647 file.ManagerServant INFO Master manager not found
2026-08-25 21:07:25,702 file.ManagerServant INFO Master manager not found
2026-08-25 21:07:35,740 file.ManagerServant INFO Master manager not found
2026-08-25 21:07:45,778 file.ManagerServant INFO Master manager not found
2026-08-25 21:07:55,786 file.ManagerServant INFO Master manager not found
2026-08-25 21:08:05,819 file.ManagerServant INFO Master manager not found
2026-08-25 21:08:15,902 file.ManagerServant INFO Master manager not found
2026-08-25 21:08:25,943 file.ManagerServant INFO Master manager not found
2026-08-25 21:08:35,982 file.ManagerServant INFO Master manager not found
2026-08-25 21:08:45,996 file.ManagerServant INFO Master manager not found
2026-08-25 21:08:56,034 file.ManagerServant INFO Master manager not found
2026-08-25 21:09:06,097 file.ManagerServant INFO Master manager not found
2026-08-25 21:09:16,159 file.ManagerServant INFO Master manager not found
2026-08-25 21:09:26,184 file.ManagerServant INFO Master manager not found
2026-08-25 21:09:36,213 file.ManagerServant INFO Master manager not found
2026-08-25 21:09:46,286 file.ManagerServant INFO Master manager not found
2026-08-25 21:09:56,303 file.ManagerServant INFO Master manager not found
2026-08-25 21:10:06,314 file.ManagerServant INFO Master manager not found
2026-08-25 21:10:16,393 file.ManagerServant INFO Master manager not found
2026-08-25 21:10:26,448 file.ManagerServant INFO Master manager not found
2026-08-25 21:10:36,492 file.ManagerServant INFO Master manager not found
2026-08-25 21:10:46,541 file.ManagerServant INFO Master manager not found
2026-08-25 21:10:56,592 file.ManagerServant INFO Master manager not found
2026-08-25 21:11:06,625 file.ManagerServant INFO Master manager not found
2026-08-25 21:11:16,681 file.ManagerServant INFO Master manager not found
2026-08-25 21:11:26,716 file.ManagerServant INFO Master manager not found
2026-08-25 21:11:36,745 file.ManagerServant INFO Master manager not found
2026-08-25 21:11:46,793 file.ManagerServant INFO Master manager not found
2026-08-25 21:11:56,852 file.ManagerServant INFO Master manager not found
2026-08-25 21:12:06,910 file.ManagerServant INFO Master manager not found
2026-08-25 21:12:16,991 file.ManagerServant INFO Master manager not found
2026-08-25 21:12:27,013 file.ManagerServant INFO Master manager not found
2026-08-25 21:12:37,096 file.ManagerServant INFO Master manager not found
2026-08-25 21:12:47,132 file.ManagerServant INFO Master manager not found
2026-08-25 21:12:57,165 file.ManagerServant INFO Master manager not found
2026-08-25 21:13:07,211 file.ManagerServant INFO Master manager not found
2026-08-25 21:13:17,271 file.ManagerServant INFO Master manager not found
2026-08-25 21:13:27,284 file.ManagerServant INFO Master manager not found
2026-08-25 21:13:37,324 file.ManagerServant INFO Master manager not found
2026-08-25 21:13:47,385 file.ManagerServant INFO Master manager not found
2026-08-25 21:13:57,431 file.ManagerServant INFO Master manager not found
2026-08-25 21:14:07,464 file.ManagerServant INFO Master manager not found
2026-08-25 21:14:17,531 file.ManagerServant INFO Master manager not found
2026-08-25 21:14:27,519 file.ManagerServant INFO Master manager not found
2026-08-25 21:14:37,640 file.ManagerServant INFO Master manager not found
2026-08-25 21:14:47,673 file.ManagerServant INFO Master manager not found
2026-08-25 21:14:57,667 file.ManagerServant INFO Master manager not found
2026-08-25 21:15:07,795 file.ManagerServant INFO Master manager not found
