2026-08-27 21:28:12,745 file.manager INFO 2.0.2
2026-08-27 21:28:12,745 file.manager INFO Copyright (C) 2003-2024, Noriaki Ando and OpenRTM development team,
2026-08-27 21:28:12,745 file.manager INFO   Intelligent Systems Research Institute, AIST,
2026-08-27 21:28:12,745 file.manager INFO Copyright (C) 2024, Noriaki Ando and OpenRTM development team,
2026-08-27 21:28:12,745 file.manager INFO   Industrial Cyber-Physical Research Center, AIST,
2026-08-27 21:28:12,745 file.manager INFO   All right reserved.
2026-08-27 21:28:12,745 file.manager INFO Manager starting.
2026-08-27 21:28:12,745 file.manager INFO Starting local logging.
2026-08-27 21:28:12,772 file.manager.namingmanager INFO NameServer connection succeeded: corba/localhost
2026-08-27 21:28:16,851 file.ManagerServant INFO Master manager not found
2026-08-27 21:28:16,854 file.LocalServiceAdmin INFO All the local services are enabled.
2026-08-27 21:28:16,860 file.manager INFO Component type conf file: Select_Target.conf loaded.
2026-08-27 21:28:16,862 file.ec_base INFO setRate(1000000.000000) done
2026-08-27 21:28:16,862 file.ec_base INFO setRate(1000.000000) done
2026-08-27 21:28:16,863 file.rtobject INFO 1 execution context was created.
2026-08-27 21:28:16,868 file.rtobject INFO Initial active configuration set is default.
2026-08-27 21:28:31,144 file.ManagerServant INFO Master manager not found
2026-08-27 21:28:41,240 file.ManagerServant INFO Master manager not found
2026-08-27 21:28:51,256 file.ManagerServant INFO Master manager not found
2026-08-27 21:29:01,290 file.ManagerServant INFO Master manager not found
2026-08-27 21:29:11,385 file.ManagerServant INFO Master manager not found
2026-08-27 21:29:21,470 file.ManagerServant INFO Master manager not found
2026-08-27 21:29:31,510 file.ManagerServant INFO Master manager not found
2026-08-27 21:29:41,557 file.ManagerServant INFO Master manager not found
2026-08-27 21:29:51,561 file.ManagerServant INFO Master manager not found
2026-08-27 21:30:01,588 file.ManagerServant INFO Master manager not found
2026-08-27 21:30:05,548 file.SdoServiceAdmin WARNING No available SDO service in the factory: 
2026-08-27 21:30:05,548 file.SdoServiceAdmin ERROR type  not exists.
2026-08-27 21:30:11,633 file.ManagerServant INFO Master manager not found
2026-08-27 21:30:21,661 file.ManagerServant INFO Master manager not found
2026-08-27 21:30:31,695 file.ManagerServant INFO Master manager not found
2026-08-27 21:30:41,972 file.ManagerServant INFO Master manager not found
2026-08-27 21:30:43,640 file.SdoServiceAdmin WARNING No available SDO service in the factory: 
2026-08-27 21:30:43,641 file.SdoServiceAdmin ERROR type  not exists.
