2026-08-25 20:33:46,549 file.manager INFO 2.0.2
2026-08-25 20:33:46,549 file.manager INFO Copyright (C) 2003-2024, Noriaki Ando and OpenRTM development team,
2026-08-25 20:33:46,549 file.manager INFO   Intelligent Systems Research Institute, AIST,
2026-08-25 20:33:46,550 file.manager INFO Copyright (C) 2024, Noriaki Ando and OpenRTM development team,
2026-08-25 20:33:46,550 file.manager INFO   Industrial Cyber-Physical Research Center, AIST,
2026-08-25 20:33:46,550 file.manager INFO   All right reserved.
2026-08-25 20:33:46,550 file.manager INFO Manager starting.
2026-08-25 20:33:46,550 file.manager INFO Starting local logging.
2026-08-25 20:33:46,581 file.manager.namingmanager INFO NameServer connection succeeded: corba/localhost
2026-08-25 20:33:50,721 file.ManagerServant INFO Master manager not found
2026-08-25 20:33:50,724 file.LocalServiceAdmin INFO All the local services are enabled.
2026-08-25 20:33:50,731 file.manager INFO Component type conf file: Select_Target.conf loaded.
2026-08-25 20:33:50,733 file.ec_base INFO setRate(1000000.000000) done
2026-08-25 20:33:50,733 file.ec_base INFO setRate(1000.000000) done
2026-08-25 20:33:50,734 file.rtobject INFO 1 execution context was created.
2026-08-25 20:33:50,737 file.rtobject INFO Initial active configuration set is default.
2026-08-25 20:34:05,301 file.ManagerServant INFO Master manager not found
2026-08-25 20:34:15,335 file.ManagerServant INFO Master manager not found
2026-08-25 20:34:25,387 file.ManagerServant INFO Master manager not found
2026-08-25 20:34:35,383 file.ManagerServant INFO Master manager not found
2026-08-25 20:34:45,542 file.ManagerServant INFO Master manager not found
2026-08-25 20:34:55,579 file.ManagerServant INFO Master manager not found
2026-08-25 20:35:05,588 file.ManagerServant INFO Master manager not found
2026-08-25 20:35:15,649 file.ManagerServant INFO Master manager not found
