2026-08-26 14:23:26,728 file.manager INFO 2.0.2
2026-08-26 14:23:26,728 file.manager INFO Copyright (C) 2003-2024, Noriaki Ando and OpenRTM development team,
2026-08-26 14:23:26,728 file.manager INFO   Intelligent Systems Research Institute, AIST,
2026-08-26 14:23:26,728 file.manager INFO Copyright (C) 2024, Noriaki Ando and OpenRTM development team,
2026-08-26 14:23:26,729 file.manager INFO   Industrial Cyber-Physical Research Center, AIST,
2026-08-26 14:23:26,729 file.manager INFO   All right reserved.
2026-08-26 14:23:26,729 file.manager INFO Manager starting.
2026-08-26 14:23:26,729 file.manager INFO Starting local logging.
2026-08-26 14:23:26,737 file.manager.namingmanager INFO NameServer connection succeeded: corba/localhost
2026-08-26 14:23:30,833 file.ManagerServant INFO Master manager not found
2026-08-26 14:23:30,836 file.LocalServiceAdmin INFO All the local services are enabled.
2026-08-26 14:23:30,858 file.manager INFO Component type conf file: Select_Target.conf loaded.
2026-08-26 14:23:30,860 file.ec_base INFO setRate(1000000.000000) done
2026-08-26 14:23:30,860 file.ec_base INFO setRate(1000.000000) done
2026-08-26 14:23:30,860 file.rtobject INFO 1 execution context was created.
2026-08-26 14:23:30,862 file.rtobject INFO Initial active configuration set is default.
2026-08-26 14:23:44,186 file.SdoServiceAdmin WARNING No available SDO service in the factory: 
2026-08-26 14:23:44,186 file.SdoServiceAdmin ERROR type  not exists.
2026-08-26 14:23:45,204 file.ManagerServant INFO Master manager not found
2026-08-26 14:23:55,269 file.ManagerServant INFO Master manager not found
2026-08-26 14:24:05,333 file.ManagerServant INFO Master manager not found
2026-08-26 14:24:15,403 file.ManagerServant INFO Master manager not found
2026-08-26 14:24:25,481 file.ManagerServant INFO Master manager not found
2026-08-26 14:24:35,556 file.ManagerServant INFO Master manager not found
2026-08-26 14:24:45,639 file.ManagerServant INFO Master manager not found
2026-08-26 14:24:55,708 file.ManagerServant INFO Master manager not found
2026-08-26 14:25:05,770 file.ManagerServant INFO Master manager not found
2026-08-26 14:25:15,839 file.ManagerServant INFO Master manager not found
2026-08-26 14:25:25,864 file.ManagerServant INFO Master manager not found
2026-08-26 14:25:35,908 file.ManagerServant INFO Master manager not found
2026-08-26 14:25:45,951 file.ManagerServant INFO Master manager not found
2026-08-26 14:25:55,975 file.ManagerServant INFO Master manager not found
2026-08-26 14:26:06,008 file.ManagerServant INFO Master manager not found
