2026-08-27 09:54:14,576 file.manager INFO 2.1.0
2026-08-27 09:54:14,576 file.manager INFO Copyright (C) 2003-2024, Noriaki Ando and OpenRTM development team,
2026-08-27 09:54:14,576 file.manager INFO   Intelligent Systems Research Institute, AIST,
2026-08-27 09:54:14,576 file.manager INFO Copyright (C) 2024, Noriaki Ando and OpenRTM development team,
2026-08-27 09:54:14,577 file.manager INFO   Industrial Cyber-Physical Research Center, AIST,
2026-08-27 09:54:14,577 file.manager INFO   All right reserved.
2026-08-27 09:54:14,577 file.manager INFO Manager starting.
2026-08-27 09:54:14,577 file.manager INFO Starting local logging.
2026-08-27 09:54:14,599 file.manager.namingmanager INFO NameServer connection succeeded: corba/localhost:2809
2026-08-27 09:54:14,600 file.LocalServiceAdmin INFO All the local services are enabled.
2026-08-27 09:54:14,605 file.manager INFO Component type conf file: Select_Target.conf loaded.
2026-08-27 09:54:14,609 file.ec_base INFO setRate(1000000.000000) done
2026-08-27 09:54:14,610 file.ec_base INFO setRate(1000.000000) done
2026-08-27 09:54:14,611 file.rtobject INFO 1 execution context was created.
2026-08-27 09:54:14,614 file.rtobject INFO Initial active configuration set is default.
2026-08-27 09:55:18,447 file.target_out1 WARNING Traceback (most recent call last):
  File "C:\Users\hirok_7uv7t0u\AppData\Local\Python\pythoncore-3.14-64\Lib\site-packages\OpenRTM_aist\PortBase.py", line 2305, in checkPorts
    if port._non_existent():
       ~~~~~~~~~~~~~~~~~~^^
  File "C:\Users\hirok_7uv7t0u\AppData\Local\Python\pythoncore-3.14-64\Lib\site-packages\omniORB\CORBA.py", line 560, in _non_existent
    return self._obj.nonExistent()
           ~~~~~~~~~~~~~~~~~~~~~^^
omniORB.CORBA._omni_sys_exc: CORBA.TIMEOUT(omniORB.TIMEOUT_CallTimedOutOnClient, CORBA.COMPLETED_MAYBE)

2026-08-27 09:55:18,447 file.target_out1 WARNING Dead connection: e6cdc759-a1b1-11f1-8136-f0d415709eef
