2026-08-27 09:25:03,263 file.manager INFO 2.1.0
2026-08-27 09:25:03,263 file.manager INFO Copyright (C) 2003-2024, Noriaki Ando and OpenRTM development team,
2026-08-27 09:25:03,264 file.manager INFO   Intelligent Systems Research Institute, AIST,
2026-08-27 09:25:03,264 file.manager INFO Copyright (C) 2024, Noriaki Ando and OpenRTM development team,
2026-08-27 09:25:03,264 file.manager INFO   Industrial Cyber-Physical Research Center, AIST,
2026-08-27 09:25:03,264 file.manager INFO   All right reserved.
2026-08-27 09:25:03,264 file.manager INFO Manager starting.
2026-08-27 09:25:03,264 file.manager INFO Starting local logging.
2026-08-27 09:25:03,283 file.manager.namingmanager INFO NameServer connection succeeded: corba/localhost:2809
2026-08-27 09:25:03,339 file.LocalServiceAdmin INFO All the local services are enabled.
2026-08-27 09:25:03,346 file.manager INFO Component type conf file: Select_Target.conf loaded.
2026-08-27 09:25:03,351 file.ec_base INFO setRate(1000000.000000) done
2026-08-27 09:25:03,351 file.ec_base INFO setRate(1000.000000) done
2026-08-27 09:25:03,352 file.rtobject INFO 1 execution context was created.
2026-08-27 09:25:03,355 file.rtobject INFO Initial active configuration set is default.
2026-08-27 09:25:37,819 file.manager.namingmanager INFO Name server: localhost:2809 (corba) disappeared.
2026-08-27 09:25:47,879 file.manager.namingmanager INFO NameServer connection failed: corba/localhost:2809
2026-08-27 09:25:57,912 file.manager.namingmanager INFO NameServer connection failed: corba/localhost:2809
2026-08-27 09:26:03,890 file.manager.namingmanager INFO NameServer connection succeeded: corba/localhost:2809
2026-08-27 09:26:03,890 file.manager.namingmanager INFO Connected to a name server: corba/localhost:2809
