2026-08-27 19:30:39,624 file.manager INFO 2.0.2
2026-08-27 19:30:39,624 file.manager INFO Copyright (C) 2003-2024, Noriaki Ando and OpenRTM development team,
2026-08-27 19:30:39,624 file.manager INFO   Intelligent Systems Research Institute, AIST,
2026-08-27 19:30:39,624 file.manager INFO Copyright (C) 2024, Noriaki Ando and OpenRTM development team,
2026-08-27 19:30:39,624 file.manager INFO   Industrial Cyber-Physical Research Center, AIST,
2026-08-27 19:30:39,624 file.manager INFO   All right reserved.
2026-08-27 19:30:39,624 file.manager INFO Manager starting.
2026-08-27 19:30:39,624 file.manager INFO Starting local logging.
2026-08-27 19:30:43,709 file.manager.namingmanager INFO NameServer connection failed: corba/localhost
2026-08-27 19:30:47,793 file.ManagerServant INFO Master manager not found
2026-08-27 19:30:47,793 file.LocalServiceAdmin INFO All the local services are enabled.
2026-08-27 19:30:47,793 file.manager INFO Component type conf file: Select_Target.conf loaded.
2026-08-27 19:30:47,793 file.ec_base INFO setRate(1000000.000000) done
2026-08-27 19:30:47,793 file.ec_base INFO setRate(1000.000000) done
2026-08-27 19:30:47,793 file.rtobject INFO 1 execution context was created.
2026-08-27 19:30:47,801 file.rtobject INFO Initial active configuration set is default.
2026-08-27 19:31:02,176 file.manager.namingmanager INFO NameServer connection failed: corba/localhost
2026-08-27 19:31:06,225 file.ManagerServant INFO Master manager not found
2026-08-27 19:31:12,241 file.manager.namingmanager INFO NameServer connection failed: corba/localhost
2026-08-27 19:31:16,356 file.ManagerServant INFO Master manager not found
2026-08-27 19:31:22,240 file.manager.namingmanager INFO NameServer connection failed: corba/localhost
