2026-08-27 21:12:56,981 file.manager INFO 2.0.2
2026-08-27 21:12:56,981 file.manager INFO Copyright (C) 2003-2024, Noriaki Ando and OpenRTM development team,
2026-08-27 21:12:56,981 file.manager INFO   Intelligent Systems Research Institute, AIST,
2026-08-27 21:12:56,981 file.manager INFO Copyright (C) 2024, Noriaki Ando and OpenRTM development team,
2026-08-27 21:12:56,982 file.manager INFO   Industrial Cyber-Physical Research Center, AIST,
2026-08-27 21:12:56,982 file.manager INFO   All right reserved.
2026-08-27 21:12:56,982 file.manager INFO Manager starting.
2026-08-27 21:12:56,982 file.manager INFO Starting local logging.
2026-08-27 21:12:57,005 file.manager.namingmanager INFO NameServer connection succeeded: corba/localhost
2026-08-27 21:13:01,060 file.ManagerServant INFO Master manager not found
2026-08-27 21:13:01,062 file.LocalServiceAdmin INFO All the local services are enabled.
2026-08-27 21:13:01,067 file.manager INFO Component type conf file: Select_Target.conf loaded.
2026-08-27 21:13:01,069 file.ec_base INFO setRate(1000000.000000) done
2026-08-27 21:13:01,070 file.ec_base INFO setRate(1000.000000) done
2026-08-27 21:13:01,071 file.rtobject INFO 1 execution context was created.
2026-08-27 21:13:01,077 file.rtobject INFO Initial active configuration set is default.
2026-08-27 21:13:15,437 file.ManagerServant INFO Master manager not found
2026-08-27 21:13:25,417 file.ManagerServant INFO Master manager not found
2026-08-27 21:13:35,537 file.ManagerServant INFO Master manager not found
2026-08-27 21:13:45,519 file.ManagerServant INFO Master manager not found
2026-08-27 21:13:55,600 file.ManagerServant INFO Master manager not found
2026-08-27 21:14:05,719 file.ManagerServant INFO Master manager not found
2026-08-27 21:14:15,767 file.ManagerServant INFO Master manager not found
2026-08-27 21:14:25,836 file.ManagerServant INFO Master manager not found
2026-08-27 21:14:35,900 file.ManagerServant INFO Master manager not found
2026-08-27 21:14:45,988 file.ManagerServant INFO Master manager not found
2026-08-27 21:14:56,067 file.ManagerServant INFO Master manager not found
2026-08-27 21:15:06,068 file.ManagerServant INFO Master manager not found
2026-08-27 21:15:16,151 file.ManagerServant INFO Master manager not found
2026-08-27 21:15:26,219 file.ManagerServant INFO Master manager not found
