2026-08-27 09:24:54,989 file.manager INFO 2.1.0
2026-08-27 09:24:54,990 file.manager INFO Copyright (C) 2003-2024, Noriaki Ando and OpenRTM development team,
2026-08-27 09:24:54,991 file.manager INFO   Intelligent Systems Research Institute, AIST,
2026-08-27 09:24:54,991 file.manager INFO Copyright (C) 2024, Noriaki Ando and OpenRTM development team,
2026-08-27 09:24:54,991 file.manager INFO   Industrial Cyber-Physical Research Center, AIST,
2026-08-27 09:24:54,992 file.manager INFO   All right reserved.
2026-08-27 09:24:54,992 file.manager INFO Manager starting.
2026-08-27 09:24:54,992 file.manager INFO Starting local logging.
2026-08-27 09:24:55,010 file.manager.namingmanager INFO NameServer connection succeeded: corba/localhost:2809
2026-08-27 09:24:55,080 file.LocalServiceAdmin INFO All the local services are enabled.
2026-08-27 09:24:55,145 file.manager INFO Component type conf file: Image_Recognition.conf loaded.
2026-08-27 09:24:55,149 file.ec_base INFO setRate(1000000.000000) done
2026-08-27 09:24:55,149 file.ec_base INFO setRate(10.000000) done
2026-08-27 09:24:55,150 file.rtobject INFO 1 execution context was created.
2026-08-27 09:24:55,158 file.rtobject INFO Initial active configuration set is default.
2026-08-27 09:25:39,559 file.manager.namingmanager INFO Name server: localhost:2809 (corba) disappeared.
2026-08-27 09:25:49,646 file.manager.namingmanager INFO NameServer connection failed: corba/localhost:2809
2026-08-27 09:25:59,713 file.manager.namingmanager INFO NameServer connection failed: corba/localhost:2809
2026-08-27 09:26:05,707 file.manager.namingmanager INFO NameServer connection succeeded: corba/localhost:2809
2026-08-27 09:26:05,708 file.manager.namingmanager INFO Connected to a name server: corba/localhost:2809
2026-08-27 09:26:50,123 file.ec_base WARNING The component is not responding.
2026-08-27 09:26:51,181 file.ec_base ERROR Unknown error: Invalid state transition.
2026-08-27 09:31:42,265 file.ec_base ERROR The component is not responding.
2026-08-27 09:31:42,266 file.ec_base ERROR Unknown error: Invalid state transition.
