2026-08-26 20:39:38,579 file.manager INFO 2.1.0
2026-08-26 20:39:38,580 file.manager INFO Copyright (C) 2003-2024, Noriaki Ando and OpenRTM development team,
2026-08-26 20:39:38,581 file.manager INFO   Intelligent Systems Research Institute, AIST,
2026-08-26 20:39:38,581 file.manager INFO Copyright (C) 2024, Noriaki Ando and OpenRTM development team,
2026-08-26 20:39:38,581 file.manager INFO   Industrial Cyber-Physical Research Center, AIST,
2026-08-26 20:39:38,582 file.manager INFO   All right reserved.
2026-08-26 20:39:38,582 file.manager INFO Manager starting.
2026-08-26 20:39:38,582 file.manager INFO Starting local logging.
2026-08-26 20:39:38,605 file.manager.namingmanager INFO NameServer connection succeeded: corba/localhost:2809
2026-08-26 20:39:38,607 file.LocalServiceAdmin INFO All the local services are enabled.
2026-08-26 20:39:38,675 file.manager INFO Component type conf file: Image_Recognition.conf loaded.
2026-08-26 20:39:38,679 file.ec_base INFO setRate(1000000.000000) done
2026-08-26 20:39:38,680 file.ec_base INFO setRate(10.000000) done
2026-08-26 20:39:38,681 file.rtobject INFO 1 execution context was created.
2026-08-26 20:39:38,687 file.rtobject INFO Initial active configuration set is default.
2026-08-26 20:40:37,251 file.ec_base WARNING The component is not responding.
2026-08-26 20:40:37,255 file.ec_base ERROR Unknown error: Invalid state transition.
2026-08-26 20:40:44,543 file.ec_base ERROR The component is not responding.
2026-08-26 20:40:44,544 file.ec_base ERROR Unknown error: Invalid state transition.
2026-08-26 20:41:46,468 file.ec_base WARNING The component is not responding.
2026-08-26 20:41:46,475 file.ec_base ERROR Unknown error: Invalid state transition.
2026-08-26 20:44:39,812 file.ec_base ERROR The component is not responding.
2026-08-26 20:44:39,813 file.ec_base ERROR Unknown error: Invalid state transition.
