2026-08-27 10:46:17,483 file.manager INFO 2.1.0
2026-08-27 10:46:17,484 file.manager INFO Copyright (C) 2003-2024, Noriaki Ando and OpenRTM development team,
2026-08-27 10:46:17,484 file.manager INFO   Intelligent Systems Research Institute, AIST,
2026-08-27 10:46:17,484 file.manager INFO Copyright (C) 2024, Noriaki Ando and OpenRTM development team,
2026-08-27 10:46:17,485 file.manager INFO   Industrial Cyber-Physical Research Center, AIST,
2026-08-27 10:46:17,485 file.manager INFO   All right reserved.
2026-08-27 10:46:17,485 file.manager INFO Manager starting.
2026-08-27 10:46:17,486 file.manager INFO Starting local logging.
2026-08-27 10:46:17,511 file.manager.namingmanager INFO NameServer connection succeeded: corba/localhost:2809
2026-08-27 10:46:17,580 file.LocalServiceAdmin INFO All the local services are enabled.
2026-08-27 10:46:17,638 file.manager INFO Component type conf file: Image_Recognition.conf loaded.
2026-08-27 10:46:17,642 file.ec_base INFO setRate(1000000.000000) done
2026-08-27 10:46:17,642 file.ec_base INFO setRate(10.000000) done
2026-08-27 10:46:17,643 file.rtobject INFO 1 execution context was created.
2026-08-27 10:46:17,650 file.rtobject INFO Initial active configuration set is default.
2026-08-27 10:46:49,536 file.SdoServiceAdmin WARNING No available SDO service in the factory: 
2026-08-27 10:46:49,537 file.SdoServiceAdmin ERROR type  not exists.
2026-08-27 10:47:05,862 file.ec_base WARNING The component is not responding.
2026-08-27 10:47:06,785 file.ec_base ERROR Unknown error: Invalid state transition.
2026-08-27 11:28:49,034 file.ec_base ERROR The component is not responding.
2026-08-27 11:28:49,035 file.ec_base ERROR Unknown error: Invalid state transition.
