2026-08-27 11:43:45,162 file.manager INFO 2.1.0
2026-08-27 11:43:45,163 file.manager INFO Copyright (C) 2003-2024, Noriaki Ando and OpenRTM development team,
2026-08-27 11:43:45,164 file.manager INFO   Intelligent Systems Research Institute, AIST,
2026-08-27 11:43:45,164 file.manager INFO Copyright (C) 2024, Noriaki Ando and OpenRTM development team,
2026-08-27 11:43:45,165 file.manager INFO   Industrial Cyber-Physical Research Center, AIST,
2026-08-27 11:43:45,165 file.manager INFO   All right reserved.
2026-08-27 11:43:45,165 file.manager INFO Manager starting.
2026-08-27 11:43:45,166 file.manager INFO Starting local logging.
2026-08-27 11:43:45,191 file.manager.namingmanager INFO NameServer connection succeeded: corba/localhost:2809
2026-08-27 11:43:45,193 file.LocalServiceAdmin INFO All the local services are enabled.
2026-08-27 11:43:45,261 file.manager INFO Component type conf file: Image_Recognition.conf loaded.
2026-08-27 11:43:45,265 file.ec_base INFO setRate(1000000.000000) done
2026-08-27 11:43:45,266 file.ec_base INFO setRate(10.000000) done
2026-08-27 11:43:45,267 file.rtobject INFO 1 execution context was created.
2026-08-27 11:43:45,275 file.rtobject INFO Initial active configuration set is default.
2026-08-27 11:44:09,963 file.SdoServiceAdmin WARNING No available SDO service in the factory: 
2026-08-27 11:44:09,964 file.SdoServiceAdmin ERROR type  not exists.
2026-08-27 11:44:40,981 file.ec_base WARNING The component is not responding.
2026-08-27 11:44:40,990 file.ec_base ERROR Unknown error: Invalid state transition.
2026-08-27 11:48:16,232 file.ec_base ERROR The component is not responding.
2026-08-27 11:48:16,233 file.ec_base ERROR Unknown error: Invalid state transition.
