2026-08-26 14:39:24,696 file.manager INFO 2.1.0
2026-08-26 14:39:24,698 file.manager INFO Copyright (C) 2003-2024, Noriaki Ando and OpenRTM development team,
2026-08-26 14:39:24,700 file.manager INFO   Intelligent Systems Research Institute, AIST,
2026-08-26 14:39:24,700 file.manager INFO Copyright (C) 2024, Noriaki Ando and OpenRTM development team,
2026-08-26 14:39:24,700 file.manager INFO   Industrial Cyber-Physical Research Center, AIST,
2026-08-26 14:39:24,701 file.manager INFO   All right reserved.
2026-08-26 14:39:24,701 file.manager INFO Manager starting.
2026-08-26 14:39:24,701 file.manager INFO Starting local logging.
2026-08-26 14:39:24,733 file.manager.namingmanager INFO NameServer connection succeeded: corba/localhost:2809
2026-08-26 14:39:24,735 file.LocalServiceAdmin INFO All the local services are enabled.
2026-08-26 14:39:24,890 file.manager INFO Component type conf file: Image_Recognition.conf loaded.
2026-08-26 14:39:24,894 file.ec_base INFO setRate(1000000.000000) done
2026-08-26 14:39:24,895 file.ec_base INFO setRate(10.000000) done
2026-08-26 14:39:24,896 file.rtobject INFO 1 execution context was created.
2026-08-26 14:39:24,905 file.rtobject INFO Initial active configuration set is default.
2026-08-26 14:39:34,955 file.ec_worker ERROR State of the RTC is not ACTIVE_STATE.
2026-08-26 14:39:44,575 file.ec_base WARNING The component is not responding.
2026-08-26 14:39:44,576 file.ec_base ERROR Unknown error: Invalid state transition.
2026-08-26 14:46:31,740 file.ec_base ERROR The component is not responding.
2026-08-26 14:46:31,740 file.ec_base ERROR Unknown error: Invalid state transition.
