2026-08-27 10:42:16,774 file.manager INFO 2.1.0
2026-08-27 10:42:16,776 file.manager INFO Copyright (C) 2003-2024, Noriaki Ando and OpenRTM development team,
2026-08-27 10:42:16,776 file.manager INFO   Intelligent Systems Research Institute, AIST,
2026-08-27 10:42:16,776 file.manager INFO Copyright (C) 2024, Noriaki Ando and OpenRTM development team,
2026-08-27 10:42:16,777 file.manager INFO   Industrial Cyber-Physical Research Center, AIST,
2026-08-27 10:42:16,777 file.manager INFO   All right reserved.
2026-08-27 10:42:16,778 file.manager INFO Manager starting.
2026-08-27 10:42:16,778 file.manager INFO Starting local logging.
2026-08-27 10:42:16,804 file.manager.namingmanager INFO NameServer connection succeeded: corba/localhost:2809
2026-08-27 10:42:16,822 file.LocalServiceAdmin INFO All the local services are enabled.
2026-08-27 10:42:16,884 file.manager INFO Component type conf file: Image_Recognition.conf loaded.
2026-08-27 10:42:16,888 file.ec_base INFO setRate(1000000.000000) done
2026-08-27 10:42:16,888 file.ec_base INFO setRate(10.000000) done
2026-08-27 10:42:16,890 file.rtobject INFO 1 execution context was created.
2026-08-27 10:42:16,895 file.rtobject INFO Initial active configuration set is default.
2026-08-27 10:42:32,215 file.SdoServiceAdmin WARNING No available SDO service in the factory: 
2026-08-27 10:42:32,215 file.SdoServiceAdmin ERROR type  not exists.
2026-08-27 10:43:02,304 file.ec_base WARNING The component is not responding.
2026-08-27 10:43:03,254 file.ec_base ERROR Unknown error: Invalid state transition.
2026-08-27 10:45:22,529 file.ec_base ERROR The component is not responding.
2026-08-27 10:45:22,543 file.ec_base ERROR Unknown error: Invalid state transition.
