2026-08-27 01:00:33,603 file.manager INFO 2.1.0
2026-08-27 01:00:33,603 file.manager INFO Copyright (C) 2003-2024, Noriaki Ando and OpenRTM development team,
2026-08-27 01:00:33,604 file.manager INFO   Intelligent Systems Research Institute, AIST,
2026-08-27 01:00:33,604 file.manager INFO Copyright (C) 2024, Noriaki Ando and OpenRTM development team,
2026-08-27 01:00:33,604 file.manager INFO   Industrial Cyber-Physical Research Center, AIST,
2026-08-27 01:00:33,605 file.manager INFO   All right reserved.
2026-08-27 01:00:33,605 file.manager INFO Manager starting.
2026-08-27 01:00:33,605 file.manager INFO Starting local logging.
2026-08-27 01:00:33,631 file.manager.namingmanager INFO NameServer connection succeeded: corba/localhost:2809
2026-08-27 01:00:33,634 file.LocalServiceAdmin INFO All the local services are enabled.
2026-08-27 01:00:33,700 file.manager INFO Component type conf file: Image_Recognition.conf loaded.
2026-08-27 01:00:33,705 file.ec_base INFO setRate(1000000.000000) done
2026-08-27 01:00:33,705 file.ec_base INFO setRate(10.000000) done
2026-08-27 01:00:33,708 file.rtobject INFO 1 execution context was created.
2026-08-27 01:00:33,716 file.rtobject INFO Initial active configuration set is default.
2026-08-27 01:01:01,541 file.SdoServiceAdmin WARNING No available SDO service in the factory: 
2026-08-27 01:01:01,541 file.SdoServiceAdmin ERROR type  not exists.
2026-08-27 01:01:18,843 file.ec_base WARNING The component is not responding.
2026-08-27 01:01:18,844 file.ec_base ERROR Unknown error: Invalid state transition.
2026-08-27 01:03:43,912 file.ec_base ERROR The component is not responding.
2026-08-27 01:03:43,912 file.ec_base ERROR Unknown error: Invalid state transition.
