2026-08-26 13:29:49,136 file.manager INFO 2.1.0
2026-08-26 13:29:49,136 file.manager INFO Copyright (C) 2003-2024, Noriaki Ando and OpenRTM development team,
2026-08-26 13:29:49,137 file.manager INFO   Intelligent Systems Research Institute, AIST,
2026-08-26 13:29:49,137 file.manager INFO Copyright (C) 2024, Noriaki Ando and OpenRTM development team,
2026-08-26 13:29:49,137 file.manager INFO   Industrial Cyber-Physical Research Center, AIST,
2026-08-26 13:29:49,138 file.manager INFO   All right reserved.
2026-08-26 13:29:49,138 file.manager INFO Manager starting.
2026-08-26 13:29:49,139 file.manager INFO Starting local logging.
2026-08-26 13:29:49,163 file.manager.namingmanager INFO NameServer connection succeeded: corba/localhost
2026-08-26 13:29:53,302 file.ManagerServant INFO Master manager not found
2026-08-26 13:29:53,304 file.LocalServiceAdmin INFO All the local services are enabled.
2026-08-26 13:29:53,435 file.manager INFO Component type conf file: Image_Recognition.conf loaded.
2026-08-26 13:29:53,438 file.ec_base INFO setRate(1000000.000000) done
2026-08-26 13:29:53,438 file.ec_base INFO setRate(10.000000) done
2026-08-26 13:29:53,439 file.rtobject INFO 1 execution context was created.
2026-08-26 13:29:53,445 file.rtobject INFO Initial active configuration set is default.
2026-08-26 13:30:07,571 file.ManagerServant INFO Master manager not found
2026-08-26 13:30:17,653 file.ManagerServant INFO Master manager not found
2026-08-26 13:30:27,693 file.ManagerServant INFO Master manager not found
2026-08-26 13:30:37,731 file.ManagerServant INFO Master manager not found
2026-08-26 13:30:47,780 file.ManagerServant INFO Master manager not found
2026-08-26 13:31:04,720 file.ec_base WARNING The component is not responding.
2026-08-26 13:31:08,782 file.ManagerServant INFO Master manager not found
2026-08-26 13:31:18,869 file.ManagerServant INFO Master manager not found
