2026-08-26 12:57:03,259 file.manager INFO 2.1.0
2026-08-26 12:57:03,259 file.manager INFO Copyright (C) 2003-2024, Noriaki Ando and OpenRTM development team,
2026-08-26 12:57:03,259 file.manager INFO   Intelligent Systems Research Institute, AIST,
2026-08-26 12:57:03,259 file.manager INFO Copyright (C) 2024, Noriaki Ando and OpenRTM development team,
2026-08-26 12:57:03,259 file.manager INFO   Industrial Cyber-Physical Research Center, AIST,
2026-08-26 12:57:03,259 file.manager INFO   All right reserved.
2026-08-26 12:57:03,259 file.manager INFO Manager starting.
2026-08-26 12:57:03,260 file.manager INFO Starting local logging.
2026-08-26 12:57:03,305 file.manager.namingmanager INFO NameServer connection succeeded: corba/localhost
2026-08-26 12:57:07,391 file.ManagerServant INFO Master manager not found
2026-08-26 12:57:07,395 file.LocalServiceAdmin INFO All the local services are enabled.
2026-08-26 12:57:07,510 file.manager INFO Component type conf file: Image_Recognition.conf loaded.
2026-08-26 12:57:07,514 file.ec_base INFO setRate(1000000.000000) done
2026-08-26 12:57:07,515 file.ec_base INFO setRate(10.000000) done
2026-08-26 12:57:07,517 file.rtobject INFO 1 execution context was created.
2026-08-26 12:57:07,524 file.rtobject INFO Initial active configuration set is default.
2026-08-26 12:57:21,731 file.ManagerServant INFO Master manager not found
2026-08-26 12:57:31,792 file.ManagerServant INFO Master manager not found
2026-08-26 12:57:41,863 file.ManagerServant INFO Master manager not found
2026-08-26 12:57:51,900 file.ManagerServant INFO Master manager not found
2026-08-26 12:58:01,948 file.ManagerServant INFO Master manager not found
2026-08-26 12:58:11,985 file.ManagerServant INFO Master manager not found
2026-08-26 12:58:22,008 file.ManagerServant INFO Master manager not found
2026-08-26 12:58:32,026 file.ManagerServant INFO Master manager not found
2026-08-26 12:58:42,041 file.ManagerServant INFO Master manager not found
2026-08-26 12:58:52,065 file.ManagerServant INFO Master manager not found
2026-08-26 12:59:02,089 file.ManagerServant INFO Master manager not found
2026-08-26 12:59:12,102 file.ManagerServant INFO Master manager not found
2026-08-26 12:59:22,128 file.ManagerServant INFO Master manager not found
2026-08-26 12:59:32,179 file.ManagerServant INFO Master manager not found
2026-08-26 12:59:42,197 file.ManagerServant INFO Master manager not found
2026-08-26 12:59:52,225 file.ManagerServant INFO Master manager not found
2026-08-26 13:00:02,260 file.ManagerServant INFO Master manager not found
2026-08-26 13:00:12,257 file.ManagerServant INFO Master manager not found
2026-08-26 13:00:22,404 file.ManagerServant INFO Master manager not found
2026-08-26 13:00:32,455 file.ManagerServant INFO Master manager not found
2026-08-26 13:00:42,483 file.ManagerServant INFO Master manager not found
2026-08-26 13:00:52,544 file.ManagerServant INFO Master manager not found
2026-08-26 13:01:02,558 file.ManagerServant INFO Master manager not found
2026-08-26 13:01:12,595 file.ManagerServant INFO Master manager not found
2026-08-26 13:01:22,617 file.ManagerServant INFO Master manager not found
2026-08-26 13:01:32,650 file.ManagerServant INFO Master manager not found
2026-08-26 13:01:42,663 file.ManagerServant INFO Master manager not found
2026-08-26 13:01:52,698 file.ManagerServant INFO Master manager not found
2026-08-26 13:02:02,692 file.ManagerServant INFO Master manager not found
2026-08-26 13:02:12,826 file.ManagerServant INFO Master manager not found
2026-08-26 13:02:22,828 file.ManagerServant INFO Master manager not found
2026-08-26 13:02:32,872 file.ManagerServant INFO Master manager not found
2026-08-26 13:02:42,882 file.ManagerServant INFO Master manager not found
2026-08-26 13:02:52,899 file.ManagerServant INFO Master manager not found
2026-08-26 13:03:02,950 file.ManagerServant INFO Master manager not found
2026-08-26 13:03:12,975 file.ManagerServant INFO Master manager not found
2026-08-26 13:03:22,987 file.ManagerServant INFO Master manager not found
2026-08-26 13:03:32,994 file.ManagerServant INFO Master manager not found
2026-08-26 13:03:43,020 file.ManagerServant INFO Master manager not found
2026-08-26 13:03:53,032 file.ManagerServant INFO Master manager not found
2026-08-26 13:04:03,050 file.ManagerServant INFO Master manager not found
2026-08-26 13:04:13,115 file.ManagerServant INFO Master manager not found
2026-08-26 13:04:23,167 file.ManagerServant INFO Master manager not found
