2026-08-26 15:41:52,495 file.manager INFO 2.1.0
2026-08-26 15:41:52,496 file.manager INFO Copyright (C) 2003-2024, Noriaki Ando and OpenRTM development team,
2026-08-26 15:41:52,496 file.manager INFO   Intelligent Systems Research Institute, AIST,
2026-08-26 15:41:52,497 file.manager INFO Copyright (C) 2024, Noriaki Ando and OpenRTM development team,
2026-08-26 15:41:52,497 file.manager INFO   Industrial Cyber-Physical Research Center, AIST,
2026-08-26 15:41:52,497 file.manager INFO   All right reserved.
2026-08-26 15:41:52,497 file.manager INFO Manager starting.
2026-08-26 15:41:52,497 file.manager INFO Starting local logging.
2026-08-26 15:41:52,537 file.manager.namingmanager INFO NameServer connection succeeded: corba/localhost:2809
2026-08-26 15:41:52,539 file.LocalServiceAdmin INFO All the local services are enabled.
2026-08-26 15:41:52,591 file.manager INFO Component type conf file: Image_Recognition.conf loaded.
2026-08-26 15:41:52,593 file.ec_base INFO setRate(1000000.000000) done
2026-08-26 15:41:52,593 file.ec_base INFO setRate(10.000000) done
2026-08-26 15:41:52,594 file.rtobject INFO 1 execution context was created.
2026-08-26 15:41:52,598 file.rtobject INFO Initial active configuration set is default.
2026-08-26 15:41:58,790 file.SdoServiceAdmin WARNING No available SDO service in the factory: 
2026-08-26 15:41:58,791 file.SdoServiceAdmin ERROR type  not exists.
2026-08-26 15:42:17,094 file.ec_base WARNING The component is not responding.
2026-08-26 15:42:17,096 file.ec_base ERROR Unknown error: Invalid state transition.
2026-08-26 15:53:40,357 file.ec_base ERROR The component is not responding.
2026-08-26 15:53:40,359 file.ec_base ERROR Unknown error: Invalid state transition.
2026-08-26 15:54:25,106 file.ec_base WARNING The component is not responding.
2026-08-26 15:54:25,107 file.ec_base ERROR Unknown error: Invalid state transition.
2026-08-26 16:07:31,854 file.ec_base ERROR The component is not responding.
2026-08-26 16:07:31,858 file.ec_base ERROR Unknown error: Invalid state transition.
2026-08-26 16:08:03,473 file.ec_base WARNING The component is not responding.
2026-08-26 16:08:03,474 file.ec_base ERROR Unknown error: Invalid state transition.
2026-08-26 16:10:06,256 file.ec_base ERROR The component is not responding.
2026-08-26 16:10:06,265 file.ec_base ERROR Unknown error: Invalid state transition.
