2026-08-27 09:54:23,048 file.manager INFO 2.1.0
2026-08-27 09:54:23,049 file.manager INFO Copyright (C) 2003-2024, Noriaki Ando and OpenRTM development team,
2026-08-27 09:54:23,050 file.manager INFO   Intelligent Systems Research Institute, AIST,
2026-08-27 09:54:23,050 file.manager INFO Copyright (C) 2024, Noriaki Ando and OpenRTM development team,
2026-08-27 09:54:23,050 file.manager INFO   Industrial Cyber-Physical Research Center, AIST,
2026-08-27 09:54:23,051 file.manager INFO   All right reserved.
2026-08-27 09:54:23,051 file.manager INFO Manager starting.
2026-08-27 09:54:23,051 file.manager INFO Starting local logging.
2026-08-27 09:54:23,082 file.manager.namingmanager INFO NameServer connection succeeded: corba/localhost:2809
2026-08-27 09:54:23,083 file.LocalServiceAdmin INFO All the local services are enabled.
2026-08-27 09:54:23,157 file.manager INFO Component type conf file: Image_Recognition.conf loaded.
2026-08-27 09:54:23,166 file.ec_base INFO setRate(1000000.000000) done
2026-08-27 09:54:23,167 file.ec_base INFO setRate(10.000000) done
2026-08-27 09:54:23,168 file.rtobject INFO 1 execution context was created.
2026-08-27 09:54:23,179 file.rtobject INFO Initial active configuration set is default.
2026-08-27 09:55:20,612 file.ec_base WARNING The component is not responding.
2026-08-27 09:55:20,625 file.ec_base ERROR Unknown error: Invalid state transition.
2026-08-27 09:55:30,417 file.ec_base ERROR The component is not responding.
2026-08-27 09:55:30,418 file.ec_base ERROR Unknown error: Invalid state transition.
2026-08-27 09:55:41,413 file.ec_base WARNING The component is not responding.
2026-08-27 09:55:41,421 file.ec_base ERROR Unknown error: Invalid state transition.
2026-08-27 10:13:09,507 file.ec_base ERROR The component is not responding.
2026-08-27 10:13:09,508 file.ec_base ERROR Unknown error: Invalid state transition.
