2026-08-26 20:47:04,442 file.manager INFO 2.1.0
2026-08-26 20:47:04,442 file.manager INFO Copyright (C) 2003-2024, Noriaki Ando and OpenRTM development team,
2026-08-26 20:47:04,443 file.manager INFO   Intelligent Systems Research Institute, AIST,
2026-08-26 20:47:04,443 file.manager INFO Copyright (C) 2024, Noriaki Ando and OpenRTM development team,
2026-08-26 20:47:04,443 file.manager INFO   Industrial Cyber-Physical Research Center, AIST,
2026-08-26 20:47:04,444 file.manager INFO   All right reserved.
2026-08-26 20:47:04,444 file.manager INFO Manager starting.
2026-08-26 20:47:04,444 file.manager INFO Starting local logging.
2026-08-26 20:47:04,465 file.manager.namingmanager INFO NameServer connection succeeded: corba/localhost:2809
2026-08-26 20:47:04,544 file.LocalServiceAdmin INFO All the local services are enabled.
2026-08-26 20:47:04,602 file.manager INFO Component type conf file: Image_Recognition.conf loaded.
2026-08-26 20:47:04,606 file.ec_base INFO setRate(1000000.000000) done
2026-08-26 20:47:04,606 file.ec_base INFO setRate(10.000000) done
2026-08-26 20:47:04,607 file.rtobject INFO 1 execution context was created.
2026-08-26 20:47:04,612 file.rtobject INFO Initial active configuration set is default.
2026-08-26 20:47:22,096 file.SdoServiceAdmin WARNING No available SDO service in the factory: 
2026-08-26 20:47:22,097 file.SdoServiceAdmin ERROR type  not exists.
2026-08-26 20:47:35,773 file.ec_base WARNING The component is not responding.
2026-08-26 20:47:35,776 file.ec_base ERROR Unknown error: Invalid state transition.
2026-08-26 20:50:26,323 file.ec_base ERROR The component is not responding.
2026-08-26 20:50:26,324 file.ec_base ERROR Unknown error: Invalid state transition.
