2026-08-27 10:15:22,163 file.manager INFO 2.1.0
2026-08-27 10:15:22,164 file.manager INFO Copyright (C) 2003-2024, Noriaki Ando and OpenRTM development team,
2026-08-27 10:15:22,166 file.manager INFO   Intelligent Systems Research Institute, AIST,
2026-08-27 10:15:22,166 file.manager INFO Copyright (C) 2024, Noriaki Ando and OpenRTM development team,
2026-08-27 10:15:22,166 file.manager INFO   Industrial Cyber-Physical Research Center, AIST,
2026-08-27 10:15:22,167 file.manager INFO   All right reserved.
2026-08-27 10:15:22,167 file.manager INFO Manager starting.
2026-08-27 10:15:22,168 file.manager INFO Starting local logging.
2026-08-27 10:15:22,189 file.manager.namingmanager INFO NameServer connection succeeded: corba/localhost:2809
2026-08-27 10:15:22,246 file.LocalServiceAdmin INFO All the local services are enabled.
2026-08-27 10:15:22,303 file.manager INFO Component type conf file: Image_Recognition.conf loaded.
2026-08-27 10:15:22,306 file.ec_base INFO setRate(1000000.000000) done
2026-08-27 10:15:22,307 file.ec_base INFO setRate(10.000000) done
2026-08-27 10:15:22,308 file.rtobject INFO 1 execution context was created.
2026-08-27 10:15:22,313 file.rtobject INFO Initial active configuration set is default.
2026-08-27 10:15:51,037 file.SdoServiceAdmin WARNING No available SDO service in the factory: 
2026-08-27 10:15:51,037 file.SdoServiceAdmin ERROR type  not exists.
2026-08-27 10:16:11,591 file.ec_base WARNING The component is not responding.
2026-08-27 10:16:12,417 file.ec_base ERROR Unknown error: Invalid state transition.
2026-08-27 10:35:43,229 file.ec_base ERROR The component is not responding.
2026-08-27 10:35:43,230 file.ec_base ERROR Unknown error: Invalid state transition.
